Archive member included to satisfy reference by file (symbol)

/home/thesis/Desktop/optee_rpi3bplus/optee_os/out/arm/export-ta_arm64/lib/libutils.a(bget_malloc.o)
                              ./tds_storage.o (calloc)
/home/thesis/Desktop/optee_rpi3bplus/optee_os/out/arm/export-ta_arm64/lib/libutils.a(memcpy.o)
                              ./trusted_data_store.o (memcpy)
/home/thesis/Desktop/optee_rpi3bplus/optee_os/out/arm/export-ta_arm64/lib/libutils.a(memset.o)
                              /home/thesis/Desktop/optee_rpi3bplus/optee_os/out/arm/export-ta_arm64/lib/libutils.a(bget_malloc.o) (memset)
/home/thesis/Desktop/optee_rpi3bplus/optee_os/out/arm/export-ta_arm64/lib/libutils.a(strlen.o)
                              ./tds_storage.o (strlen)
/home/thesis/Desktop/optee_rpi3bplus/optee_os/out/arm/export-ta_arm64/lib/libutee.a(assert.o)
                              /home/thesis/Desktop/optee_rpi3bplus/optee_os/out/arm/export-ta_arm64/lib/libutils.a(bget_malloc.o) (_assert_log)
/home/thesis/Desktop/optee_rpi3bplus/optee_os/out/arm/export-ta_arm64/lib/libutee.a(tee_api_objects.o)
                              ./tds_storage.o (TEE_CloseObject)
/home/thesis/Desktop/optee_rpi3bplus/optee_os/out/arm/export-ta_arm64/lib/libutee.a(tee_api_panic.o)
                              /home/thesis/Desktop/optee_rpi3bplus/optee_os/out/arm/export-ta_arm64/lib/libutee.a(tee_api_objects.o) (TEE_Panic)
/home/thesis/Desktop/optee_rpi3bplus/optee_os/out/arm/export-ta_arm64/lib/libutee.a(user_ta_entry.o)
                              ./user_ta_header.o (__utee_entry)
/home/thesis/Desktop/optee_rpi3bplus/optee_os/out/arm/export-ta_arm64/lib/libutee.a(utee_syscalls_a64.o)
                              /home/thesis/Desktop/optee_rpi3bplus/optee_os/out/arm/export-ta_arm64/lib/libutee.a(assert.o) (utee_panic)
/home/thesis/Desktop/optee_rpi3bplus/optee_os/out/arm/export-ta_arm64/lib/libutee.a(tee_api.o)
                              /home/thesis/Desktop/optee_rpi3bplus/optee_os/out/arm/export-ta_arm64/lib/libutee.a(user_ta_entry.o) (__utee_from_param)
/home/thesis/Desktop/optee_rpi3bplus/optee_os/out/arm/export-ta_arm64/lib/libutee.a(tee_api_arith_mpi.o)
                              /home/thesis/Desktop/optee_rpi3bplus/optee_os/out/arm/export-ta_arm64/lib/libutee.a(user_ta_entry.o) (_TEE_MathAPI_Init)
/home/thesis/Desktop/optee_rpi3bplus/optee_os/out/arm/export-ta_arm64/lib/libutee.a(trace_ext.o)
                              /home/thesis/Desktop/optee_rpi3bplus/optee_os/out/arm/export-ta_arm64/lib/libutee.a(tee_api_arith_mpi.o) (printf)
/home/thesis/Desktop/optee_rpi3bplus/optee_os/out/arm/export-ta_arm64/lib/libmbedtls.a(bignum.o)
                              /home/thesis/Desktop/optee_rpi3bplus/optee_os/out/arm/export-ta_arm64/lib/libutee.a(tee_api_arith_mpi.o) (mbedtls_mpi_init_mempool)
/home/thesis/Desktop/optee_rpi3bplus/optee_os/out/arm/export-ta_arm64/lib/libmbedtls.a(platform_util.o)
                              /home/thesis/Desktop/optee_rpi3bplus/optee_os/out/arm/export-ta_arm64/lib/libmbedtls.a(bignum.o) (mbedtls_platform_zeroize)
./hashtable//libhashtable.a(entry.o)
                              ./tds_storage.o (create_entry)
./hashtable//libhashtable.a(hashtable.o)
                              ./tds_storage.o (new_hashtable)
./hashtable//libhashtable.a(hashtable_iterator.o)
                              ./tds_storage.o (create_hashtable_iterator)
./hashtable//libhashtable.a(prime.o)
                              ./hashtable//libhashtable.a(hashtable.o) (next_prime)
./data_store//libdata_store.a(data_store.o)
                              ./tds_storage.o (new_data_store)
./data_store//libdata_store.a(data.o)
                              ./data_store//libdata_store.a(data_store.o) (create_data_struct)
/home/thesis/Desktop/optee_rpi3bplus/optee_os/out/arm/export-ta_arm64/lib/libutils.a(snprintf.o)
                              /home/thesis/Desktop/optee_rpi3bplus/optee_os/out/arm/export-ta_arm64/lib/libutee.a(trace_ext.o) (vsnprintf)
/home/thesis/Desktop/optee_rpi3bplus/optee_os/out/arm/export-ta_arm64/lib/libutils.a(strdup.o)
                              ./hashtable//libhashtable.a(entry.o) (strdup)
/home/thesis/Desktop/optee_rpi3bplus/optee_os/out/arm/export-ta_arm64/lib/libutils.a(memmove.o)
                              /home/thesis/Desktop/optee_rpi3bplus/optee_os/out/arm/export-ta_arm64/lib/libutee.a(tee_api.o) (memmove)
/home/thesis/Desktop/optee_rpi3bplus/optee_os/out/arm/export-ta_arm64/lib/libutils.a(strcmp.o)
                              ./hashtable//libhashtable.a(hashtable.o) (strcmp)
/home/thesis/Desktop/optee_rpi3bplus/optee_os/out/arm/export-ta_arm64/lib/libutils.a(snprintk.o)
                              /home/thesis/Desktop/optee_rpi3bplus/optee_os/out/arm/export-ta_arm64/lib/libutils.a(snprintf.o) (__vsnprintf)
/home/thesis/Desktop/optee_rpi3bplus/optee_os/out/arm/export-ta_arm64/lib/libutils.a(trace.o)
[...]
Memory Configuration

Name             Origin             Length             Attributes
*default*        0x0000000000000000 0xffffffffffffffff

Linker script and memory map


.ta_head        0x0000000000000000       0x20
 *(SORT_BY_ALIGNMENT(.ta_head))
 .ta_head       0x0000000000000000       0x20 ./user_ta_header.o
                0x0000000000000000                ta_head

.text           0x0000000000000020     0xa3ec
                0x0000000000000020                __text_start = .
 *(SORT_BY_ALIGNMENT(.text) SORT_BY_ALIGNMENT(.text.*))
 .text          0x0000000000000020      0x1e8 ./trusted_data_store.o
                0x0000000000000020                TA_CreateEntryPoint
                0x000000000000002c                TA_DestroyEntryPoint
                0x0000000000000044                TA_OpenSessionEntryPoint
                0x0000000000000054                TA_CloseSessionEntryPoint
                0x0000000000000058                TA_InvokeCommandEntryPoint
 .text          0x0000000000000208      0x444 ./tds_storage.o
                0x0000000000000274                load_data_store
                0x0000000000000490                save_data_store
 .text          0x000000000000064c       0x1c ./user_ta_header.o
                0x000000000000064c                __ta_entry
                0x0000000000000660                tahead_get_trace_level
 .text          0x0000000000000668      0xc10 /home/thesis/Desktop/optee_rpi3bplus/optee_os/out/arm/export-ta_arm64/lib/libutils.a(bget_malloc.o)
                0x00000000000006ac                bget
                0x000000000000086c                bgetz
                0x00000000000008f8                brel
                0x0000000000000bb4                bgetr
                0x0000000000000c80                bpool
                0x0000000000000d54                bstats
                0x0000000000000dec                malloc_reset_stats
                0x0000000000000e04                malloc_get_stats
                0x0000000000000e3c                malloc
                0x0000000000000e8c                calloc
                0x0000000000000ef0                realloc
                0x0000000000000f40                free
                0x0000000000000f58                free_wipe
                0x0000000000000f70                malloc_add_pool
                0x000000000000108c                malloc_buffer_is_within_alloced
                0x000000000000120c                malloc_buffer_overlaps_heap
 .text          0x0000000000001278       0x20 /home/thesis/Desktop/optee_rpi3bplus/optee_os/out/arm/export-ta_arm64/lib/libutils.a(memcpy.o)
                0x0000000000001278                memcpy
 .text          0x0000000000001298       0x1c /home/thesis/Desktop/optee_rpi3bplus/optee_os/out/arm/export-ta_arm64/lib/libutils.a(memset.o)
                0x0000000000001298                memset
 .text          0x00000000000012b4       0x1c /home/thesis/Desktop/optee_rpi3bplus/optee_os/out/arm/export-ta_arm64/lib/libutils.a(strlen.o)
                0x00000000000012b4                strlen
 .text          0x00000000000012d0       0x58 /home/thesis/Desktop/optee_rpi3bplus/optee_os/out/arm/export-ta_arm64/lib/libutee.a(assert.o)
                0x00000000000012d0                _assert_log
                0x0000000000001314                _assert_break
 .text          0x0000000000001328      0xd04 /home/thesis/Desktop/optee_rpi3bplus/optee_os/out/arm/export-ta_arm64/lib/libutee.a(tee_api_objects.o)
                0x0000000000001328                __utee_from_attr
                0x0000000000001378                TEE_GetObjectInfo
                0x00000000000013c0                TEE_GetObjectInfo1
                0x0000000000001400                TEE_RestrictObjectUsage1
                0x0000000000001444                TEE_RestrictObjectUsage
                0x0000000000001494                TEE_GetObjectBufferAttribute
                0x0000000000001540                TEE_GetObjectValueAttribute
                0x0000000000001614                TEE_CloseObject
                0x000000000000163c                TEE_AllocateTransientObject
                0x00000000000016a0                TEE_FreeTransientObject
                0x00000000000016f4                TEE_ResetTransientObject
                0x0000000000001748                TEE_PopulateTransientObject
                0x0000000000001808                TEE_InitRefAttribute
                0x000000000000185c                TEE_InitValueAttribute
                0x00000000000018ac                TEE_CopyObjectAttributes1
                0x0000000000001958                TEE_CopyObjectAttributes
                0x00000000000019ac                TEE_GenerateKey
                0x0000000000001a34                TEE_OpenPersistentObject
                0x0000000000001af4                TEE_CreatePersistentObject
                0x0000000000001bb8                TEE_CloseAndDeletePersistentObject1
                0x0000000000001c00                TEE_CloseAndDeletePersistentObject
                0x0000000000001c2c                TEE_RenamePersistentObject
                0x0000000000001ca0                TEE_AllocatePersistentObjectEnumerator
                0x0000000000001d00                TEE_FreePersistentObjectEnumerator
                0x0000000000001d28                TEE_ResetPersistentObjectEnumerator
                0x0000000000001d50                TEE_StartPersistentObjectEnumerator
                0x0000000000001da0                TEE_GetNextPersistentObject
                0x0000000000001e20                TEE_ReadObjectData
                0x0000000000001e8c                TEE_WriteObjectData
                0x0000000000001ef4                TEE_TruncateObjectData
                0x0000000000001f54                TEE_SeekObjectData
 .text          0x000000000000202c        0x8 /home/thesis/Desktop/optee_rpi3bplus/optee_os/out/arm/export-ta_arm64/lib/libutee.a(tee_api_panic.o)
                0x000000000000202c                TEE_Panic
 .text          0x0000000000002034      0x2cc /home/thesis/Desktop/optee_rpi3bplus/optee_os/out/arm/export-ta_arm64/lib/libutee.a(user_ta_entry.o)
                0x0000000000002104                __utee_entry
 .text.utee_panic
                0x0000000000002300        0xc /home/thesis/Desktop/optee_rpi3bplus/optee_os/out/arm/export-ta_arm64/lib/libutee.a(utee_syscalls_a64.o)
                0x0000000000002300                utee_panic
 .text.utee_return
                0x000000000000230c        0xc /home/thesis/Desktop/optee_rpi3bplus/optee_os/out/arm/export-ta_arm64/lib/libutee.a(utee_syscalls_a64.o)
                0x000000000000230c                utee_return
 .text.utee_log
                0x0000000000002318        0xc /home/thesis/Desktop/optee_rpi3bplus/optee_os/out/arm/export-ta_arm64/lib/libutee.a(utee_syscalls_a64.o)
                0x0000000000002318                utee_log
 .text.__utee_panic
                0x0000000000002324        0xc /home/thesis/Desktop/optee_rpi3bplus/optee_os/out/arm/export-ta_arm64/lib/libutee.a(utee_syscalls_a64.o)
                0x0000000000002324                __utee_panic
 .text.utee_get_property
                0x0000000000002330        0xc /home/thesis/Desktop/optee_rpi3bplus/optee_os/out/arm/export-ta_arm64/lib/libutee.a(utee_syscalls_a64.o)
                0x0000000000002330                utee_get_property
 .text.utee_get_property_name_to_index
                0x000000000000233c        0xc /home/thesis/Desktop/optee_rpi3bplus/optee_os/out/arm/export-ta_arm64/lib/libutee.a(utee_syscalls_a64.o)
                0x000000000000233c                utee_get_property_name_to_index
 .text.utee_open_ta_session
                0x0000000000002348        0xc /home/thesis/Desktop/optee_rpi3bplus/optee_os/out/arm/export-ta_arm64/lib/libutee.a(utee_syscalls_a64.o)
                0x0000000000002348                utee_open_ta_session
 .text.utee_close_ta_session
                0x0000000000002354        0xc /home/thesis/Desktop/optee_rpi3bplus/optee_os/out/arm/export-ta_arm64/lib/libutee.a(utee_syscalls_a64.o)
                0x0000000000002354                utee_close_ta_session
 .text.utee_invoke_ta_command
                0x0000000000002360        0xc /home/thesis/Desktop/optee_rpi3bplus/optee_os/out/arm/export-ta_arm64/lib/libutee.a(utee_syscalls_a64.o)
                0x0000000000002360                utee_invoke_ta_command
 .text.utee_get_cancellation_flag
                0x000000000000236c        0xc /home/thesis/Desktop/optee_rpi3bplus/optee_os/out/arm/export-ta_arm64/lib/libutee.a(utee_syscalls_a64.o)
                0x000000000000236c                utee_get_cancellation_flag
 .text.utee_check_access_rights
                0x0000000000002378        0xc /home/thesis/Desktop/optee_rpi3bplus/optee_os/out/arm/export-ta_arm64/lib/libutee.a(utee_syscalls_a64.o)
                0x0000000000002378                utee_check_access_rights
 .text.utee_unmask_cancellation
                0x0000000000002384        0xc /home/thesis/Desktop/optee_rpi3bplus/optee_os/out/arm/export-ta_arm64/lib/libutee.a(utee_syscalls_a64.o)
                0x0000000000002384                utee_unmask_cancellation
 .text.utee_mask_cancellation
                0x0000000000002390        0xc /home/thesis/Desktop/optee_rpi3bplus/optee_os/out/arm/export-ta_arm64/lib/libutee.a(utee_syscalls_a64.o)
                0x0000000000002390                utee_mask_cancellation
 .text.utee_wait
                0x000000000000239c        0xc /home/thesis/Desktop/optee_rpi3bplus/optee_os/out/arm/export-ta_arm64/lib/libutee.a(utee_syscalls_a64.o)
                0x000000000000239c                utee_wait
 .text.utee_get_time
                0x00000000000023a8        0xc /home/thesis/Desktop/optee_rpi3bplus/optee_os/out/arm/export-ta_arm64/lib/libutee.a(utee_syscalls_a64.o)
                0x00000000000023a8                utee_get_time
 .text.utee_set_ta_time
                0x00000000000023b4        0xc /home/thesis/Desktop/optee_rpi3bplus/optee_os/out/arm/export-ta_arm64/lib/libutee.a(utee_syscalls_a64.o)
                0x00000000000023b4                utee_set_ta_time
 .text.utee_cryp_state_alloc
                0x00000000000023c0        0xc /home/thesis/Desktop/optee_rpi3bplus/optee_os/out/arm/export-ta_arm64/lib/libutee.a(utee_syscalls_a64.o)
                0x00000000000023c0                utee_cryp_state_alloc
 .text.utee_cryp_state_copy
                0x00000000000023cc        0xc /home/thesis/Desktop/optee_rpi3bplus/optee_os/out/arm/export-ta_arm64/lib/libutee.a(utee_syscalls_a64.o)
                0x00000000000023cc                utee_cryp_state_copy
 .text.utee_cryp_state_free
                0x00000000000023d8        0xc /home/thesis/Desktop/optee_rpi3bplus/optee_os/out/arm/export-ta_arm64/lib/libutee.a(utee_syscalls_a64.o)
                0x00000000000023d8                utee_cryp_state_free
 .text.utee_hash_init
                0x00000000000023e4        0xc /home/thesis/Desktop/optee_rpi3bplus/optee_os/out/arm/export-ta_arm64/lib/libutee.a(utee_syscalls_a64.o)
                0x00000000000023e4                utee_hash_init
 .text.utee_hash_update
                0x00000000000023f0        0xc /home/thesis/Desktop/optee_rpi3bplus/optee_os/out/arm/export-ta_arm64/lib/libutee.a(utee_syscalls_a64.o)
                0x00000000000023f0                utee_hash_update
 .text.utee_hash_final
                0x00000000000023fc        0xc /home/thesis/Desktop/optee_rpi3bplus/optee_os/out/arm/export-ta_arm64/lib/libutee.a(utee_syscalls_a64.o)
                0x00000000000023fc                utee_hash_final
 .text.utee_cipher_init
                0x0000000000002408        0xc /home/thesis/Desktop/optee_rpi3bplus/optee_os/out/arm/export-ta_arm64/lib/libutee.a(utee_syscalls_a64.o)
                0x0000000000002408                utee_cipher_init
 .text.utee_cipher_update
                0x0000000000002414        0xc /home/thesis/Desktop/optee_rpi3bplus/optee_os/out/arm/export-ta_arm64/lib/libutee.a(utee_syscalls_a64.o)
                0x0000000000002414                utee_cipher_update
 .text.utee_cipher_final
                0x0000000000002420        0xc /home/thesis/Desktop/optee_rpi3bplus/optee_os/out/arm/export-ta_arm64/lib/libutee.a(utee_syscalls_a64.o)
                0x0000000000002420                utee_cipher_final
 .text.utee_cryp_obj_get_info
                0x000000000000242c        0xc /home/thesis/Desktop/optee_rpi3bplus/optee_os/out/arm/export-ta_arm64/lib/libutee.a(utee_syscalls_a64.o)
                0x000000000000242c                utee_cryp_obj_get_info
 .text.utee_cryp_obj_restrict_usage
                0x0000000000002438        0xc /home/thesis/Desktop/optee_rpi3bplus/optee_os/out/arm/export-ta_arm64/lib/libutee.a(utee_syscalls_a64.o)
                0x0000000000002438                utee_cryp_obj_restrict_usage
 .text.utee_cryp_obj_get_attr
                0x0000000000002444        0xc /home/thesis/Desktop/optee_rpi3bplus/optee_os/out/arm/export-ta_arm64/lib/libutee.a(utee_syscalls_a64.o)
                0x0000000000002444                utee_cryp_obj_get_attr
 .text.utee_cryp_obj_alloc
                0x0000000000002450        0xc /home/thesis/Desktop/optee_rpi3bplus/optee_os/out/arm/export-ta_arm64/lib/libutee.a(utee_syscalls_a64.o)
                0x0000000000002450                utee_cryp_obj_alloc
 .text.utee_cryp_obj_close
                0x000000000000245c        0xc /home/thesis/Desktop/optee_rpi3bplus/optee_os/out/arm/export-ta_arm64/lib/libutee.a(utee_syscalls_a64.o)
                0x000000000000245c                utee_cryp_obj_close
 .text.utee_cryp_obj_reset
                0x0000000000002468        0xc /home/thesis/Desktop/optee_rpi3bplus/optee_os/out/arm/export-ta_arm64/lib/libutee.a(utee_syscalls_a64.o)
                0x0000000000002468                utee_cryp_obj_reset
 .text.utee_cryp_obj_populate
                0x0000000000002474        0xc /home/thesis/Desktop/optee_rpi3bplus/optee_os/out/arm/export-ta_arm64/lib/libutee.a(utee_syscalls_a64.o)
                0x0000000000002474                utee_cryp_obj_populate
 .text.utee_cryp_obj_copy
                0x0000000000002480        0xc /home/thesis/Desktop/optee_rpi3bplus/optee_os/out/arm/export-ta_arm64/lib/libutee.a(utee_syscalls_a64.o)
                0x0000000000002480                utee_cryp_obj_copy
 .text.utee_cryp_derive_key
                0x000000000000248c        0xc /home/thesis/Desktop/optee_rpi3bplus/optee_os/out/arm/export-ta_arm64/lib/libutee.a(utee_syscalls_a64.o)
                0x000000000000248c                utee_cryp_derive_key
 .text.utee_cryp_random_number_generate
                0x0000000000002498        0xc /home/thesis/Desktop/optee_rpi3bplus/optee_os/out/arm/export-ta_arm64/lib/libutee.a(utee_syscalls_a64.o)
                0x0000000000002498                utee_cryp_random_number_generate
 .text.utee_authenc_init
                0x00000000000024a4        0xc /home/thesis/Desktop/optee_rpi3bplus/optee_os/out/arm/export-ta_arm64/lib/libutee.a(utee_syscalls_a64.o)
                0x00000000000024a4                utee_authenc_init
 .text.utee_authenc_update_aad
                0x00000000000024b0        0xc /home/thesis/Desktop/optee_rpi3bplus/optee_os/out/arm/export-ta_arm64/lib/libutee.a(utee_syscalls_a64.o)
                0x00000000000024b0                utee_authenc_update_aad
 .text.utee_authenc_update_payload
                0x00000000000024bc        0xc /home/thesis/Desktop/optee_rpi3bplus/optee_os/out/arm/export-ta_arm64/lib/libutee.a(utee_syscalls_a64.o)
                0x00000000000024bc                utee_authenc_update_payload
 .text.utee_authenc_enc_final
                0x00000000000024c8        0xc /home/thesis/Desktop/optee_rpi3bplus/optee_os/out/arm/export-ta_arm64/lib/libutee.a(utee_syscalls_a64.o)
                0x00000000000024c8                utee_authenc_enc_final
 .text.utee_authenc_dec_final
                0x00000000000024d4        0xc /home/thesis/Desktop/optee_rpi3bplus/optee_os/out/arm/export-ta_arm64/lib/libutee.a(utee_syscalls_a64.o)
                0x00000000000024d4                utee_authenc_dec_final
 .text.utee_asymm_operate
                0x00000000000024e0        0xc /home/thesis/Desktop/optee_rpi3bplus/optee_os/out/arm/export-ta_arm64/lib/libutee.a(utee_syscalls_a64.o)
                0x00000000000024e0                utee_asymm_operate
 .text.utee_asymm_verify
                0x00000000000024ec        0xc /home/thesis/Desktop/optee_rpi3bplus/optee_os/out/arm/export-ta_arm64/lib/libutee.a(utee_syscalls_a64.o)
                0x00000000000024ec                utee_asymm_verify
 .text.utee_storage_obj_open
                0x00000000000024f8        0xc /home/thesis/Desktop/optee_rpi3bplus/optee_os/out/arm/export-ta_arm64/lib/libutee.a(utee_syscalls_a64.o)
                0x00000000000024f8                utee_storage_obj_open
 .text.utee_storage_obj_create
                0x0000000000002504        0xc /home/thesis/Desktop/optee_rpi3bplus/optee_os/out/arm/export-ta_arm64/lib/libutee.a(utee_syscalls_a64.o)
                0x0000000000002504                utee_storage_obj_create
 .text.utee_storage_obj_del
                0x0000000000002510        0xc /home/thesis/Desktop/optee_rpi3bplus/optee_os/out/arm/export-ta_arm64/lib/libutee.a(utee_syscalls_a64.o)
                0x0000000000002510                utee_storage_obj_del
 .text.utee_storage_obj_rename
                0x000000000000251c        0xc /home/thesis/Desktop/optee_rpi3bplus/optee_os/out/arm/export-ta_arm64/lib/libutee.a(utee_syscalls_a64.o)
                0x000000000000251c                utee_storage_obj_rename
 .text.utee_storage_alloc_enum
                0x0000000000002528        0xc /home/thesis/Desktop/optee_rpi3bplus/optee_os/out/arm/export-ta_arm64/lib/libutee.a(utee_syscalls_a64.o)
                0x0000000000002528                utee_storage_alloc_enum
 .text.utee_storage_free_enum
                0x0000000000002534        0xc /home/thesis/Desktop/optee_rpi3bplus/optee_os/out/arm/export-ta_arm64/lib/libutee.a(utee_syscalls_a64.o)
                0x0000000000002534                utee_storage_free_enum
 .text.utee_storage_reset_enum
                0x0000000000002540        0xc /home/thesis/Desktop/optee_rpi3bplus/optee_os/out/arm/export-ta_arm64/lib/libutee.a(utee_syscalls_a64.o)
                0x0000000000002540                utee_storage_reset_enum
 .text.utee_storage_start_enum
                0x000000000000254c        0xc /home/thesis/Desktop/optee_rpi3bplus/optee_os/out/arm/export-ta_arm64/lib/libutee.a(utee_syscalls_a64.o)
                0x000000000000254c                utee_storage_start_enum
 .text.utee_storage_next_enum
                0x0000000000002558        0xc /home/thesis/Desktop/optee_rpi3bplus/optee_os/out/arm/export-ta_arm64/lib/libutee.a(utee_syscalls_a64.o)
                0x0000000000002558                utee_storage_next_enum
 .text.utee_storage_obj_read
                0x0000000000002564        0xc /home/thesis/Desktop/optee_rpi3bplus/optee_os/out/arm/export-ta_arm64/lib/libutee.a(utee_syscalls_a64.o)
                0x0000000000002564                utee_storage_obj_read
 .text.utee_storage_obj_write
                0x0000000000002570        0xc /home/thesis/Desktop/optee_rpi3bplus/optee_os/out/arm/export-ta_arm64/lib/libutee.a(utee_syscalls_a64.o)
                0x0000000000002570                utee_storage_obj_write
 .text.utee_storage_obj_trunc
                0x000000000000257c        0xc /home/thesis/Desktop/optee_rpi3bplus/optee_os/out/arm/export-ta_arm64/lib/libutee.a(utee_syscalls_a64.o)
                0x000000000000257c                utee_storage_obj_trunc
 .text.utee_storage_obj_seek
                0x0000000000002588        0xc /home/thesis/Desktop/optee_rpi3bplus/optee_os/out/arm/export-ta_arm64/lib/libutee.a(utee_syscalls_a64.o)
                0x0000000000002588                utee_storage_obj_seek
 .text.utee_cryp_obj_generate_key
                0x0000000000002594        0xc /home/thesis/Desktop/optee_rpi3bplus/optee_os/out/arm/export-ta_arm64/lib/libutee.a(utee_syscalls_a64.o)
                0x0000000000002594                utee_cryp_obj_generate_key
 .text.utee_cache_operation
                0x00000000000025a0        0xc /home/thesis/Desktop/optee_rpi3bplus/optee_os/out/arm/export-ta_arm64/lib/libutee.a(utee_syscalls_a64.o)
                0x00000000000025a0                utee_cache_operation
 .text          0x00000000000025ac      0x4e0 /home/thesis/Desktop/optee_rpi3bplus/optee_os/out/arm/export-ta_arm64/lib/libutee.a(tee_api.o)
                0x00000000000025ac                __utee_from_param
                0x0000000000002624                __utee_to_param
                0x0000000000002690                TEE_OpenTASession
                0x0000000000002720                TEE_CloseTASession
                0x0000000000002748                TEE_InvokeTACommand
                0x0000000000002800                TEE_GetCancellationFlag
                0x000000000000282c                TEE_UnmaskCancellation
                0x0000000000002858                TEE_MaskCancellation
                0x0000000000002884                TEE_CheckMemoryAccessRights
                0x0000000000002898                TEE_SetInstanceData
                0x00000000000028a4                TEE_GetInstanceData
                0x00000000000028b0                TEE_MemMove
                0x00000000000028b8                TEE_MemCompare
                0x00000000000028c0                TEE_MemFill
                0x00000000000028c8                TEE_GetSystemTime
                0x00000000000028f0                TEE_Wait
                0x000000000000292c                TEE_GetTAPersistentTime
                0x00000000000029a0                TEE_SetTAPersistentTime
                0x00000000000029e4                TEE_GetREETime
                0x0000000000002a0c                TEE_Malloc
                0x0000000000002a68                TEE_Realloc
                0x0000000000002a70                TEE_Free
                0x0000000000002a74                TEE_CacheClean
                0x0000000000002a7c                TEE_CacheFlush
                0x0000000000002a84                TEE_CacheInvalidate
 .text          0x0000000000002a8c     0x1944 /home/thesis/Desktop/optee_rpi3bplus/optee_os/out/arm/export-ta_arm64/lib/libutee.a(tee_api_arith_mpi.o)
                0x0000000000003294                _TEE_MathAPI_Init
                0x00000000000032e4                TEE_BigIntInit
                0x0000000000003354                TEE_BigIntConvertFromOctetString
                0x00000000000033e0                TEE_BigIntConvertToOctetString
                0x0000000000003474                TEE_BigIntConvertFromS32
                0x00000000000034f8                TEE_BigIntConvertToS32
                0x0000000000003580                TEE_BigIntCmp
                0x00000000000035e8                TEE_BigIntCmpS32
                0x00000000000037c4                TEE_BigIntShiftRight
                0x0000000000003930                TEE_BigIntGetBit
                0x000000000000397c                TEE_BigIntGetBitCount
                0x00000000000039bc                TEE_BigIntAdd
                0x00000000000039c8                TEE_BigIntSub
                0x00000000000039d4                TEE_BigIntNeg
                0x0000000000003a84                TEE_BigIntMul
                0x0000000000003b6c                TEE_BigIntSquare
                0x0000000000003b74                TEE_BigIntDiv
                0x0000000000003cec                TEE_BigIntMod
                0x0000000000003d50                TEE_BigIntAddMod
                0x0000000000003d5c                TEE_BigIntSubMod
                0x0000000000003d68                TEE_BigIntMulMod
                0x0000000000003d74                TEE_BigIntSquareMod
                0x0000000000003d80                TEE_BigIntInvMod
                0x0000000000003e9c                TEE_BigIntRelativePrime
                0x0000000000003f70                TEE_BigIntComputeExtendedGcd
                0x00000000000041a8                TEE_BigIntIsProbablePrime
                0x00000000000041f8                TEE_BigIntInitFMM
                0x00000000000041fc                TEE_BigIntInitFMMContext
                0x0000000000004200                TEE_BigIntFMMSizeInU32
                0x0000000000004210                TEE_BigIntFMMContextSizeInU32
                0x0000000000004218                TEE_BigIntConvertToFMM
                0x000000000000421c                TEE_BigIntConvertFromFMM
                0x00000000000042b8                TEE_BigIntComputeFMM
 .text          0x00000000000043d0      0x174 /home/thesis/Desktop/optee_rpi3bplus/optee_os/out/arm/export-ta_arm64/lib/libutee.a(trace_ext.o)
                0x00000000000043d0                trace_ext_puts
                0x00000000000043f8                trace_ext_get_thread_id
                0x0000000000004400                printf
                0x00000000000044c8                puts
                0x0000000000004508                putchar
 .text          0x0000000000004544     0x3bc8 /home/thesis/Desktop/optee_rpi3bplus/optee_os/out/arm/export-ta_arm64/lib/libmbedtls.a(bignum.o)
                0x0000000000004adc                mbedtls_mpi_init
                0x0000000000004aec                mbedtls_mpi_init_mempool
                0x0000000000004b14                mbedtls_mpi_free
                0x0000000000004b80                mbedtls_mpi_grow
                0x0000000000004c78                mbedtls_mpi_shrink
                0x0000000000004d98                mbedtls_mpi_copy
                0x0000000000004e4c                mbedtls_mpi_swap
                0x0000000000004eac                mbedtls_mpi_safe_cond_assign
                0x0000000000004f6c                mbedtls_mpi_safe_cond_swap
                0x0000000000005050                mbedtls_mpi_lset
                0x00000000000050b8                mbedtls_mpi_get_bit
                0x00000000000050e4                mbedtls_mpi_set_bit
                0x0000000000005170                mbedtls_mpi_lsb
                0x00000000000051c4                mbedtls_mpi_bitlen
                0x0000000000005220                mbedtls_mpi_size
                0x000000000000523c                mbedtls_mpi_read_binary
                0x00000000000052f4                mbedtls_mpi_write_binary
                0x00000000000053b8                mbedtls_mpi_shift_l
                0x00000000000054b8                mbedtls_mpi_shift_r
                0x0000000000005580                mbedtls_mpi_cmp_abs
                0x000000000000561c                mbedtls_mpi_cmp_mpi
                0x00000000000056f4                mbedtls_mpi_cmp_int
                0x0000000000005734                mbedtls_mpi_add_abs
                0x0000000000005860                mbedtls_mpi_sub_abs
                0x0000000000005934                mbedtls_mpi_add_mpi
                0x00000000000059bc                mbedtls_mpi_sub_mpi
                0x0000000000005a48                mbedtls_mpi_add_int
                0x0000000000005a88                mbedtls_mpi_sub_int
                0x0000000000005ac8                mbedtls_mpi_mul_mpi
                0x0000000000005c18                mbedtls_mpi_mul_int
                0x0000000000005c4c                mbedtls_mpi_read_string
                0x0000000000005e30                mbedtls_mpi_div_mpi
                0x000000000000635c                mbedtls_mpi_div_int
                0x000000000000639c                mbedtls_mpi_mod_mpi
                0x0000000000006450                mbedtls_mpi_mod_int
                0x00000000000065c4                mbedtls_mpi_write_string
                0x0000000000006830                mbedtls_mpi_montg_init
                0x000000000000686c                mbedtls_mpi_montmul
                0x00000000000069a0                mbedtls_mpi_montred
                0x00000000000069e0                mbedtls_mpi_exp_mod
                0x000000000000706c                mbedtls_mpi_gcd
                0x0000000000007228                mbedtls_mpi_fill_random
                0x0000000000007534                mbedtls_mpi_inv_mod
                0x000000000000796c                mbedtls_mpi_is_prime_ext
                0x0000000000007a14                mbedtls_mpi_is_prime
                0x0000000000007a24                mbedtls_mpi_gen_prime
                0x0000000000007d30                mbedtls_mpi_self_test
 .text          0x000000000000810c       0x14 /home/thesis/Desktop/optee_rpi3bplus/optee_os/out/arm/export-ta_arm64/lib/libmbedtls.a(platform_util.o)
                0x000000000000810c                mbedtls_platform_zeroize
 .text          0x0000000000008120       0xa4 ./hashtable//libhashtable.a(entry.o)
                0x0000000000008120                create_entry
                0x0000000000008198                delete_entry
 .text          0x00000000000081c4      0x7e8 ./hashtable//libhashtable.a(hashtable.o)
                0x0000000000008298                new_hashtable
                0x000000000000831c                delete_hashtable
                0x00000000000083ac                hashtable_insert_new_entry
                0x00000000000085d4                hashtable_insert
                0x00000000000087cc                hashtable_delete
                0x0000000000008904                hashtable_get_entry
                0x0000000000008968                hashtable_get
 .text          0x00000000000089ac      0x1bc ./hashtable//libhashtable.a(hashtable_iterator.o)
                0x0000000000008a84                create_hashtable_iterator
                0x0000000000008ae4                has_next
                0x0000000000008b08                next
                0x0000000000008b48                delete_hashtable_iterator
 .text          0x0000000000008b68       0x64 ./hashtable//libhashtable.a(prime.o)
                0x0000000000008b68                next_prime
 .text          0x0000000000008bcc      0x408 ./data_store//libdata_store.a(data_store.o)
                0x0000000000008bcc                new_data_store
                0x0000000000008c34                create_data_store
                0x0000000000008c4c                data_store_contains_key
                0x0000000000008c88                data_store_contains_field
                0x0000000000008ce4                data_store_get
                0x0000000000008d38                data_store_insert_new_entry
                0x0000000000008d70                data_store_insert
                0x0000000000008e68                data_store_delete_field
                0x0000000000008f68                data_store_delete_key
 .text          0x0000000000008fd4      0x100 ./data_store//libdata_store.a(data.o)
                0x0000000000008fd4                set_data_value
                0x0000000000009044                create_data_struct
                0x00000000000090a8                delete_data
 .text          0x00000000000090d4       0xcc /home/thesis/Desktop/optee_rpi3bplus/optee_os/out/arm/export-ta_arm64/lib/libutils.a(snprintf.o)
                0x00000000000090d4                snprintf
                0x000000000000914c                vsnprintf
 .text          0x00000000000091a0       0x44 /home/thesis/Desktop/optee_rpi3bplus/optee_os/out/arm/export-ta_arm64/lib/libutils.a(strdup.o)
                0x00000000000091a0                strdup
 .text          0x00000000000091e4       0x5c /home/thesis/Desktop/optee_rpi3bplus/optee_os/out/arm/export-ta_arm64/lib/libutils.a(memmove.o)
                0x00000000000091e4                memmove
 .text          0x0000000000009240       0x24 /home/thesis/Desktop/optee_rpi3bplus/optee_os/out/arm/export-ta_arm64/lib/libutils.a(strcmp.o)
                0x0000000000009240                strcmp
 .text          0x0000000000009264      0xcfc /home/thesis/Desktop/optee_rpi3bplus/optee_os/out/arm/export-ta_arm64/lib/libutils.a(snprintk.o)
                0x0000000000009264                __vsnprintf
                0x0000000000009e98                vsnprintk
                0x0000000000009eec                snprintk
 .text          0x0000000000009f60      0x268 /home/thesis/Desktop/optee_rpi3bplus/optee_os/out/arm/export-ta_arm64/lib/libutils.a(trace.o)
                0x0000000000009f60                trace_set_level
                0x0000000000009f7c                trace_get_level
                0x0000000000009f8c                trace_printf
                0x000000000000a1c4                dhex_dump
 .text          0x000000000000a1c8      0x1a8 /home/thesis/Desktop/optee_rpi3bplus/optee_os/out/arm/export-ta_arm64/lib/libutils.a(mempool.o)
                0x000000000000a1c8                mempool_alloc_pool
                0x000000000000a230                mempool_alloc
                0x000000000000a2dc                mempool_calloc
                0x000000000000a32c                mempool_free
 .text          0x000000000000a370       0x70 /home/thesis/Desktop/optee_rpi3bplus/optee_os/out/arm/export-ta_arm64/lib/libutils.a(consttime_memcmp.o)
                0x000000000000a370                consttime_memcmp
 .text          0x000000000000a3e0       0x2c /home/thesis/Desktop/optee_rpi3bplus/optee_os/out/arm/export-ta_arm64/lib/libutils.a(memchr.o)
                0x000000000000a3e0                memchr
 .text          0x000000000000a40c        0x0 /home/thesis/Desktop/optee_rpi3bplus/optee_os/out/arm/export-ta_arm64/lib/libutee.a(utee_syscalls_a64.o)
 *(SORT_BY_ALIGNMENT(.stub))
 *(SORT_BY_ALIGNMENT(.glue_7))
 *(SORT_BY_ALIGNMENT(.glue_7t))
 *(SORT_BY_ALIGNMENT(.gnu.linkonce.t.*))
 *(SORT_BY_ALIGNMENT(.vfp11_veneer))
                0x000000000000a40c                __text_end = .

.plt            0x000000000000a40c        0x0
 *(SORT_BY_ALIGNMENT(.plt))
 .plt           0x000000000000a40c        0x0 ./trusted_data_store.o

.eh_frame       0x000000000000a410     0x2304
 *(SORT_BY_ALIGNMENT(.eh_frame))
 .eh_frame      0x000000000000a410       0xa8 ./trusted_data_store.o
 .eh_frame      0x000000000000a4b8       0xb8 ./tds_storage.o
                                         0xc8 (size before relaxing)
 .eh_frame      0x000000000000a570       0x30 ./user_ta_header.o
                                         0x40 (size before relaxing)
 .eh_frame      0x000000000000a5a0      0x228 /home/thesis/Desktop/optee_rpi3bplus/optee_os/out/arm/export-ta_arm64/lib/libutils.a(bget_malloc.o)
                                        0x238 (size before relaxing)
 .eh_frame      0x000000000000a7c8       0x18 /home/thesis/Desktop/optee_rpi3bplus/optee_os/out/arm/export-ta_arm64/lib/libutils.a(memcpy.o)
                                         0x28 (size before relaxing)
 .eh_frame      0x000000000000a7e0       0x18 /home/thesis/Desktop/optee_rpi3bplus/optee_os/out/arm/export-ta_arm64/lib/libutils.a(memset.o)
                                         0x28 (size before relaxing)
 .eh_frame      0x000000000000a7f8       0x18 /home/thesis/Desktop/optee_rpi3bplus/optee_os/out/arm/export-ta_arm64/lib/libutils.a(strlen.o)
                                         0x28 (size before relaxing)
 .eh_frame      0x000000000000a810       0x38 /home/thesis/Desktop/optee_rpi3bplus/optee_os/out/arm/export-ta_arm64/lib/libutee.a(assert.o)
                                         0x50 (size before relaxing)
 .eh_frame      0x000000000000a848      0x4d0 /home/thesis/Desktop/optee_rpi3bplus/optee_os/out/arm/export-ta_arm64/lib/libutee.a(tee_api_objects.o)
                                        0x4e8 (size before relaxing)
 .eh_frame      0x000000000000ad18       0x18 /home/thesis/Desktop/optee_rpi3bplus/optee_os/out/arm/export-ta_arm64/lib/libutee.a(tee_api_panic.o)
                                         0x28 (size before relaxing)
 .eh_frame      0x000000000000ad30       0x90 /home/thesis/Desktop/optee_rpi3bplus/optee_os/out/arm/export-ta_arm64/lib/libutee.a(user_ta_entry.o)
                                         0xa8 (size before relaxing)
 .eh_frame      0x000000000000adc0      0x2d0 /home/thesis/Desktop/optee_rpi3bplus/optee_os/out/arm/export-ta_arm64/lib/libutee.a(tee_api.o)
                                        0x2e0 (size before relaxing)
 .eh_frame      0x000000000000b090      0x630 /home/thesis/Desktop/optee_rpi3bplus/optee_os/out/arm/export-ta_arm64/lib/libutee.a(tee_api_arith_mpi.o)
                                        0x640 (size before relaxing)
 .eh_frame      0x000000000000b6c0       0xb0 /home/thesis/Desktop/optee_rpi3bplus/optee_os/out/arm/export-ta_arm64/lib/libutee.a(trace_ext.o)
                                         0xc0 (size before relaxing)
 .eh_frame      0x000000000000b770      0x8e8 /home/thesis/Desktop/optee_rpi3bplus/optee_os/out/arm/export-ta_arm64/lib/libmbedtls.a(bignum.o)
                                        0x8f8 (size before relaxing)
 .eh_frame      0x000000000000c058       0x18 /home/thesis/Desktop/optee_rpi3bplus/optee_os/out/arm/export-ta_arm64/lib/libmbedtls.a(platform_util.o)
                                         0x28 (size before relaxing)
 .eh_frame      0x000000000000c070       0x40 ./hashtable//libhashtable.a(entry.o)
                                         0x58 (size before relaxing)
 .eh_frame      0x000000000000c0b0      0x198 ./hashtable//libhashtable.a(hashtable.o)
                                        0x1b0 (size before relaxing)
 .eh_frame      0x000000000000c248       0xb0 ./hashtable//libhashtable.a(hashtable_iterator.o)
                                         0xc8 (size before relaxing)
 .eh_frame      0x000000000000c2f8       0x18 ./hashtable//libhashtable.a(prime.o)
                                         0x30 (size before relaxing)
 .eh_frame      0x000000000000c310      0x140 ./data_store//libdata_store.a(data_store.o)
                                        0x158 (size before relaxing)
 .eh_frame      0x000000000000c450       0x60 ./data_store//libdata_store.a(data.o)
                                         0x78 (size before relaxing)
 .eh_frame      0x000000000000c4b0       0x48 /home/thesis/Desktop/optee_rpi3bplus/optee_os/out/arm/export-ta_arm64/lib/libutils.a(snprintf.o)
                                         0x60 (size before relaxing)
 .eh_frame      0x000000000000c4f8       0x28 /home/thesis/Desktop/optee_rpi3bplus/optee_os/out/arm/export-ta_arm64/lib/libutils.a(strdup.o)
                                         0x38 (size before relaxing)
 .eh_frame      0x000000000000c520       0x18 /home/thesis/Desktop/optee_rpi3bplus/optee_os/out/arm/export-ta_arm64/lib/libutils.a(memmove.o)
                                         0x28 (size before relaxing)
 .eh_frame      0x000000000000c538       0x18 /home/thesis/Desktop/optee_rpi3bplus/optee_os/out/arm/export-ta_arm64/lib/libutils.a(strcmp.o)
                                         0x28 (size before relaxing)
 .eh_frame      0x000000000000c550       0x90 /home/thesis/Desktop/optee_rpi3bplus/optee_os/out/arm/export-ta_arm64/lib/libutils.a(snprintk.o)
                                         0xa8 (size before relaxing)
 .eh_frame      0x000000000000c5e0       0x80 /home/thesis/Desktop/optee_rpi3bplus/optee_os/out/arm/export-ta_arm64/lib/libutils.a(trace.o)
                                         0x90 (size before relaxing)
 .eh_frame      0x000000000000c660       0x80 /home/thesis/Desktop/optee_rpi3bplus/optee_os/out/arm/export-ta_arm64/lib/libutils.a(mempool.o)
                                         0x98 (size before relaxing)
 .eh_frame      0x000000000000c6e0       0x20 /home/thesis/Desktop/optee_rpi3bplus/optee_os/out/arm/export-ta_arm64/lib/libutils.a(consttime_memcmp.o)
                                         0x30 (size before relaxing)
 .eh_frame      0x000000000000c700       0x14 /home/thesis/Desktop/optee_rpi3bplus/optee_os/out/arm/export-ta_arm64/lib/libutils.a(memchr.o)
                                         0x28 (size before relaxing)

.rodata         0x000000000000c718     0x1911
 *(SORT_BY_ALIGNMENT(.gnu.linkonce.r.*))
 *(SORT_BY_ALIGNMENT(.rodata) SORT_BY_ALIGNMENT(.rodata.*))
 .rodata.user_ta_header.c
                0x000000000000c718       0x23 ./user_ta_header.o
                0x000000000000c718                ta_num_props
                0x000000000000c730                ta_heap_size
                0x000000000000c738                trace_ext_prefix
 *fill*         0x000000000000c73b        0x5 
 .rodata        0x000000000000c740      0x548 ./hashtable//libhashtable.a(hashtable.o)
 .rodata        0x000000000000cc88      0x548 ./hashtable//libhashtable.a(prime.o)
 .rodata.trusted_data_store.c
                0x000000000000d1d0        0x6 ./trusted_data_store.o
 *fill*         0x000000000000d1d6        0x2 
 .rodata.lib/libutee/tee_api.c
                0x000000000000d1d8       0x1a /home/thesis/Desktop/optee_rpi3bplus/optee_os/out/arm/export-ta_arm64/lib/libutee.a(tee_api.o)
 *fill*         0x000000000000d1f2        0x2 
 .rodata.lib/libmbedtls/mbedtls/library/bignum.c
                0x000000000000d1f4      0x2c4 /home/thesis/Desktop/optee_rpi3bplus/optee_os/out/arm/export-ta_arm64/lib/libmbedtls.a(bignum.o)
 .rodata.str1.1.trusted_data_store.c
                0x000000000000d4b8       0x21 ./trusted_data_store.o
 .rodata.str1.1.tds_storage.c
                0x000000000000d4d9       0x1a ./tds_storage.o
 .rodata.str1.1.user_ta_header.c
                0x000000000000d4f3       0x9d ./user_ta_header.o
 .rodata.lib/libutils/isoc/bget_malloc.c
                0x000000000000d590       0x58 /home/thesis/Desktop/optee_rpi3bplus/optee_os/out/arm/export-ta_arm64/lib/libutils.a(bget_malloc.o)
 .rodata.str1.1.lib/libutils/isoc/bget_malloc.c
                0x000000000000d5e8      0x2a4 /home/thesis/Desktop/optee_rpi3bplus/optee_os/out/arm/export-ta_arm64/lib/libutils.a(bget_malloc.o)
                                        0x2ad (size before relaxing)
 .rodata.str1.1.lib/libutee/assert.c
                0x000000000000d88c       0x27 /home/thesis/Desktop/optee_rpi3bplus/optee_os/out/arm/export-ta_arm64/lib/libutee.a(assert.o)
 .rodata.str1.1.lib/libutee/tee_api.c
                0x000000000000d8b3       0x11 /home/thesis/Desktop/optee_rpi3bplus/optee_os/out/arm/export-ta_arm64/lib/libutee.a(tee_api.o)
 .rodata.lib/libutee/tee_api_arith_mpi.c
                0x000000000000d8c4      0x13d /home/thesis/Desktop/optee_rpi3bplus/optee_os/out/arm/export-ta_arm64/lib/libutee.a(tee_api_arith_mpi.o)
 .rodata.str1.1.lib/libutee/tee_api_arith_mpi.c
                0x000000000000da01       0xb7 /home/thesis/Desktop/optee_rpi3bplus/optee_os/out/arm/export-ta_arm64/lib/libutee.a(tee_api_arith_mpi.o)
 .rodata.str1.1.lib/libutee/trace_ext.c
                0x000000000000dab8       0xb7 /home/thesis/Desktop/optee_rpi3bplus/optee_os/out/arm/export-ta_arm64/lib/libutee.a(trace_ext.o)
                                          0x2 (size before relaxing)
 .rodata.str1.1.lib/libmbedtls/mbedtls/library/bignum.c
                0x000000000000dab8      0x45d /home/thesis/Desktop/optee_rpi3bplus/optee_os/out/arm/export-ta_arm64/lib/libmbedtls.a(bignum.o)
 .rodata.lib/libutils/ext/snprintk.c
                0x000000000000df15       0x22 /home/thesis/Desktop/optee_rpi3bplus/optee_os/out/arm/export-ta_arm64/lib/libutils.a(snprintk.o)
 .rodata.str1.1.lib/libutils/ext/snprintk.c
                0x000000000000df37       0x38 /home/thesis/Desktop/optee_rpi3bplus/optee_os/out/arm/export-ta_arm64/lib/libutils.a(snprintk.o)
 .rodata.lib/libutils/ext/trace.c
                0x000000000000df6f        0x5 /home/thesis/Desktop/optee_rpi3bplus/optee_os/out/arm/export-ta_arm64/lib/libutils.a(trace.o)
 .rodata.str1.1.lib/libutils/ext/trace.c
                0x000000000000df74       0x1a /home/thesis/Desktop/optee_rpi3bplus/optee_os/out/arm/export-ta_arm64/lib/libutils.a(trace.o)
                                         0x1b (size before relaxing)
 .rodata.lib/libutils/ext/mempool.c
                0x000000000000df8e       0x21 /home/thesis/Desktop/optee_rpi3bplus/optee_os/out/arm/export-ta_arm64/lib/libutils.a(mempool.o)
 .rodata.str1.1.lib/libutils/ext/mempool.c
                0x000000000000dfaf       0x7a /home/thesis/Desktop/optee_rpi3bplus/optee_os/out/arm/export-ta_arm64/lib/libutils.a(mempool.o)

.gnu.version_d  0x000000000000e030        0x0
 .gnu.version_d
                0x000000000000e030        0x0 ./trusted_data_store.o

.gnu.version    0x000000000000e02a        0x0
 .gnu.version   0x000000000000e02a        0x0 ./trusted_data_store.o

.gnu.version_r  0x000000000000e030        0x0
 .gnu.version_r
                0x000000000000e030        0x0 ./trusted_data_store.o

.gnu.hash       0x000000000000e030       0x1c
 .gnu.hash      0x000000000000e030       0x1c ./trusted_data_store.o

.ARM.exidx
 *(SORT_BY_ALIGNMENT(.ARM.exidx*) SORT_BY_ALIGNMENT(.gnu.linkonce.armexidx.*))

.ctors
 *(SORT_BY_ALIGNMENT(.ctors))

.dtors
 *(SORT_BY_ALIGNMENT(.dtors))

.dynsym         0x000000000000e050       0x48
 *(SORT_BY_ALIGNMENT(.dynsym))
 .dynsym        0x000000000000e050       0x48 ./trusted_data_store.o

.dynstr         0x000000000000e098        0x1
 *(SORT_BY_ALIGNMENT(.dynstr))
 .dynstr        0x000000000000e098        0x1 ./trusted_data_store.o

.hash           0x000000000000e0a0       0x18
 *(SORT_BY_ALIGNMENT(.hash))
 .hash          0x000000000000e0a0       0x18 ./trusted_data_store.o

.rela.dyn       0x000000000000e0b8      0x1b0
 .rela.data.rel.ro
                0x000000000000e0b8        0x0 ./trusted_data_store.o
 .rela.ifunc    0x000000000000e0b8        0x0 ./trusted_data_store.o
 .rela.data.rel.ro.local
                0x000000000000e0b8      0x150 ./trusted_data_store.o
 .rela.data.rel.local
                0x000000000000e208       0x48 ./trusted_data_store.o
 .rela.data.rel
                0x000000000000e250       0x18 ./trusted_data_store.o
                0x000000000000f000                . = ALIGN (0x1000)

.got            0x000000000000f000       0x88
 *(SORT_BY_ALIGNMENT(.got.plt))
 .got.plt       0x000000000000f000       0x18 ./trusted_data_store.o
 *(SORT_BY_ALIGNMENT(.got))
 .got           0x000000000000f018       0x70 ./trusted_data_store.o
                0x000000000000f018                _GLOBAL_OFFSET_TABLE_

.rel.text
 *(SORT_BY_ALIGNMENT(.rel.text))
 *(SORT_BY_ALIGNMENT(.rel.gnu.linkonce.t*))

.rela.text
 *(SORT_BY_ALIGNMENT(.rela.text))
 *(SORT_BY_ALIGNMENT(.rela.gnu.linkonce.t*))

.rel.data
 *(SORT_BY_ALIGNMENT(.rel.data))
 *(SORT_BY_ALIGNMENT(.rel.gnu.linkonce.d*))

.rela.data
 *(SORT_BY_ALIGNMENT(.rela.data))
 *(SORT_BY_ALIGNMENT(.rela.gnu.linkonce.d*))

.rel.rodata
 *(SORT_BY_ALIGNMENT(.rel.rodata))
 *(SORT_BY_ALIGNMENT(.rel.gnu.linkonce.r*))

.rela.rodata
 *(SORT_BY_ALIGNMENT(.rela.rodata))
 *(SORT_BY_ALIGNMENT(.rela.gnu.linkonce.r*))

.rel.dyn
 *(SORT_BY_ALIGNMENT(.rel.dyn))

.rel.got
 *(SORT_BY_ALIGNMENT(.rel.got))

.rela.got       0x000000000000f088      0x138
 *(SORT_BY_ALIGNMENT(.rela.got))
 .rela.got      0x000000000000f088      0x138 ./trusted_data_store.o

.rel.ctors
 *(SORT_BY_ALIGNMENT(.rel.ctors))

.rela.ctors
 *(SORT_BY_ALIGNMENT(.rela.ctors))

.rel.dtors
 *(SORT_BY_ALIGNMENT(.rel.dtors))

.rela.dtors
 *(SORT_BY_ALIGNMENT(.rela.dtors))

.rel.init
 *(SORT_BY_ALIGNMENT(.rel.init))

.rela.init
 *(SORT_BY_ALIGNMENT(.rela.init))

.rel.fini
 *(SORT_BY_ALIGNMENT(.rel.fini))

.rela.fini
 *(SORT_BY_ALIGNMENT(.rela.fini))

.rel.bss
 *(SORT_BY_ALIGNMENT(.rel.bss))

.rela.bss       0x000000000000f1c0        0x0
 *(SORT_BY_ALIGNMENT(.rela.bss))
 .rela.bss      0x000000000000f1c0        0x0 ./trusted_data_store.o

.rel.plt
 *(SORT_BY_ALIGNMENT(.rel.plt))

.rela.plt       0x000000000000f1c0        0x0
 *(SORT_BY_ALIGNMENT(.rela.plt))
 .rela.plt      0x000000000000f1c0        0x0 ./trusted_data_store.o

.dynamic        0x000000000000f1c0      0x110
 *(SORT_BY_ALIGNMENT(.dynamic))
 .dynamic       0x000000000000f1c0      0x110 ./trusted_data_store.o
                0x000000000000f1c0                _DYNAMIC

.data           0x000000000000f2d0      0x144
 *(SORT_BY_ALIGNMENT(.data) SORT_BY_ALIGNMENT(.data.*) SORT_BY_ALIGNMENT(.gnu.linkonce.d.*))
 .data.rel.ro.local
                0x000000000000f2d0       0xa8 ./user_ta_header.o
                0x000000000000f2d0                ta_props
 .data.rel.local
                0x000000000000f378       0x80 /home/thesis/Desktop/optee_rpi3bplus/optee_os/out/arm/export-ta_arm64/lib/libutils.a(bget_malloc.o)
 .data.rel.local
                0x000000000000f3f8       0x10 /home/thesis/Desktop/optee_rpi3bplus/optee_os/out/arm/export-ta_arm64/lib/libutee.a(user_ta_entry.o)
 .data.rel      0x000000000000f408        0x8 /home/thesis/Desktop/optee_rpi3bplus/optee_os/out/arm/export-ta_arm64/lib/libmbedtls.a(platform_util.o)
 .data          0x000000000000f410        0x4 ./user_ta_header.o
                0x000000000000f410                trace_level
 .data          0x000000000000f414        0x0 ./trusted_data_store.o
 .data.rel.ro   0x000000000000f414        0x0 ./trusted_data_store.o
 .data          0x000000000000f414        0x0 ./tds_storage.o
 .data          0x000000000000f414        0x0 /home/thesis/Desktop/optee_rpi3bplus/optee_os/out/arm/export-ta_arm64/lib/libutils.a(bget_malloc.o)
 .data          0x000000000000f414        0x0 /home/thesis/Desktop/optee_rpi3bplus/optee_os/out/arm/export-ta_arm64/lib/libutils.a(memcpy.o)
 .data          0x000000000000f414        0x0 /home/thesis/Desktop/optee_rpi3bplus/optee_os/out/arm/export-ta_arm64/lib/libutils.a(memset.o)
 .data          0x000000000000f414        0x0 /home/thesis/Desktop/optee_rpi3bplus/optee_os/out/arm/export-ta_arm64/lib/libutils.a(strlen.o)
 .data          0x000000000000f414        0x0 /home/thesis/Desktop/optee_rpi3bplus/optee_os/out/arm/export-ta_arm64/lib/libutee.a(assert.o)
 .data          0x000000000000f414        0x0 /home/thesis/Desktop/optee_rpi3bplus/optee_os/out/arm/export-ta_arm64/lib/libutee.a(tee_api_objects.o)
 .data          0x000000000000f414        0x0 /home/thesis/Desktop/optee_rpi3bplus/optee_os/out/arm/export-ta_arm64/lib/libutee.a(tee_api_panic.o)
 .data          0x000000000000f414        0x0 /home/thesis/Desktop/optee_rpi3bplus/optee_os/out/arm/export-ta_arm64/lib/libutee.a(user_ta_entry.o)
 .data          0x000000000000f414        0x0 /home/thesis/Desktop/optee_rpi3bplus/optee_os/out/arm/export-ta_arm64/lib/libutee.a(utee_syscalls_a64.o)
 .data          0x000000000000f414        0x0 /home/thesis/Desktop/optee_rpi3bplus/optee_os/out/arm/export-ta_arm64/lib/libutee.a(tee_api.o)
 .data          0x000000000000f414        0x0 /home/thesis/Desktop/optee_rpi3bplus/optee_os/out/arm/export-ta_arm64/lib/libutee.a(tee_api_arith_mpi.o)
 .data          0x000000000000f414        0x0 /home/thesis/Desktop/optee_rpi3bplus/optee_os/out/arm/export-ta_arm64/lib/libutee.a(trace_ext.o)
 .data          0x000000000000f414        0x0 /home/thesis/Desktop/optee_rpi3bplus/optee_os/out/arm/export-ta_arm64/lib/libmbedtls.a(bignum.o)
 .data          0x000000000000f414        0x0 /home/thesis/Desktop/optee_rpi3bplus/optee_os/out/arm/export-ta_arm64/lib/libmbedtls.a(platform_util.o)
 .data          0x000000000000f414        0x0 ./hashtable//libhashtable.a(entry.o)
 .data          0x000000000000f414        0x0 ./hashtable//libhashtable.a(hashtable.o)
 .data          0x000000000000f414        0x0 ./hashtable//libhashtable.a(hashtable_iterator.o)
 .data          0x000000000000f414        0x0 ./hashtable//libhashtable.a(prime.o)
 .data          0x000000000000f414        0x0 ./data_store//libdata_store.a(data_store.o)
 .data          0x000000000000f414        0x0 ./data_store//libdata_store.a(data.o)
 .data          0x000000000000f414        0x0 /home/thesis/Desktop/optee_rpi3bplus/optee_os/out/arm/export-ta_arm64/lib/libutils.a(snprintf.o)
 .data          0x000000000000f414        0x0 /home/thesis/Desktop/optee_rpi3bplus/optee_os/out/arm/export-ta_arm64/lib/libutils.a(strdup.o)
 .data          0x000000000000f414        0x0 /home/thesis/Desktop/optee_rpi3bplus/optee_os/out/arm/export-ta_arm64/lib/libutils.a(memmove.o)
 .data          0x000000000000f414        0x0 /home/thesis/Desktop/optee_rpi3bplus/optee_os/out/arm/export-ta_arm64/lib/libutils.a(strcmp.o)
 .data          0x000000000000f414        0x0 /home/thesis/Desktop/optee_rpi3bplus/optee_os/out/arm/export-ta_arm64/lib/libutils.a(snprintk.o)
 .data          0x000000000000f414        0x0 /home/thesis/Desktop/optee_rpi3bplus/optee_os/out/arm/export-ta_arm64/lib/libutils.a(trace.o)
 .data          0x000000000000f414        0x0 /home/thesis/Desktop/optee_rpi3bplus/optee_os/out/arm/export-ta_arm64/lib/libutils.a(mempool.o)
 .data          0x000000000000f414        0x0 /home/thesis/Desktop/optee_rpi3bplus/optee_os/out/arm/export-ta_arm64/lib/libutils.a(consttime_memcmp.o)
 .data          0x000000000000f414        0x0 /home/thesis/Desktop/optee_rpi3bplus/optee_os/out/arm/export-ta_arm64/lib/libutils.a(memchr.o)

.bss            0x000000000000f418     0xb088
 *(SORT_BY_ALIGNMENT(.bss) SORT_BY_ALIGNMENT(.bss.*) SORT_BY_ALIGNMENT(.gnu.linkonce.b.*) SORT_BY_ALIGNMENT(COMMON))
 .bss           0x000000000000f418        0x8 ./trusted_data_store.o
                0x000000000000f418                store
 COMMON         0x000000000000f420       0x48 /home/thesis/Desktop/optee_rpi3bplus/optee_os/out/arm/export-ta_arm64/lib/libutee.a(user_ta_entry.o)
                0x000000000000f420                ta_param_types
                0x000000000000f428                ta_params
 .bss           0x000000000000f468        0x8 /home/thesis/Desktop/optee_rpi3bplus/optee_os/out/arm/export-ta_arm64/lib/libutee.a(tee_api.o)
 .bss           0x000000000000f470     0x3000 /home/thesis/Desktop/optee_rpi3bplus/optee_os/out/arm/export-ta_arm64/lib/libutee.a(tee_api_arith_mpi.o)
 COMMON         0x0000000000012470        0x8 /home/thesis/Desktop/optee_rpi3bplus/optee_os/out/arm/export-ta_arm64/lib/libmbedtls.a(bignum.o)
                0x0000000000012470                mbedtls_mpi_mempool
 .bss           0x0000000000012478       0x10 ./hashtable//libhashtable.a(hashtable.o)
 .bss           0x0000000000012488       0x10 ./hashtable//libhashtable.a(hashtable_iterator.o)
 .bss           0x0000000000012498        0x0 ./tds_storage.o
 .bss           0x0000000000012498        0x0 ./user_ta_header.o
 COMMON         0x0000000000012498     0x8000 ./user_ta_header.o
                0x0000000000012498                ta_heap
 .bss           0x000000000001a498        0x0 /home/thesis/Desktop/optee_rpi3bplus/optee_os/out/arm/export-ta_arm64/lib/libutils.a(bget_malloc.o)
 .bss           0x000000000001a498        0x0 /home/thesis/Desktop/optee_rpi3bplus/optee_os/out/arm/export-ta_arm64/lib/libutils.a(memcpy.o)
 .bss           0x000000000001a498        0x0 /home/thesis/Desktop/optee_rpi3bplus/optee_os/out/arm/export-ta_arm64/lib/libutils.a(memset.o)
 .bss           0x000000000001a498        0x0 /home/thesis/Desktop/optee_rpi3bplus/optee_os/out/arm/export-ta_arm64/lib/libutils.a(strlen.o)
 .bss           0x000000000001a498        0x0 /home/thesis/Desktop/optee_rpi3bplus/optee_os/out/arm/export-ta_arm64/lib/libutee.a(assert.o)
 .bss           0x000000000001a498        0x0 /home/thesis/Desktop/optee_rpi3bplus/optee_os/out/arm/export-ta_arm64/lib/libutee.a(tee_api_objects.o)
 .bss           0x000000000001a498        0x0 /home/thesis/Desktop/optee_rpi3bplus/optee_os/out/arm/export-ta_arm64/lib/libutee.a(tee_api_panic.o)
 .bss           0x000000000001a498        0x1 /home/thesis/Desktop/optee_rpi3bplus/optee_os/out/arm/export-ta_arm64/lib/libutee.a(user_ta_entry.o)
 .bss           0x000000000001a499        0x0 /home/thesis/Desktop/optee_rpi3bplus/optee_os/out/arm/export-ta_arm64/lib/libutee.a(utee_syscalls_a64.o)
 .bss           0x000000000001a499        0x0 /home/thesis/Desktop/optee_rpi3bplus/optee_os/out/arm/export-ta_arm64/lib/libutee.a(trace_ext.o)
 .bss           0x000000000001a499        0x0 /home/thesis/Desktop/optee_rpi3bplus/optee_os/out/arm/export-ta_arm64/lib/libmbedtls.a(bignum.o)
 .bss           0x000000000001a499        0x0 /home/thesis/Desktop/optee_rpi3bplus/optee_os/out/arm/export-ta_arm64/lib/libmbedtls.a(platform_util.o)
 .bss           0x000000000001a499        0x0 ./hashtable//libhashtable.a(entry.o)
 .bss           0x000000000001a499        0x0 ./hashtable//libhashtable.a(prime.o)
 .bss           0x000000000001a499        0x0 ./data_store//libdata_store.a(data_store.o)
 .bss           0x000000000001a499        0x0 ./data_store//libdata_store.a(data.o)
 .bss           0x000000000001a499        0x0 /home/thesis/Desktop/optee_rpi3bplus/optee_os/out/arm/export-ta_arm64/lib/libutils.a(snprintf.o)
 .bss           0x000000000001a499        0x0 /home/thesis/Desktop/optee_rpi3bplus/optee_os/out/arm/export-ta_arm64/lib/libutils.a(strdup.o)
 .bss           0x000000000001a499        0x0 /home/thesis/Desktop/optee_rpi3bplus/optee_os/out/arm/export-ta_arm64/lib/libutils.a(memmove.o)
 .bss           0x000000000001a499        0x0 /home/thesis/Desktop/optee_rpi3bplus/optee_os/out/arm/export-ta_arm64/lib/libutils.a(strcmp.o)
 .bss           0x000000000001a499        0x0 /home/thesis/Desktop/optee_rpi3bplus/optee_os/out/arm/export-ta_arm64/lib/libutils.a(snprintk.o)
 .bss           0x000000000001a499        0x0 /home/thesis/Desktop/optee_rpi3bplus/optee_os/out/arm/export-ta_arm64/lib/libutils.a(trace.o)
 .bss           0x000000000001a499        0x0 /home/thesis/Desktop/optee_rpi3bplus/optee_os/out/arm/export-ta_arm64/lib/libutils.a(mempool.o)
 .bss           0x000000000001a499        0x0 /home/thesis/Desktop/optee_rpi3bplus/optee_os/out/arm/export-ta_arm64/lib/libutils.a(consttime_memcmp.o)
 .bss           0x000000000001a499        0x0 /home/thesis/Desktop/optee_rpi3bplus/optee_os/out/arm/export-ta_arm64/lib/libutils.a(memchr.o)
                0x000000000001a4a0                . = ALIGN (0x8)
 *fill*         0x000000000001a499        0x7 
                0x000000000001a4a0                __gprof_buf_start = .
                0x000000000001a4a0                . = (. + DEFINED (_mcount)?(((__text_end - __text_start) * 0xb1) / 0x64):0x0)
                0x000000000001a4a0                __gprof_buf_end = .

.dynbss         0x000000000001a4a0        0x0
 .dynbss        0x000000000001a4a0        0x0 ./trusted_data_store.o

/DISCARD/
 *(SORT_BY_ALIGNMENT(.interp))
LOAD ./trusted_data_store.o
LOAD ./tds_storage.o
LOAD ./user_ta_header.o
START GROUP
LOAD /home/thesis/Desktop/optee_rpi3bplus/optee_os/out/arm/export-ta_arm64/lib/libutils.a
LOAD /home/thesis/Desktop/optee_rpi3bplus/optee_os/out/arm/export-ta_arm64/lib/libutee.a
LOAD /home/thesis/Desktop/optee_rpi3bplus/optee_os/out/arm/export-ta_arm64/lib/libmbedtls.a
LOAD ./hashtable//libhashtable.a
LOAD ./data_store//libdata_store.a
END GROUP
OUTPUT(a404e568-54cc-4c6f-a6f0-60299611e30d.elf elf64-littleaarch64)

.debug_info     0x0000000000000000    0x13574
 .debug_info    0x0000000000000000      0x82f ./trusted_data_store.o
 .debug_info    0x000000000000082f      0xef0 ./tds_storage.o
 .debug_info    0x000000000000171f      0x49d ./user_ta_header.o
 .debug_info    0x0000000000001bbc     0x20f5 /home/thesis/Desktop/optee_rpi3bplus/optee_os/out/arm/export-ta_arm64/lib/libutils.a(bget_malloc.o)
 .debug_info    0x0000000000003cb1       0xf8 /home/thesis/Desktop/optee_rpi3bplus/optee_os/out/arm/export-ta_arm64/lib/libutils.a(memcpy.o)
 .debug_info    0x0000000000003da9       0xc8 /home/thesis/Desktop/optee_rpi3bplus/optee_os/out/arm/export-ta_arm64/lib/libutils.a(memset.o)
 .debug_info    0x0000000000003e71       0xb0 /home/thesis/Desktop/optee_rpi3bplus/optee_os/out/arm/export-ta_arm64/lib/libutils.a(strlen.o)
 .debug_info    0x0000000000003f21      0x1b9 /home/thesis/Desktop/optee_rpi3bplus/optee_os/out/arm/export-ta_arm64/lib/libutee.a(assert.o)
 .debug_info    0x00000000000040da     0x1c88 /home/thesis/Desktop/optee_rpi3bplus/optee_os/out/arm/export-ta_arm64/lib/libutee.a(tee_api_objects.o)
 .debug_info    0x0000000000005d62      0x117 /home/thesis/Desktop/optee_rpi3bplus/optee_os/out/arm/export-ta_arm64/lib/libutee.a(tee_api_panic.o)
 .debug_info    0x0000000000005e79      0xc52 /home/thesis/Desktop/optee_rpi3bplus/optee_os/out/arm/export-ta_arm64/lib/libutee.a(user_ta_entry.o)
 .debug_info    0x0000000000006acb       0x22 /home/thesis/Desktop/optee_rpi3bplus/optee_os/out/arm/export-ta_arm64/lib/libutee.a(utee_syscalls_a64.o)
 .debug_info    0x0000000000006aed     0x11e6 /home/thesis/Desktop/optee_rpi3bplus/optee_os/out/arm/export-ta_arm64/lib/libutee.a(tee_api.o)
 .debug_info    0x0000000000007cd3     0x4639 /home/thesis/Desktop/optee_rpi3bplus/optee_os/out/arm/export-ta_arm64/lib/libutee.a(tee_api_arith_mpi.o)
 .debug_info    0x000000000000c30c      0x364 /home/thesis/Desktop/optee_rpi3bplus/optee_os/out/arm/export-ta_arm64/lib/libutee.a(trace_ext.o)
 .debug_info    0x000000000000c670     0x5392 /home/thesis/Desktop/optee_rpi3bplus/optee_os/out/arm/export-ta_arm64/lib/libmbedtls.a(bignum.o)
 .debug_info    0x0000000000011a02      0x11e /home/thesis/Desktop/optee_rpi3bplus/optee_os/out/arm/export-ta_arm64/lib/libmbedtls.a(platform_util.o)
 .debug_info    0x0000000000011b20      0x242 /home/thesis/Desktop/optee_rpi3bplus/optee_os/out/arm/export-ta_arm64/lib/libutils.a(snprintf.o)
 .debug_info    0x0000000000011d62      0x15c /home/thesis/Desktop/optee_rpi3bplus/optee_os/out/arm/export-ta_arm64/lib/libutils.a(strdup.o)
 .debug_info    0x0000000000011ebe       0xf5 /home/thesis/Desktop/optee_rpi3bplus/optee_os/out/arm/export-ta_arm64/lib/libutils.a(memmove.o)
 .debug_info    0x0000000000011fb3       0xa9 /home/thesis/Desktop/optee_rpi3bplus/optee_os/out/arm/export-ta_arm64/lib/libutils.a(strcmp.o)
 .debug_info    0x000000000001205c      0x83e /home/thesis/Desktop/optee_rpi3bplus/optee_os/out/arm/export-ta_arm64/lib/libutils.a(snprintk.o)
 .debug_info    0x000000000001289a      0x59f /home/thesis/Desktop/optee_rpi3bplus/optee_os/out/arm/export-ta_arm64/lib/libutils.a(trace.o)
 .debug_info    0x0000000000012e39      0x516 /home/thesis/Desktop/optee_rpi3bplus/optee_os/out/arm/export-ta_arm64/lib/libutils.a(mempool.o)
 .debug_info    0x000000000001334f      0x12d /home/thesis/Desktop/optee_rpi3bplus/optee_os/out/arm/export-ta_arm64/lib/libutils.a(consttime_memcmp.o)
 .debug_info    0x000000000001347c       0xf8 /home/thesis/Desktop/optee_rpi3bplus/optee_os/out/arm/export-ta_arm64/lib/libutils.a(memchr.o)

.debug_abbrev   0x0000000000000000     0x2ff1
 .debug_abbrev  0x0000000000000000      0x26b ./trusted_data_store.o
 .debug_abbrev  0x000000000000026b      0x29d ./tds_storage.o
 .debug_abbrev  0x0000000000000508      0x1d9 ./user_ta_header.o
 .debug_abbrev  0x00000000000006e1      0x43e /home/thesis/Desktop/optee_rpi3bplus/optee_os/out/arm/export-ta_arm64/lib/libutils.a(bget_malloc.o)
 .debug_abbrev  0x0000000000000b1f       0xb1 /home/thesis/Desktop/optee_rpi3bplus/optee_os/out/arm/export-ta_arm64/lib/libutils.a(memcpy.o)
 .debug_abbrev  0x0000000000000bd0       0xa3 /home/thesis/Desktop/optee_rpi3bplus/optee_os/out/arm/export-ta_arm64/lib/libutils.a(memset.o)
 .debug_abbrev  0x0000000000000c73       0x87 /home/thesis/Desktop/optee_rpi3bplus/optee_os/out/arm/export-ta_arm64/lib/libutils.a(strlen.o)
 .debug_abbrev  0x0000000000000cfa       0xd7 /home/thesis/Desktop/optee_rpi3bplus/optee_os/out/arm/export-ta_arm64/lib/libutee.a(assert.o)
 .debug_abbrev  0x0000000000000dd1      0x323 /home/thesis/Desktop/optee_rpi3bplus/optee_os/out/arm/export-ta_arm64/lib/libutee.a(tee_api_objects.o)
 .debug_abbrev  0x00000000000010f4       0xc1 /home/thesis/Desktop/optee_rpi3bplus/optee_os/out/arm/export-ta_arm64/lib/libutee.a(tee_api_panic.o)
 .debug_abbrev  0x00000000000011b5      0x324 /home/thesis/Desktop/optee_rpi3bplus/optee_os/out/arm/export-ta_arm64/lib/libutee.a(user_ta_entry.o)
 .debug_abbrev  0x00000000000014d9       0x12 /home/thesis/Desktop/optee_rpi3bplus/optee_os/out/arm/export-ta_arm64/lib/libutee.a(utee_syscalls_a64.o)
 .debug_abbrev  0x00000000000014eb      0x309 /home/thesis/Desktop/optee_rpi3bplus/optee_os/out/arm/export-ta_arm64/lib/libutee.a(tee_api.o)
 .debug_abbrev  0x00000000000017f4      0x4c1 /home/thesis/Desktop/optee_rpi3bplus/optee_os/out/arm/export-ta_arm64/lib/libutee.a(tee_api_arith_mpi.o)
 .debug_abbrev  0x0000000000001cb5      0x18e /home/thesis/Desktop/optee_rpi3bplus/optee_os/out/arm/export-ta_arm64/lib/libutee.a(trace_ext.o)
 .debug_abbrev  0x0000000000001e43      0x547 /home/thesis/Desktop/optee_rpi3bplus/optee_os/out/arm/export-ta_arm64/lib/libmbedtls.a(bignum.o)
 .debug_abbrev  0x000000000000238a       0xc3 /home/thesis/Desktop/optee_rpi3bplus/optee_os/out/arm/export-ta_arm64/lib/libmbedtls.a(platform_util.o)
 .debug_abbrev  0x000000000000244d      0x138 /home/thesis/Desktop/optee_rpi3bplus/optee_os/out/arm/export-ta_arm64/lib/libutils.a(snprintf.o)
 .debug_abbrev  0x0000000000002585       0xda /home/thesis/Desktop/optee_rpi3bplus/optee_os/out/arm/export-ta_arm64/lib/libutils.a(strdup.o)
 .debug_abbrev  0x000000000000265f       0xa4 /home/thesis/Desktop/optee_rpi3bplus/optee_os/out/arm/export-ta_arm64/lib/libutils.a(memmove.o)
 .debug_abbrev  0x0000000000002703       0x6f /home/thesis/Desktop/optee_rpi3bplus/optee_os/out/arm/export-ta_arm64/lib/libutils.a(strcmp.o)
 .debug_abbrev  0x0000000000002772      0x2d0 /home/thesis/Desktop/optee_rpi3bplus/optee_os/out/arm/export-ta_arm64/lib/libutils.a(snprintk.o)
 .debug_abbrev  0x0000000000002a42      0x253 /home/thesis/Desktop/optee_rpi3bplus/optee_os/out/arm/export-ta_arm64/lib/libutils.a(trace.o)
 .debug_abbrev  0x0000000000002c95      0x1ea /home/thesis/Desktop/optee_rpi3bplus/optee_os/out/arm/export-ta_arm64/lib/libutils.a(mempool.o)
 .debug_abbrev  0x0000000000002e7f       0xc0 /home/thesis/Desktop/optee_rpi3bplus/optee_os/out/arm/export-ta_arm64/lib/libutils.a(consttime_memcmp.o)
 .debug_abbrev  0x0000000000002f3f       0xb2 /home/thesis/Desktop/optee_rpi3bplus/optee_os/out/arm/export-ta_arm64/lib/libutils.a(memchr.o)

.debug_loc      0x0000000000000000    0x1b174
 .debug_loc     0x0000000000000000      0x608 ./trusted_data_store.o
 .debug_loc     0x0000000000000608      0xa18 ./tds_storage.o
 .debug_loc     0x0000000000001020      0x12f ./user_ta_header.o
 .debug_loc     0x000000000000114f     0x3a2e /home/thesis/Desktop/optee_rpi3bplus/optee_os/out/arm/export-ta_arm64/lib/libutils.a(bget_malloc.o)
 .debug_loc     0x0000000000004b7d      0x169 /home/thesis/Desktop/optee_rpi3bplus/optee_os/out/arm/export-ta_arm64/lib/libutils.a(memcpy.o)
 .debug_loc     0x0000000000004ce6       0xcf /home/thesis/Desktop/optee_rpi3bplus/optee_os/out/arm/export-ta_arm64/lib/libutils.a(memset.o)
 .debug_loc     0x0000000000004db5       0x8c /home/thesis/Desktop/optee_rpi3bplus/optee_os/out/arm/export-ta_arm64/lib/libutils.a(strlen.o)
 .debug_loc     0x0000000000004e41      0x149 /home/thesis/Desktop/optee_rpi3bplus/optee_os/out/arm/export-ta_arm64/lib/libutee.a(assert.o)
 .debug_loc     0x0000000000004f8a     0x2612 /home/thesis/Desktop/optee_rpi3bplus/optee_os/out/arm/export-ta_arm64/lib/libutee.a(tee_api_objects.o)
 .debug_loc     0x000000000000759c       0x3d /home/thesis/Desktop/optee_rpi3bplus/optee_os/out/arm/export-ta_arm64/lib/libutee.a(tee_api_panic.o)
 .debug_loc     0x00000000000075d9      0x9ed /home/thesis/Desktop/optee_rpi3bplus/optee_os/out/arm/export-ta_arm64/lib/libutee.a(user_ta_entry.o)
 .debug_loc     0x0000000000007fc6     0x105f /home/thesis/Desktop/optee_rpi3bplus/optee_os/out/arm/export-ta_arm64/lib/libutee.a(tee_api.o)
 .debug_loc     0x0000000000009025     0x437c /home/thesis/Desktop/optee_rpi3bplus/optee_os/out/arm/export-ta_arm64/lib/libutee.a(tee_api_arith_mpi.o)
 .debug_loc     0x000000000000d3a1      0x1c4 /home/thesis/Desktop/optee_rpi3bplus/optee_os/out/arm/export-ta_arm64/lib/libutee.a(trace_ext.o)
 .debug_loc     0x000000000000d565     0x9ef7 /home/thesis/Desktop/optee_rpi3bplus/optee_os/out/arm/export-ta_arm64/lib/libmbedtls.a(bignum.o)
 .debug_loc     0x000000000001745c       0x8f /home/thesis/Desktop/optee_rpi3bplus/optee_os/out/arm/export-ta_arm64/lib/libmbedtls.a(platform_util.o)
 .debug_loc     0x00000000000174eb      0x1d2 /home/thesis/Desktop/optee_rpi3bplus/optee_os/out/arm/export-ta_arm64/lib/libutils.a(snprintf.o)
 .debug_loc     0x00000000000176bd       0xc5 /home/thesis/Desktop/optee_rpi3bplus/optee_os/out/arm/export-ta_arm64/lib/libutils.a(strdup.o)
 .debug_loc     0x0000000000017782      0x327 /home/thesis/Desktop/optee_rpi3bplus/optee_os/out/arm/export-ta_arm64/lib/libutils.a(memmove.o)
 .debug_loc     0x0000000000017aa9       0xb6 /home/thesis/Desktop/optee_rpi3bplus/optee_os/out/arm/export-ta_arm64/lib/libutils.a(strcmp.o)
 .debug_loc     0x0000000000017b5f     0x2734 /home/thesis/Desktop/optee_rpi3bplus/optee_os/out/arm/export-ta_arm64/lib/libutils.a(snprintk.o)
 .debug_loc     0x000000000001a293      0x5bc /home/thesis/Desktop/optee_rpi3bplus/optee_os/out/arm/export-ta_arm64/lib/libutils.a(trace.o)
 .debug_loc     0x000000000001a84f      0x5ea /home/thesis/Desktop/optee_rpi3bplus/optee_os/out/arm/export-ta_arm64/lib/libutils.a(mempool.o)
 .debug_loc     0x000000000001ae39      0x223 /home/thesis/Desktop/optee_rpi3bplus/optee_os/out/arm/export-ta_arm64/lib/libutils.a(consttime_memcmp.o)
 .debug_loc     0x000000000001b05c      0x118 /home/thesis/Desktop/optee_rpi3bplus/optee_os/out/arm/export-ta_arm64/lib/libutils.a(memchr.o)

.debug_aranges  0x0000000000000000      0x860
 .debug_aranges
                0x0000000000000000       0x30 ./trusted_data_store.o
 .debug_aranges
                0x0000000000000030       0x30 ./tds_storage.o
 .debug_aranges
                0x0000000000000060       0x30 ./user_ta_header.o
 .debug_aranges
                0x0000000000000090       0x30 /home/thesis/Desktop/optee_rpi3bplus/optee_os/out/arm/export-ta_arm64/lib/libutils.a(bget_malloc.o)
 .debug_aranges
                0x00000000000000c0       0x30 /home/thesis/Desktop/optee_rpi3bplus/optee_os/out/arm/export-ta_arm64/lib/libutils.a(memcpy.o)
 .debug_aranges
                0x00000000000000f0       0x30 /home/thesis/Desktop/optee_rpi3bplus/optee_os/out/arm/export-ta_arm64/lib/libutils.a(memset.o)
 .debug_aranges
                0x0000000000000120       0x30 /home/thesis/Desktop/optee_rpi3bplus/optee_os/out/arm/export-ta_arm64/lib/libutils.a(strlen.o)
 .debug_aranges
                0x0000000000000150       0x30 /home/thesis/Desktop/optee_rpi3bplus/optee_os/out/arm/export-ta_arm64/lib/libutee.a(assert.o)
 .debug_aranges
                0x0000000000000180       0x30 /home/thesis/Desktop/optee_rpi3bplus/optee_os/out/arm/export-ta_arm64/lib/libutee.a(tee_api_objects.o)
 .debug_aranges
                0x00000000000001b0       0x30 /home/thesis/Desktop/optee_rpi3bplus/optee_os/out/arm/export-ta_arm64/lib/libutee.a(tee_api_panic.o)
 .debug_aranges
                0x00000000000001e0       0x30 /home/thesis/Desktop/optee_rpi3bplus/optee_os/out/arm/export-ta_arm64/lib/libutee.a(user_ta_entry.o)
 .debug_aranges
                0x0000000000000210      0x3b0 /home/thesis/Desktop/optee_rpi3bplus/optee_os/out/arm/export-ta_arm64/lib/libutee.a(utee_syscalls_a64.o)
 .debug_aranges
                0x00000000000005c0       0x30 /home/thesis/Desktop/optee_rpi3bplus/optee_os/out/arm/export-ta_arm64/lib/libutee.a(tee_api.o)
 .debug_aranges
                0x00000000000005f0       0x30 /home/thesis/Desktop/optee_rpi3bplus/optee_os/out/arm/export-ta_arm64/lib/libutee.a(tee_api_arith_mpi.o)
 .debug_aranges
                0x0000000000000620       0x30 /home/thesis/Desktop/optee_rpi3bplus/optee_os/out/arm/export-ta_arm64/lib/libutee.a(trace_ext.o)
 .debug_aranges
                0x0000000000000650       0x30 /home/thesis/Desktop/optee_rpi3bplus/optee_os/out/arm/export-ta_arm64/lib/libmbedtls.a(bignum.o)
 .debug_aranges
                0x0000000000000680       0x30 /home/thesis/Desktop/optee_rpi3bplus/optee_os/out/arm/export-ta_arm64/lib/libmbedtls.a(platform_util.o)
 .debug_aranges
                0x00000000000006b0       0x30 /home/thesis/Desktop/optee_rpi3bplus/optee_os/out/arm/export-ta_arm64/lib/libutils.a(snprintf.o)
 .debug_aranges
                0x00000000000006e0       0x30 /home/thesis/Desktop/optee_rpi3bplus/optee_os/out/arm/export-ta_arm64/lib/libutils.a(strdup.o)
 .debug_aranges
                0x0000000000000710       0x30 /home/thesis/Desktop/optee_rpi3bplus/optee_os/out/arm/export-ta_arm64/lib/libutils.a(memmove.o)
 .debug_aranges
                0x0000000000000740       0x30 /home/thesis/Desktop/optee_rpi3bplus/optee_os/out/arm/export-ta_arm64/lib/libutils.a(strcmp.o)
 .debug_aranges
                0x0000000000000770       0x30 /home/thesis/Desktop/optee_rpi3bplus/optee_os/out/arm/export-ta_arm64/lib/libutils.a(snprintk.o)
 .debug_aranges
                0x00000000000007a0       0x30 /home/thesis/Desktop/optee_rpi3bplus/optee_os/out/arm/export-ta_arm64/lib/libutils.a(trace.o)
 .debug_aranges
                0x00000000000007d0       0x30 /home/thesis/Desktop/optee_rpi3bplus/optee_os/out/arm/export-ta_arm64/lib/libutils.a(mempool.o)
 .debug_aranges
                0x0000000000000800       0x30 /home/thesis/Desktop/optee_rpi3bplus/optee_os/out/arm/export-ta_arm64/lib/libutils.a(consttime_memcmp.o)
 .debug_aranges
                0x0000000000000830       0x30 /home/thesis/Desktop/optee_rpi3bplus/optee_os/out/arm/export-ta_arm64/lib/libutils.a(memchr.o)

.debug_ranges   0x0000000000000000     0x1970
 .debug_ranges  0x0000000000000000      0x110 ./trusted_data_store.o
 .debug_ranges  0x0000000000000110      0x350 ./tds_storage.o
 .debug_ranges  0x0000000000000460       0x20 ./user_ta_header.o
 .debug_ranges  0x0000000000000480      0x760 /home/thesis/Desktop/optee_rpi3bplus/optee_os/out/arm/export-ta_arm64/lib/libutils.a(bget_malloc.o)
 .debug_ranges  0x0000000000000be0      0x150 /home/thesis/Desktop/optee_rpi3bplus/optee_os/out/arm/export-ta_arm64/lib/libutee.a(user_ta_entry.o)
 .debug_ranges  0x0000000000000d30      0x3b0 /home/thesis/Desktop/optee_rpi3bplus/optee_os/out/arm/export-ta_arm64/lib/libutee.a(utee_syscalls_a64.o)
 .debug_ranges  0x00000000000010e0       0x80 /home/thesis/Desktop/optee_rpi3bplus/optee_os/out/arm/export-ta_arm64/lib/libutee.a(tee_api.o)
 .debug_ranges  0x0000000000001160      0x550 /home/thesis/Desktop/optee_rpi3bplus/optee_os/out/arm/export-ta_arm64/lib/libutee.a(tee_api_arith_mpi.o)
 .debug_ranges  0x00000000000016b0      0x1d0 /home/thesis/Desktop/optee_rpi3bplus/optee_os/out/arm/export-ta_arm64/lib/libmbedtls.a(bignum.o)
 .debug_ranges  0x0000000000001880       0x90 /home/thesis/Desktop/optee_rpi3bplus/optee_os/out/arm/export-ta_arm64/lib/libutils.a(snprintk.o)
 .debug_ranges  0x0000000000001910       0x60 /home/thesis/Desktop/optee_rpi3bplus/optee_os/out/arm/export-ta_arm64/lib/libutils.a(trace.o)

.debug_macro    0x0000000000000000    0x11e9f
 .debug_macro   0x0000000000000000      0x163 ./trusted_data_store.o
 .debug_macro   0x0000000000000163      0x97c ./trusted_data_store.o
 .debug_macro   0x0000000000000adf      0x16d ./trusted_data_store.o
 .debug_macro   0x0000000000000c4c       0xd9 ./trusted_data_store.o
 .debug_macro   0x0000000000000d25      0x8ef ./trusted_data_store.o
 .debug_macro   0x0000000000001614       0x7c ./trusted_data_store.o
 .debug_macro   0x0000000000001690      0x184 ./trusted_data_store.o
 .debug_macro   0x0000000000001814       0xc4 ./trusted_data_store.o
 .debug_macro   0x00000000000018d8       0x22 ./trusted_data_store.o
 .debug_macro   0x00000000000018fa       0x35 ./trusted_data_store.o
 .debug_macro   0x000000000000192f       0x34 ./trusted_data_store.o
 .debug_macro   0x0000000000001963       0x94 ./trusted_data_store.o
 .debug_macro   0x00000000000019f7       0x10 ./trusted_data_store.o
 .debug_macro   0x0000000000001a07       0x58 ./trusted_data_store.o
 .debug_macro   0x0000000000001a5f       0xca ./trusted_data_store.o
 .debug_macro   0x0000000000001b29       0x34 ./trusted_data_store.o
 .debug_macro   0x0000000000001b5d       0x2e ./trusted_data_store.o
 .debug_macro   0x0000000000001b8b       0x22 ./trusted_data_store.o
 .debug_macro   0x0000000000001bad       0x16 ./trusted_data_store.o
 .debug_macro   0x0000000000001bc3       0x16 ./trusted_data_store.o
 .debug_macro   0x0000000000001bd9      0x15e ./tds_storage.o
 .debug_macro   0x0000000000001d37      0x97c ./tds_storage.o
 .debug_macro   0x00000000000026b3      0x113 ./user_ta_header.o
 .debug_macro   0x00000000000027c6      0x97c ./user_ta_header.o
 .debug_macro   0x0000000000003142       0xd0 ./user_ta_header.o
 .debug_macro   0x0000000000003212       0x82 ./user_ta_header.o
 .debug_macro   0x0000000000003294       0x28 ./user_ta_header.o
 .debug_macro   0x00000000000032bc      0x154 /home/thesis/Desktop/optee_rpi3bplus/optee_os/out/arm/export-ta_arm64/lib/libutils.a(bget_malloc.o)
 .debug_macro   0x0000000000003410      0x946 /home/thesis/Desktop/optee_rpi3bplus/optee_os/out/arm/export-ta_arm64/lib/libutils.a(bget_malloc.o)
 .debug_macro   0x0000000000003d56      0x3bd /home/thesis/Desktop/optee_rpi3bplus/optee_os/out/arm/export-ta_arm64/lib/libutils.a(bget_malloc.o)
 .debug_macro   0x0000000000004113       0x28 /home/thesis/Desktop/optee_rpi3bplus/optee_os/out/arm/export-ta_arm64/lib/libutils.a(bget_malloc.o)
 .debug_macro   0x000000000000413b       0x16 /home/thesis/Desktop/optee_rpi3bplus/optee_os/out/arm/export-ta_arm64/lib/libutils.a(bget_malloc.o)
 .debug_macro   0x0000000000004151       0x3c /home/thesis/Desktop/optee_rpi3bplus/optee_os/out/arm/export-ta_arm64/lib/libutils.a(bget_malloc.o)
 .debug_macro   0x000000000000418d       0x57 /home/thesis/Desktop/optee_rpi3bplus/optee_os/out/arm/export-ta_arm64/lib/libutils.a(memcpy.o)
 .debug_macro   0x00000000000041e4      0x946 /home/thesis/Desktop/optee_rpi3bplus/optee_os/out/arm/export-ta_arm64/lib/libutils.a(memcpy.o)
 .debug_macro   0x0000000000004b2a       0x7c /home/thesis/Desktop/optee_rpi3bplus/optee_os/out/arm/export-ta_arm64/lib/libutils.a(memcpy.o)
 .debug_macro   0x0000000000004ba6       0x51 /home/thesis/Desktop/optee_rpi3bplus/optee_os/out/arm/export-ta_arm64/lib/libutils.a(memset.o)
 .debug_macro   0x0000000000004bf7      0x946 /home/thesis/Desktop/optee_rpi3bplus/optee_os/out/arm/export-ta_arm64/lib/libutils.a(memset.o)
 .debug_macro   0x000000000000553d       0x5a /home/thesis/Desktop/optee_rpi3bplus/optee_os/out/arm/export-ta_arm64/lib/libutils.a(strlen.o)
 .debug_macro   0x0000000000005597      0x946 /home/thesis/Desktop/optee_rpi3bplus/optee_os/out/arm/export-ta_arm64/lib/libutils.a(strlen.o)
 .debug_macro   0x0000000000005edd      0x106 /home/thesis/Desktop/optee_rpi3bplus/optee_os/out/arm/export-ta_arm64/lib/libutee.a(assert.o)
 .debug_macro   0x0000000000005fe3      0x946 /home/thesis/Desktop/optee_rpi3bplus/optee_os/out/arm/export-ta_arm64/lib/libutee.a(assert.o)
 .debug_macro   0x0000000000006929       0x10 /home/thesis/Desktop/optee_rpi3bplus/optee_os/out/arm/export-ta_arm64/lib/libutee.a(assert.o)
 .debug_macro   0x0000000000006939      0x139 /home/thesis/Desktop/optee_rpi3bplus/optee_os/out/arm/export-ta_arm64/lib/libutee.a(tee_api_objects.o)
 .debug_macro   0x0000000000006a72      0x946 /home/thesis/Desktop/optee_rpi3bplus/optee_os/out/arm/export-ta_arm64/lib/libutee.a(tee_api_objects.o)
 .debug_macro   0x00000000000073b8       0xb4 /home/thesis/Desktop/optee_rpi3bplus/optee_os/out/arm/export-ta_arm64/lib/libutee.a(tee_api_panic.o)
 .debug_macro   0x000000000000746c      0x946 /home/thesis/Desktop/optee_rpi3bplus/optee_os/out/arm/export-ta_arm64/lib/libutee.a(tee_api_panic.o)
 .debug_macro   0x0000000000007db2      0x18e /home/thesis/Desktop/optee_rpi3bplus/optee_os/out/arm/export-ta_arm64/lib/libutee.a(user_ta_entry.o)
 .debug_macro   0x0000000000007f40      0x946 /home/thesis/Desktop/optee_rpi3bplus/optee_os/out/arm/export-ta_arm64/lib/libutee.a(user_ta_entry.o)
 .debug_macro   0x0000000000008886      0x2d4 /home/thesis/Desktop/optee_rpi3bplus/optee_os/out/arm/export-ta_arm64/lib/libutee.a(user_ta_entry.o)
 .debug_macro   0x0000000000008b5a       0x34 /home/thesis/Desktop/optee_rpi3bplus/optee_os/out/arm/export-ta_arm64/lib/libutee.a(user_ta_entry.o)
 .debug_macro   0x0000000000008b8e      0x17d /home/thesis/Desktop/optee_rpi3bplus/optee_os/out/arm/export-ta_arm64/lib/libutee.a(tee_api.o)
 .debug_macro   0x0000000000008d0b      0x946 /home/thesis/Desktop/optee_rpi3bplus/optee_os/out/arm/export-ta_arm64/lib/libutee.a(tee_api.o)
 .debug_macro   0x0000000000009651      0x1a2 /home/thesis/Desktop/optee_rpi3bplus/optee_os/out/arm/export-ta_arm64/lib/libutee.a(tee_api_arith_mpi.o)
 .debug_macro   0x00000000000097f3      0x946 /home/thesis/Desktop/optee_rpi3bplus/optee_os/out/arm/export-ta_arm64/lib/libutee.a(tee_api_arith_mpi.o)
 .debug_macro   0x000000000000a139      0x11e /home/thesis/Desktop/optee_rpi3bplus/optee_os/out/arm/export-ta_arm64/lib/libutee.a(tee_api_arith_mpi.o)
 .debug_macro   0x000000000000a257       0x79 /home/thesis/Desktop/optee_rpi3bplus/optee_os/out/arm/export-ta_arm64/lib/libutee.a(tee_api_arith_mpi.o)
 .debug_macro   0x000000000000a2d0      0x1b0 /home/thesis/Desktop/optee_rpi3bplus/optee_os/out/arm/export-ta_arm64/lib/libutee.a(tee_api_arith_mpi.o)
 .debug_macro   0x000000000000a480       0xf1 /home/thesis/Desktop/optee_rpi3bplus/optee_os/out/arm/export-ta_arm64/lib/libutee.a(trace_ext.o)
 .debug_macro   0x000000000000a571      0x946 /home/thesis/Desktop/optee_rpi3bplus/optee_os/out/arm/export-ta_arm64/lib/libutee.a(trace_ext.o)
 .debug_macro   0x000000000000aeb7       0xca /home/thesis/Desktop/optee_rpi3bplus/optee_os/out/arm/export-ta_arm64/lib/libutee.a(trace_ext.o)
 .debug_macro   0x000000000000af81      0x19e /home/thesis/Desktop/optee_rpi3bplus/optee_os/out/arm/export-ta_arm64/lib/libmbedtls.a(bignum.o)
 .debug_macro   0x000000000000b11f      0x946 /home/thesis/Desktop/optee_rpi3bplus/optee_os/out/arm/export-ta_arm64/lib/libmbedtls.a(bignum.o)
 .debug_macro   0x000000000000ba65       0x19 /home/thesis/Desktop/optee_rpi3bplus/optee_os/out/arm/export-ta_arm64/lib/libmbedtls.a(bignum.o)
 .debug_macro   0x000000000000ba7e       0x1c /home/thesis/Desktop/optee_rpi3bplus/optee_os/out/arm/export-ta_arm64/lib/libmbedtls.a(bignum.o)
 .debug_macro   0x000000000000ba9a       0x10 /home/thesis/Desktop/optee_rpi3bplus/optee_os/out/arm/export-ta_arm64/lib/libmbedtls.a(bignum.o)
 .debug_macro   0x000000000000baaa      0x14e /home/thesis/Desktop/optee_rpi3bplus/optee_os/out/arm/export-ta_arm64/lib/libmbedtls.a(platform_util.o)
 .debug_macro   0x000000000000bbf8      0x946 /home/thesis/Desktop/optee_rpi3bplus/optee_os/out/arm/export-ta_arm64/lib/libmbedtls.a(platform_util.o)
 .debug_macro   0x000000000000c53e       0x10 /home/thesis/Desktop/optee_rpi3bplus/optee_os/out/arm/export-ta_arm64/lib/libmbedtls.a(platform_util.o)
 .debug_macro   0x000000000000c54e       0x72 /home/thesis/Desktop/optee_rpi3bplus/optee_os/out/arm/export-ta_arm64/lib/libmbedtls.a(platform_util.o)
 .debug_macro   0x000000000000c5c0       0x16 /home/thesis/Desktop/optee_rpi3bplus/optee_os/out/arm/export-ta_arm64/lib/libmbedtls.a(platform_util.o)
 .debug_macro   0x000000000000c5d6       0x4d /home/thesis/Desktop/optee_rpi3bplus/optee_os/out/arm/export-ta_arm64/lib/libutils.a(snprintf.o)
 .debug_macro   0x000000000000c623      0x946 /home/thesis/Desktop/optee_rpi3bplus/optee_os/out/arm/export-ta_arm64/lib/libutils.a(snprintf.o)
 .debug_macro   0x000000000000cf69       0xbb /home/thesis/Desktop/optee_rpi3bplus/optee_os/out/arm/export-ta_arm64/lib/libutils.a(strdup.o)
 .debug_macro   0x000000000000d024      0x946 /home/thesis/Desktop/optee_rpi3bplus/optee_os/out/arm/export-ta_arm64/lib/libutils.a(strdup.o)
 .debug_macro   0x000000000000d96a       0x64 /home/thesis/Desktop/optee_rpi3bplus/optee_os/out/arm/export-ta_arm64/lib/libutils.a(memmove.o)
 .debug_macro   0x000000000000d9ce      0x946 /home/thesis/Desktop/optee_rpi3bplus/optee_os/out/arm/export-ta_arm64/lib/libutils.a(memmove.o)
 .debug_macro   0x000000000000e314       0x54 /home/thesis/Desktop/optee_rpi3bplus/optee_os/out/arm/export-ta_arm64/lib/libutils.a(strcmp.o)
 .debug_macro   0x000000000000e368      0x946 /home/thesis/Desktop/optee_rpi3bplus/optee_os/out/arm/export-ta_arm64/lib/libutils.a(strcmp.o)
 .debug_macro   0x000000000000ecae      0x134 /home/thesis/Desktop/optee_rpi3bplus/optee_os/out/arm/export-ta_arm64/lib/libutils.a(snprintk.o)
 .debug_macro   0x000000000000ede2      0x946 /home/thesis/Desktop/optee_rpi3bplus/optee_os/out/arm/export-ta_arm64/lib/libutils.a(snprintk.o)
 .debug_macro   0x000000000000f728       0xd6 /home/thesis/Desktop/optee_rpi3bplus/optee_os/out/arm/export-ta_arm64/lib/libutils.a(trace.o)
 .debug_macro   0x000000000000f7fe      0x946 /home/thesis/Desktop/optee_rpi3bplus/optee_os/out/arm/export-ta_arm64/lib/libutils.a(trace.o)
 .debug_macro   0x0000000000010144       0xe4 /home/thesis/Desktop/optee_rpi3bplus/optee_os/out/arm/export-ta_arm64/lib/libutils.a(mempool.o)
 .debug_macro   0x0000000000010228      0x946 /home/thesis/Desktop/optee_rpi3bplus/optee_os/out/arm/export-ta_arm64/lib/libutils.a(mempool.o)
 .debug_macro   0x0000000000010b6e       0x3f /home/thesis/Desktop/optee_rpi3bplus/optee_os/out/arm/export-ta_arm64/lib/libutils.a(consttime_memcmp.o)
 .debug_macro   0x0000000000010bad      0x946 /home/thesis/Desktop/optee_rpi3bplus/optee_os/out/arm/export-ta_arm64/lib/libutils.a(consttime_memcmp.o)
 .debug_macro   0x00000000000114f3       0x66 /home/thesis/Desktop/optee_rpi3bplus/optee_os/out/arm/export-ta_arm64/lib/libutils.a(memchr.o)
 .debug_macro   0x0000000000011559      0x946 /home/thesis/Desktop/optee_rpi3bplus/optee_os/out/arm/export-ta_arm64/lib/libutils.a(memchr.o)

.debug_line     0x0000000000000000     0xa90e
 .debug_line    0x0000000000000000      0x4c7 ./trusted_data_store.o
 .debug_line    0x00000000000004c7      0x659 ./tds_storage.o
 .debug_line    0x0000000000000b20      0x2e7 ./user_ta_header.o
 .debug_line    0x0000000000000e07      0xe78 /home/thesis/Desktop/optee_rpi3bplus/optee_os/out/arm/export-ta_arm64/lib/libutils.a(bget_malloc.o)
 .debug_line    0x0000000000001c7f      0x162 /home/thesis/Desktop/optee_rpi3bplus/optee_os/out/arm/export-ta_arm64/lib/libutils.a(memcpy.o)
 .debug_line    0x0000000000001de1      0x15b /home/thesis/Desktop/optee_rpi3bplus/optee_os/out/arm/export-ta_arm64/lib/libutils.a(memset.o)
 .debug_line    0x0000000000001f3c      0x16d /home/thesis/Desktop/optee_rpi3bplus/optee_os/out/arm/export-ta_arm64/lib/libutils.a(strlen.o)
 .debug_line    0x00000000000020a9      0x29d /home/thesis/Desktop/optee_rpi3bplus/optee_os/out/arm/export-ta_arm64/lib/libutee.a(assert.o)
 .debug_line    0x0000000000002346      0xc03 /home/thesis/Desktop/optee_rpi3bplus/optee_os/out/arm/export-ta_arm64/lib/libutee.a(tee_api_objects.o)
 .debug_line    0x0000000000002f49      0x1e6 /home/thesis/Desktop/optee_rpi3bplus/optee_os/out/arm/export-ta_arm64/lib/libutee.a(tee_api_panic.o)
 .debug_line    0x000000000000312f      0x5ed /home/thesis/Desktop/optee_rpi3bplus/optee_os/out/arm/export-ta_arm64/lib/libutee.a(user_ta_entry.o)
 .debug_line    0x000000000000371c      0x528 /home/thesis/Desktop/optee_rpi3bplus/optee_os/out/arm/export-ta_arm64/lib/libutee.a(utee_syscalls_a64.o)
 .debug_line    0x0000000000003c44      0x733 /home/thesis/Desktop/optee_rpi3bplus/optee_os/out/arm/export-ta_arm64/lib/libutee.a(tee_api.o)
 .debug_line    0x0000000000004377     0x1467 /home/thesis/Desktop/optee_rpi3bplus/optee_os/out/arm/export-ta_arm64/lib/libutee.a(tee_api_arith_mpi.o)
 .debug_line    0x00000000000057de      0x2ec /home/thesis/Desktop/optee_rpi3bplus/optee_os/out/arm/export-ta_arm64/lib/libutee.a(trace_ext.o)
 .debug_line    0x0000000000005aca     0x3180 /home/thesis/Desktop/optee_rpi3bplus/optee_os/out/arm/export-ta_arm64/lib/libmbedtls.a(bignum.o)
 .debug_line    0x0000000000008c4a      0x29e /home/thesis/Desktop/optee_rpi3bplus/optee_os/out/arm/export-ta_arm64/lib/libmbedtls.a(platform_util.o)
 .debug_line    0x0000000000008ee8      0x19d /home/thesis/Desktop/optee_rpi3bplus/optee_os/out/arm/export-ta_arm64/lib/libutils.a(snprintf.o)
 .debug_line    0x0000000000009085      0x1f5 /home/thesis/Desktop/optee_rpi3bplus/optee_os/out/arm/export-ta_arm64/lib/libutils.a(strdup.o)
 .debug_line    0x000000000000927a      0x19c /home/thesis/Desktop/optee_rpi3bplus/optee_os/out/arm/export-ta_arm64/lib/libutils.a(memmove.o)
 .debug_line    0x0000000000009416      0x16f /home/thesis/Desktop/optee_rpi3bplus/optee_os/out/arm/export-ta_arm64/lib/libutils.a(strcmp.o)
 .debug_line    0x0000000000009585      0x8c3 /home/thesis/Desktop/optee_rpi3bplus/optee_os/out/arm/export-ta_arm64/lib/libutils.a(snprintk.o)
 .debug_line    0x0000000000009e48      0x397 /home/thesis/Desktop/optee_rpi3bplus/optee_os/out/arm/export-ta_arm64/lib/libutils.a(trace.o)
 .debug_line    0x000000000000a1df      0x3af /home/thesis/Desktop/optee_rpi3bplus/optee_os/out/arm/export-ta_arm64/lib/libutils.a(mempool.o)
 .debug_line    0x000000000000a58e      0x205 /home/thesis/Desktop/optee_rpi3bplus/optee_os/out/arm/export-ta_arm64/lib/libutils.a(consttime_memcmp.o)
 .debug_line    0x000000000000a793      0x17b /home/thesis/Desktop/optee_rpi3bplus/optee_os/out/arm/export-ta_arm64/lib/libutils.a(memchr.o)

.debug_str      0x0000000000000000    0x11e54
 .debug_str     0x0000000000000000     0x81de ./trusted_data_store.o
                                       0x8391 (size before relaxing)
 .debug_str     0x00000000000081de      0x222 ./tds_storage.o
                                       0x831a (size before relaxing)
 .debug_str     0x0000000000008400      0xd8c ./user_ta_header.o
                                       0x8ca0 (size before relaxing)
 .debug_str     0x000000000000918c     0x14d0 /home/thesis/Desktop/optee_rpi3bplus/optee_os/out/arm/export-ta_arm64/lib/libutils.a(bget_malloc.o)
                                       0x6375 (size before relaxing)
 .debug_str     0x000000000000a65c      0x31d /home/thesis/Desktop/optee_rpi3bplus/optee_os/out/arm/export-ta_arm64/lib/libutils.a(memcpy.o)
                                       0x3f71 (size before relaxing)
 .debug_str     0x000000000000a979       0xb8 /home/thesis/Desktop/optee_rpi3bplus/optee_os/out/arm/export-ta_arm64/lib/libutils.a(memset.o)
                                       0x3f0e (size before relaxing)
 .debug_str     0x000000000000aa31       0x9a /home/thesis/Desktop/optee_rpi3bplus/optee_os/out/arm/export-ta_arm64/lib/libutils.a(strlen.o)
                                       0x4119 (size before relaxing)
 .debug_str     0x000000000000aacb       0x53 /home/thesis/Desktop/optee_rpi3bplus/optee_os/out/arm/export-ta_arm64/lib/libutee.a(assert.o)
                                       0x8c62 (size before relaxing)
 .debug_str     0x000000000000ab1e      0x739 /home/thesis/Desktop/optee_rpi3bplus/optee_os/out/arm/export-ta_arm64/lib/libutee.a(tee_api_objects.o)
                                       0x8ed9 (size before relaxing)
 .debug_str     0x000000000000b257       0x4e /home/thesis/Desktop/optee_rpi3bplus/optee_os/out/arm/export-ta_arm64/lib/libutee.a(tee_api_panic.o)
                                       0x84d2 (size before relaxing)
 .debug_str     0x000000000000b2a5     0x35af /home/thesis/Desktop/optee_rpi3bplus/optee_os/out/arm/export-ta_arm64/lib/libutee.a(user_ta_entry.o)
                                       0xd01f (size before relaxing)
 .debug_str     0x000000000000e854       0x37 /home/thesis/Desktop/optee_rpi3bplus/optee_os/out/arm/export-ta_arm64/lib/libutee.a(utee_syscalls_a64.o)
                                         0x65 (size before relaxing)
 .debug_str     0x000000000000e88b      0x42f /home/thesis/Desktop/optee_rpi3bplus/optee_os/out/arm/export-ta_arm64/lib/libutee.a(tee_api.o)
                                       0x9dcb (size before relaxing)
 .debug_str     0x000000000000ecba     0x1b3a /home/thesis/Desktop/optee_rpi3bplus/optee_os/out/arm/export-ta_arm64/lib/libutee.a(tee_api_arith_mpi.o)
                                       0xab7f (size before relaxing)
 .debug_str     0x00000000000107f4       0xc3 /home/thesis/Desktop/optee_rpi3bplus/optee_os/out/arm/export-ta_arm64/lib/libutee.a(trace_ext.o)
                                       0x8e0b (size before relaxing)
 .debug_str     0x00000000000108b7      0x834 /home/thesis/Desktop/optee_rpi3bplus/optee_os/out/arm/export-ta_arm64/lib/libmbedtls.a(bignum.o)
                                       0x6991 (size before relaxing)
 .debug_str     0x00000000000110eb      0x3ba /home/thesis/Desktop/optee_rpi3bplus/optee_os/out/arm/export-ta_arm64/lib/libmbedtls.a(platform_util.o)
                                       0x58ed (size before relaxing)
 .debug_str     0x00000000000114a5       0x63 /home/thesis/Desktop/optee_rpi3bplus/optee_os/out/arm/export-ta_arm64/lib/libutils.a(snprintf.o)
                                       0x3eaf (size before relaxing)
 .debug_str     0x0000000000011508       0x49 /home/thesis/Desktop/optee_rpi3bplus/optee_os/out/arm/export-ta_arm64/lib/libutils.a(strdup.o)
                                       0x4ed3 (size before relaxing)
 .debug_str     0x0000000000011551       0x64 /home/thesis/Desktop/optee_rpi3bplus/optee_os/out/arm/export-ta_arm64/lib/libutils.a(memmove.o)
                                       0x4158 (size before relaxing)
 .debug_str     0x00000000000115b5       0x57 /home/thesis/Desktop/optee_rpi3bplus/optee_os/out/arm/export-ta_arm64/lib/libutils.a(strcmp.o)
                                       0x4119 (size before relaxing)
 .debug_str     0x000000000001160c      0x5a4 /home/thesis/Desktop/optee_rpi3bplus/optee_os/out/arm/export-ta_arm64/lib/libutils.a(snprintk.o)
                                       0x4be4 (size before relaxing)
 .debug_str     0x0000000000011bb0       0xaf /home/thesis/Desktop/optee_rpi3bplus/optee_os/out/arm/export-ta_arm64/lib/libutils.a(trace.o)
                                       0x5b9a (size before relaxing)
 .debug_str     0x0000000000011c5f       0xe7 /home/thesis/Desktop/optee_rpi3bplus/optee_os/out/arm/export-ta_arm64/lib/libutils.a(mempool.o)
                                       0x5c5d (size before relaxing)
 .debug_str     0x0000000000011d46       0x68 /home/thesis/Desktop/optee_rpi3bplus/optee_os/out/arm/export-ta_arm64/lib/libutils.a(consttime_memcmp.o)
                                       0x3f1a (size before relaxing)
 .debug_str     0x0000000000011dae       0xa6 /home/thesis/Desktop/optee_rpi3bplus/optee_os/out/arm/export-ta_arm64/lib/libutils.a(memchr.o)
                                       0x417c (size before relaxing)

.comment        0x0000000000000000       0x55
 .comment       0x0000000000000000       0x55 ./trusted_data_store.o
                                         0x56 (size before relaxing)
 .comment       0x0000000000000055       0x56 ./tds_storage.o