Archive member included to satisfy reference by file (symbol)

/home/thesis/Desktop/optee_rpi3bplus/optee_os/out/arm/export-ta_arm64/lib/libutils.a(bget_malloc.o)
                              ./trusted_hce.o (calloc)
/home/thesis/Desktop/optee_rpi3bplus/optee_os/out/arm/export-ta_arm64/lib/libutils.a(snprintf.o)
                              ./trusted_hce.o (snprintf)
/home/thesis/Desktop/optee_rpi3bplus/optee_os/out/arm/export-ta_arm64/lib/libutils.a(memcpy.o)
                              ./../../../../../../home/thesis/Desktop/trusted_data_store/ta/tds_ta_to_ta_entry.o (memcpy)
/home/thesis/Desktop/optee_rpi3bplus/optee_os/out/arm/export-ta_arm64/lib/libutils.a(memset.o)
                              /home/thesis/Desktop/optee_rpi3bplus/optee_os/out/arm/export-ta_arm64/lib/libutils.a(bget_malloc.o) (memset)
/home/thesis/Desktop/optee_rpi3bplus/optee_os/out/arm/export-ta_arm64/lib/libutils.a(strlen.o)
                              ./../../../../../../home/thesis/Desktop/trusted_data_store/ta/tds_ta_to_ta_entry.o (strlen)
/home/thesis/Desktop/optee_rpi3bplus/optee_os/out/arm/export-ta_arm64/lib/libutils.a(snprintk.o)
                              /home/thesis/Desktop/optee_rpi3bplus/optee_os/out/arm/export-ta_arm64/lib/libutils.a(snprintf.o) (__vsnprintf)
/home/thesis/Desktop/optee_rpi3bplus/optee_os/out/arm/export-ta_arm64/lib/libutils.a(memchr.o)
                              /home/thesis/Desktop/optee_rpi3bplus/optee_os/out/arm/export-ta_arm64/lib/libutils.a(snprintk.o) (memchr)
/home/thesis/Desktop/optee_rpi3bplus/optee_os/out/arm/export-ta_arm64/lib/libutee.a(trace_ext.o)
                              ./../common/hce.o (printf)
/home/thesis/Desktop/optee_rpi3bplus/optee_os/out/arm/export-ta_arm64/lib/libutee.a(assert.o)
                              /home/thesis/Desktop/optee_rpi3bplus/optee_os/out/arm/export-ta_arm64/lib/libutils.a(bget_malloc.o) (_assert_log)
/home/thesis/Desktop/optee_rpi3bplus/optee_os/out/arm/export-ta_arm64/lib/libutee.a(tee_api.o)
                              ./../../../../../../home/thesis/Desktop/trusted_data_store/ta/tds_ta_to_ta_entry.o (TEE_OpenTASession)
/home/thesis/Desktop/optee_rpi3bplus/optee_os/out/arm/export-ta_arm64/lib/libutee.a(tee_api_panic.o)
                              /home/thesis/Desktop/optee_rpi3bplus/optee_os/out/arm/export-ta_arm64/lib/libutee.a(tee_api.o) (TEE_Panic)
/home/thesis/Desktop/optee_rpi3bplus/optee_os/out/arm/export-ta_arm64/lib/libutee.a(user_ta_entry.o)
                              ./user_ta_header.o (__utee_entry)
/home/thesis/Desktop/optee_rpi3bplus/optee_os/out/arm/export-ta_arm64/lib/libutee.a(utee_syscalls_a64.o)
                              /home/thesis/Desktop/optee_rpi3bplus/optee_os/out/arm/export-ta_arm64/lib/libutee.a(assert.o) (utee_panic)
/home/thesis/Desktop/optee_rpi3bplus/optee_os/out/arm/export-ta_arm64/lib/libutee.a(tee_api_arith_mpi.o)
                              /home/thesis/Desktop/optee_rpi3bplus/optee_os/out/arm/export-ta_arm64/lib/libutee.a(user_ta_entry.o) (_TEE_MathAPI_Init)
/home/thesis/Desktop/optee_rpi3bplus/optee_os/out/arm/export-ta_arm64/lib/libmbedtls.a(bignum.o)
                              /home/thesis/Desktop/optee_rpi3bplus/optee_os/out/arm/export-ta_arm64/lib/libutee.a(tee_api_arith_mpi.o) (mbedtls_mpi_init_mempool)
/home/thesis/Desktop/optee_rpi3bplus/optee_os/out/arm/export-ta_arm64/lib/libmbedtls.a(platform_util.o)
                              /home/thesis/Desktop/optee_rpi3bplus/optee_os/out/arm/export-ta_arm64/lib/libmbedtls.a(bignum.o) (mbedtls_platform_zeroize)
/home/thesis/Desktop/optee_rpi3bplus/optee_os/out/arm/export-ta_arm64/lib/libutils.a(memmove.o)
                              /home/thesis/Desktop/optee_rpi3bplus/optee_os/out/arm/export-ta_arm64/lib/libutee.a(tee_api.o) (memmove)
/home/thesis/Desktop/optee_rpi3bplus/optee_os/out/arm/export-ta_arm64/lib/libutils.a(trace.o)
                              /home/thesis/Desktop/optee_rpi3bplus/optee_os/out/arm/export-ta_arm64/lib/libutee.a(user_ta_entry.o) (trace_set_level)
/home/thesis/Desktop/optee_rpi3bplus/optee_os/out/arm/export-ta_arm64/lib/libutils.a(mempool.o)
                              /home/thesis/Desktop/optee_rpi3bplus/optee_os/out/arm/export-ta_arm64/lib/libutee.a(tee_api_arith_mpi.o) (mempool_alloc_pool)
/home/thesis/Desktop/optee_rpi3bplus/optee_os/out/arm/export-ta_arm64/lib/libutils.a(consttime_memcmp.o)
                              /home/thesis/Desktop/optee_rpi3bplus/optee_os/out/arm/export-ta_arm64/lib/libutee.a(tee_api.o) (consttime_memcmp)

Allocating common symbols
Common symbol       size              file

ta_heap             0x8000            ./user_ta_header.o
ta_param_types      0x4               /home/thesis/Desktop/optee_rpi3bplus/optee_os/out/arm/export-ta_arm64/lib/libutee.a(user_ta_entry.o)
ta_params           0x40              /home/thesis/Desktop/optee_rpi3bplus/optee_os/out/arm/export-ta_arm64/lib/libutee.a(user_ta_entry.o)
elapsed             0x8               ./trusted_hce_ta.o
[...]
Memory Configuration

Name             Origin             Length             Attributes
*default*        0x0000000000000000 0xffffffffffffffff

Linker script and memory map


.ta_head        0x0000000000000000       0x20
 *(SORT_BY_ALIGNMENT(.ta_head))
 .ta_head       0x0000000000000000       0x20 ./user_ta_header.o
                0x0000000000000000                ta_head

.text           0x0000000000000020     0x8970
                0x0000000000000020                __text_start = .
 *(SORT_BY_ALIGNMENT(.text) SORT_BY_ALIGNMENT(.text.*))
 .text          0x0000000000000020      0x2cc ./../../../../../../home/thesis/Desktop/trusted_data_store/ta/tds_ta_to_ta_entry.o
                0x0000000000000020                init_tds_ta
                0x0000000000000078                exit_tds_ta
                0x0000000000000084                tds_contains_key
                0x00000000000000e0                tds_contains_field
                0x0000000000000158                tds_get
                0x00000000000001ec                tds_insert
                0x0000000000000274                tds_delete
 .text          0x00000000000002ec      0x124 ./../../../../../../home/thesis/Desktop/secure_nfc/ta/snfc_ta_to_ta_entry.o
                0x00000000000002ec                init_snfc_ta
                0x0000000000000344                exit_snfc_ta
                0x0000000000000350                create_snfc_packet
                0x00000000000003b0                process_snfc_packet
 .text          0x0000000000000410       0xcc ./../common/hce.o
                0x0000000000000410                print_card
                0x0000000000000458                read_hce_card
                0x000000000000047c                write_hce_card
 .text          0x00000000000004dc      0x31c ./trusted_hce.o
                0x00000000000004dc                process_response
                0x00000000000006f4                create_request
 .text          0x00000000000007f8       0xf8 ./trusted_hce_ta.o
                0x00000000000007f8                TA_CreateEntryPoint
                0x00000000000007fc                TA_DestroyEntryPoint
                0x0000000000000810                TA_OpenSessionEntryPoint
                0x0000000000000820                TA_CloseSessionEntryPoint
                0x0000000000000824                get_evaluation_time
                0x0000000000000834                TA_InvokeCommandEntryPoint
 .text          0x00000000000008f0       0x1c ./user_ta_header.o
                0x00000000000008f0                __ta_entry
                0x0000000000000904                tahead_get_trace_level
 .text          0x000000000000090c      0xc10 /home/thesis/Desktop/optee_rpi3bplus/optee_os/out/arm/export-ta_arm64/lib/libutils.a(bget_malloc.o)
                0x0000000000000950                bget
                0x0000000000000b10                bgetz
                0x0000000000000b9c                brel
                0x0000000000000e58                bgetr
                0x0000000000000f24                bpool
                0x0000000000000ff8                bstats
                0x0000000000001090                malloc_reset_stats
                0x00000000000010a8                malloc_get_stats
                0x00000000000010e0                malloc
                0x0000000000001130                calloc
                0x0000000000001194                realloc
                0x00000000000011e4                free
                0x00000000000011fc                free_wipe
                0x0000000000001214                malloc_add_pool
                0x0000000000001330                malloc_buffer_is_within_alloced
                0x00000000000014b0                malloc_buffer_overlaps_heap
 .text          0x000000000000151c       0xcc /home/thesis/Desktop/optee_rpi3bplus/optee_os/out/arm/export-ta_arm64/lib/libutils.a(snprintf.o)
                0x000000000000151c                snprintf
                0x0000000000001594                vsnprintf
 .text          0x00000000000015e8       0x20 /home/thesis/Desktop/optee_rpi3bplus/optee_os/out/arm/export-ta_arm64/lib/libutils.a(memcpy.o)
                0x00000000000015e8                memcpy
 .text          0x0000000000001608       0x1c /home/thesis/Desktop/optee_rpi3bplus/optee_os/out/arm/export-ta_arm64/lib/libutils.a(memset.o)
                0x0000000000001608                memset
 .text          0x0000000000001624       0x1c /home/thesis/Desktop/optee_rpi3bplus/optee_os/out/arm/export-ta_arm64/lib/libutils.a(strlen.o)
                0x0000000000001624                strlen
 .text          0x0000000000001640      0xcfc /home/thesis/Desktop/optee_rpi3bplus/optee_os/out/arm/export-ta_arm64/lib/libutils.a(snprintk.o)
                0x0000000000001640                __vsnprintf
                0x0000000000002274                vsnprintk
                0x00000000000022c8                snprintk
 .text          0x000000000000233c       0x2c /home/thesis/Desktop/optee_rpi3bplus/optee_os/out/arm/export-ta_arm64/lib/libutils.a(memchr.o)
                0x000000000000233c                memchr
 .text          0x0000000000002368      0x174 /home/thesis/Desktop/optee_rpi3bplus/optee_os/out/arm/export-ta_arm64/lib/libutee.a(trace_ext.o)
                0x0000000000002368                trace_ext_puts
                0x0000000000002390                trace_ext_get_thread_id
                0x0000000000002398                printf
                0x0000000000002460                puts
                0x00000000000024a0                putchar
 .text          0x00000000000024dc       0x58 /home/thesis/Desktop/optee_rpi3bplus/optee_os/out/arm/export-ta_arm64/lib/libutee.a(assert.o)
                0x00000000000024dc                _assert_log
                0x0000000000002520                _assert_break
 .text          0x0000000000002534      0x4e0 /home/thesis/Desktop/optee_rpi3bplus/optee_os/out/arm/export-ta_arm64/lib/libutee.a(tee_api.o)
                0x0000000000002534                __utee_from_param
                0x00000000000025ac                __utee_to_param
                0x0000000000002618                TEE_OpenTASession
                0x00000000000026a8                TEE_CloseTASession
                0x00000000000026d0                TEE_InvokeTACommand
                0x0000000000002788                TEE_GetCancellationFlag
                0x00000000000027b4                TEE_UnmaskCancellation
                0x00000000000027e0                TEE_MaskCancellation
                0x000000000000280c                TEE_CheckMemoryAccessRights
                0x0000000000002820                TEE_SetInstanceData
                0x000000000000282c                TEE_GetInstanceData
                0x0000000000002838                TEE_MemMove
                0x0000000000002840                TEE_MemCompare
                0x0000000000002848                TEE_MemFill
                0x0000000000002850                TEE_GetSystemTime
                0x0000000000002878                TEE_Wait
                0x00000000000028b4                TEE_GetTAPersistentTime
                0x0000000000002928                TEE_SetTAPersistentTime
                0x000000000000296c                TEE_GetREETime
                0x0000000000002994                TEE_Malloc
                0x00000000000029f0                TEE_Realloc
                0x00000000000029f8                TEE_Free
                0x00000000000029fc                TEE_CacheClean
                0x0000000000002a04                TEE_CacheFlush
                0x0000000000002a0c                TEE_CacheInvalidate
 .text          0x0000000000002a14        0x8 /home/thesis/Desktop/optee_rpi3bplus/optee_os/out/arm/export-ta_arm64/lib/libutee.a(tee_api_panic.o)
                0x0000000000002a14                TEE_Panic
 .text          0x0000000000002a1c      0x2cc /home/thesis/Desktop/optee_rpi3bplus/optee_os/out/arm/export-ta_arm64/lib/libutee.a(user_ta_entry.o)
                0x0000000000002aec                __utee_entry
 .text.utee_panic
                0x0000000000002ce8        0xc /home/thesis/Desktop/optee_rpi3bplus/optee_os/out/arm/export-ta_arm64/lib/libutee.a(utee_syscalls_a64.o)
                0x0000000000002ce8                utee_panic
 .text.utee_return
                0x0000000000002cf4        0xc /home/thesis/Desktop/optee_rpi3bplus/optee_os/out/arm/export-ta_arm64/lib/libutee.a(utee_syscalls_a64.o)
                0x0000000000002cf4                utee_return
 .text.utee_log
                0x0000000000002d00        0xc /home/thesis/Desktop/optee_rpi3bplus/optee_os/out/arm/export-ta_arm64/lib/libutee.a(utee_syscalls_a64.o)
                0x0000000000002d00                utee_log
 .text.__utee_panic
                0x0000000000002d0c        0xc /home/thesis/Desktop/optee_rpi3bplus/optee_os/out/arm/export-ta_arm64/lib/libutee.a(utee_syscalls_a64.o)
                0x0000000000002d0c                __utee_panic
 .text.utee_get_property
                0x0000000000002d18        0xc /home/thesis/Desktop/optee_rpi3bplus/optee_os/out/arm/export-ta_arm64/lib/libutee.a(utee_syscalls_a64.o)
                0x0000000000002d18                utee_get_property
 .text.utee_get_property_name_to_index
                0x0000000000002d24        0xc /home/thesis/Desktop/optee_rpi3bplus/optee_os/out/arm/export-ta_arm64/lib/libutee.a(utee_syscalls_a64.o)
                0x0000000000002d24                utee_get_property_name_to_index
 .text.utee_open_ta_session
                0x0000000000002d30        0xc /home/thesis/Desktop/optee_rpi3bplus/optee_os/out/arm/export-ta_arm64/lib/libutee.a(utee_syscalls_a64.o)
                0x0000000000002d30                utee_open_ta_session
 .text.utee_close_ta_session
                0x0000000000002d3c        0xc /home/thesis/Desktop/optee_rpi3bplus/optee_os/out/arm/export-ta_arm64/lib/libutee.a(utee_syscalls_a64.o)
                0x0000000000002d3c                utee_close_ta_session
 .text.utee_invoke_ta_command
                0x0000000000002d48        0xc /home/thesis/Desktop/optee_rpi3bplus/optee_os/out/arm/export-ta_arm64/lib/libutee.a(utee_syscalls_a64.o)
                0x0000000000002d48                utee_invoke_ta_command
 .text.utee_get_cancellation_flag
                0x0000000000002d54        0xc /home/thesis/Desktop/optee_rpi3bplus/optee_os/out/arm/export-ta_arm64/lib/libutee.a(utee_syscalls_a64.o)
                0x0000000000002d54                utee_get_cancellation_flag
 .text.utee_check_access_rights
                0x0000000000002d60        0xc /home/thesis/Desktop/optee_rpi3bplus/optee_os/out/arm/export-ta_arm64/lib/libutee.a(utee_syscalls_a64.o)
                0x0000000000002d60                utee_check_access_rights
 .text.utee_unmask_cancellation
                0x0000000000002d6c        0xc /home/thesis/Desktop/optee_rpi3bplus/optee_os/out/arm/export-ta_arm64/lib/libutee.a(utee_syscalls_a64.o)
                0x0000000000002d6c                utee_unmask_cancellation
 .text.utee_mask_cancellation
                0x0000000000002d78        0xc /home/thesis/Desktop/optee_rpi3bplus/optee_os/out/arm/export-ta_arm64/lib/libutee.a(utee_syscalls_a64.o)
                0x0000000000002d78                utee_mask_cancellation
 .text.utee_wait
                0x0000000000002d84        0xc /home/thesis/Desktop/optee_rpi3bplus/optee_os/out/arm/export-ta_arm64/lib/libutee.a(utee_syscalls_a64.o)
                0x0000000000002d84                utee_wait
 .text.utee_get_time
                0x0000000000002d90        0xc /home/thesis/Desktop/optee_rpi3bplus/optee_os/out/arm/export-ta_arm64/lib/libutee.a(utee_syscalls_a64.o)
                0x0000000000002d90                utee_get_time
 .text.utee_set_ta_time
                0x0000000000002d9c        0xc /home/thesis/Desktop/optee_rpi3bplus/optee_os/out/arm/export-ta_arm64/lib/libutee.a(utee_syscalls_a64.o)
                0x0000000000002d9c                utee_set_ta_time
 .text.utee_cryp_state_alloc
                0x0000000000002da8        0xc /home/thesis/Desktop/optee_rpi3bplus/optee_os/out/arm/export-ta_arm64/lib/libutee.a(utee_syscalls_a64.o)
                0x0000000000002da8                utee_cryp_state_alloc
 .text.utee_cryp_state_copy
                0x0000000000002db4        0xc /home/thesis/Desktop/optee_rpi3bplus/optee_os/out/arm/export-ta_arm64/lib/libutee.a(utee_syscalls_a64.o)
                0x0000000000002db4                utee_cryp_state_copy
 .text.utee_cryp_state_free
                0x0000000000002dc0        0xc /home/thesis/Desktop/optee_rpi3bplus/optee_os/out/arm/export-ta_arm64/lib/libutee.a(utee_syscalls_a64.o)
                0x0000000000002dc0                utee_cryp_state_free
 .text.utee_hash_init
                0x0000000000002dcc        0xc /home/thesis/Desktop/optee_rpi3bplus/optee_os/out/arm/export-ta_arm64/lib/libutee.a(utee_syscalls_a64.o)
                0x0000000000002dcc                utee_hash_init
 .text.utee_hash_update
                0x0000000000002dd8        0xc /home/thesis/Desktop/optee_rpi3bplus/optee_os/out/arm/export-ta_arm64/lib/libutee.a(utee_syscalls_a64.o)
                0x0000000000002dd8                utee_hash_update
 .text.utee_hash_final
                0x0000000000002de4        0xc /home/thesis/Desktop/optee_rpi3bplus/optee_os/out/arm/export-ta_arm64/lib/libutee.a(utee_syscalls_a64.o)
                0x0000000000002de4                utee_hash_final
 .text.utee_cipher_init
                0x0000000000002df0        0xc /home/thesis/Desktop/optee_rpi3bplus/optee_os/out/arm/export-ta_arm64/lib/libutee.a(utee_syscalls_a64.o)
                0x0000000000002df0                utee_cipher_init
 .text.utee_cipher_update
                0x0000000000002dfc        0xc /home/thesis/Desktop/optee_rpi3bplus/optee_os/out/arm/export-ta_arm64/lib/libutee.a(utee_syscalls_a64.o)
                0x0000000000002dfc                utee_cipher_update
 .text.utee_cipher_final
                0x0000000000002e08        0xc /home/thesis/Desktop/optee_rpi3bplus/optee_os/out/arm/export-ta_arm64/lib/libutee.a(utee_syscalls_a64.o)
                0x0000000000002e08                utee_cipher_final
 .text.utee_cryp_obj_get_info
                0x0000000000002e14        0xc /home/thesis/Desktop/optee_rpi3bplus/optee_os/out/arm/export-ta_arm64/lib/libutee.a(utee_syscalls_a64.o)
                0x0000000000002e14                utee_cryp_obj_get_info
 .text.utee_cryp_obj_restrict_usage
                0x0000000000002e20        0xc /home/thesis/Desktop/optee_rpi3bplus/optee_os/out/arm/export-ta_arm64/lib/libutee.a(utee_syscalls_a64.o)
                0x0000000000002e20                utee_cryp_obj_restrict_usage
 .text.utee_cryp_obj_get_attr
                0x0000000000002e2c        0xc /home/thesis/Desktop/optee_rpi3bplus/optee_os/out/arm/export-ta_arm64/lib/libutee.a(utee_syscalls_a64.o)
                0x0000000000002e2c                utee_cryp_obj_get_attr
 .text.utee_cryp_obj_alloc
                0x0000000000002e38        0xc /home/thesis/Desktop/optee_rpi3bplus/optee_os/out/arm/export-ta_arm64/lib/libutee.a(utee_syscalls_a64.o)
                0x0000000000002e38                utee_cryp_obj_alloc
 .text.utee_cryp_obj_close
                0x0000000000002e44        0xc /home/thesis/Desktop/optee_rpi3bplus/optee_os/out/arm/export-ta_arm64/lib/libutee.a(utee_syscalls_a64.o)
                0x0000000000002e44                utee_cryp_obj_close
 .text.utee_cryp_obj_reset
                0x0000000000002e50        0xc /home/thesis/Desktop/optee_rpi3bplus/optee_os/out/arm/export-ta_arm64/lib/libutee.a(utee_syscalls_a64.o)
                0x0000000000002e50                utee_cryp_obj_reset
 .text.utee_cryp_obj_populate
                0x0000000000002e5c        0xc /home/thesis/Desktop/optee_rpi3bplus/optee_os/out/arm/export-ta_arm64/lib/libutee.a(utee_syscalls_a64.o)
                0x0000000000002e5c                utee_cryp_obj_populate
 .text.utee_cryp_obj_copy
                0x0000000000002e68        0xc /home/thesis/Desktop/optee_rpi3bplus/optee_os/out/arm/export-ta_arm64/lib/libutee.a(utee_syscalls_a64.o)
                0x0000000000002e68                utee_cryp_obj_copy
 .text.utee_cryp_derive_key
                0x0000000000002e74        0xc /home/thesis/Desktop/optee_rpi3bplus/optee_os/out/arm/export-ta_arm64/lib/libutee.a(utee_syscalls_a64.o)
                0x0000000000002e74                utee_cryp_derive_key
 .text.utee_cryp_random_number_generate
                0x0000000000002e80        0xc /home/thesis/Desktop/optee_rpi3bplus/optee_os/out/arm/export-ta_arm64/lib/libutee.a(utee_syscalls_a64.o)
                0x0000000000002e80                utee_cryp_random_number_generate
 .text.utee_authenc_init
                0x0000000000002e8c        0xc /home/thesis/Desktop/optee_rpi3bplus/optee_os/out/arm/export-ta_arm64/lib/libutee.a(utee_syscalls_a64.o)
                0x0000000000002e8c                utee_authenc_init
 .text.utee_authenc_update_aad
                0x0000000000002e98        0xc /home/thesis/Desktop/optee_rpi3bplus/optee_os/out/arm/export-ta_arm64/lib/libutee.a(utee_syscalls_a64.o)
                0x0000000000002e98                utee_authenc_update_aad
 .text.utee_authenc_update_payload
                0x0000000000002ea4        0xc /home/thesis/Desktop/optee_rpi3bplus/optee_os/out/arm/export-ta_arm64/lib/libutee.a(utee_syscalls_a64.o)
                0x0000000000002ea4                utee_authenc_update_payload
 .text.utee_authenc_enc_final
                0x0000000000002eb0        0xc /home/thesis/Desktop/optee_rpi3bplus/optee_os/out/arm/export-ta_arm64/lib/libutee.a(utee_syscalls_a64.o)
                0x0000000000002eb0                utee_authenc_enc_final
 .text.utee_authenc_dec_final
                0x0000000000002ebc        0xc /home/thesis/Desktop/optee_rpi3bplus/optee_os/out/arm/export-ta_arm64/lib/libutee.a(utee_syscalls_a64.o)
                0x0000000000002ebc                utee_authenc_dec_final
 .text.utee_asymm_operate
                0x0000000000002ec8        0xc /home/thesis/Desktop/optee_rpi3bplus/optee_os/out/arm/export-ta_arm64/lib/libutee.a(utee_syscalls_a64.o)
                0x0000000000002ec8                utee_asymm_operate
 .text.utee_asymm_verify
                0x0000000000002ed4        0xc /home/thesis/Desktop/optee_rpi3bplus/optee_os/out/arm/export-ta_arm64/lib/libutee.a(utee_syscalls_a64.o)
                0x0000000000002ed4                utee_asymm_verify
 .text.utee_storage_obj_open
                0x0000000000002ee0        0xc /home/thesis/Desktop/optee_rpi3bplus/optee_os/out/arm/export-ta_arm64/lib/libutee.a(utee_syscalls_a64.o)
                0x0000000000002ee0                utee_storage_obj_open
 .text.utee_storage_obj_create
                0x0000000000002eec        0xc /home/thesis/Desktop/optee_rpi3bplus/optee_os/out/arm/export-ta_arm64/lib/libutee.a(utee_syscalls_a64.o)
                0x0000000000002eec                utee_storage_obj_create
 .text.utee_storage_obj_del
                0x0000000000002ef8        0xc /home/thesis/Desktop/optee_rpi3bplus/optee_os/out/arm/export-ta_arm64/lib/libutee.a(utee_syscalls_a64.o)
                0x0000000000002ef8                utee_storage_obj_del
 .text.utee_storage_obj_rename
                0x0000000000002f04        0xc /home/thesis/Desktop/optee_rpi3bplus/optee_os/out/arm/export-ta_arm64/lib/libutee.a(utee_syscalls_a64.o)
                0x0000000000002f04                utee_storage_obj_rename
 .text.utee_storage_alloc_enum
                0x0000000000002f10        0xc /home/thesis/Desktop/optee_rpi3bplus/optee_os/out/arm/export-ta_arm64/lib/libutee.a(utee_syscalls_a64.o)
                0x0000000000002f10                utee_storage_alloc_enum
 .text.utee_storage_free_enum
                0x0000000000002f1c        0xc /home/thesis/Desktop/optee_rpi3bplus/optee_os/out/arm/export-ta_arm64/lib/libutee.a(utee_syscalls_a64.o)
                0x0000000000002f1c                utee_storage_free_enum
 .text.utee_storage_reset_enum
                0x0000000000002f28        0xc /home/thesis/Desktop/optee_rpi3bplus/optee_os/out/arm/export-ta_arm64/lib/libutee.a(utee_syscalls_a64.o)
                0x0000000000002f28                utee_storage_reset_enum
 .text.utee_storage_start_enum
                0x0000000000002f34        0xc /home/thesis/Desktop/optee_rpi3bplus/optee_os/out/arm/export-ta_arm64/lib/libutee.a(utee_syscalls_a64.o)
                0x0000000000002f34                utee_storage_start_enum
 .text.utee_storage_next_enum
                0x0000000000002f40        0xc /home/thesis/Desktop/optee_rpi3bplus/optee_os/out/arm/export-ta_arm64/lib/libutee.a(utee_syscalls_a64.o)
                0x0000000000002f40                utee_storage_next_enum
 .text.utee_storage_obj_read
                0x0000000000002f4c        0xc /home/thesis/Desktop/optee_rpi3bplus/optee_os/out/arm/export-ta_arm64/lib/libutee.a(utee_syscalls_a64.o)
                0x0000000000002f4c                utee_storage_obj_read
 .text.utee_storage_obj_write
                0x0000000000002f58        0xc /home/thesis/Desktop/optee_rpi3bplus/optee_os/out/arm/export-ta_arm64/lib/libutee.a(utee_syscalls_a64.o)
                0x0000000000002f58                utee_storage_obj_write
 .text.utee_storage_obj_trunc
                0x0000000000002f64        0xc /home/thesis/Desktop/optee_rpi3bplus/optee_os/out/arm/export-ta_arm64/lib/libutee.a(utee_syscalls_a64.o)
                0x0000000000002f64                utee_storage_obj_trunc
 .text.utee_storage_obj_seek
                0x0000000000002f70        0xc /home/thesis/Desktop/optee_rpi3bplus/optee_os/out/arm/export-ta_arm64/lib/libutee.a(utee_syscalls_a64.o)
                0x0000000000002f70                utee_storage_obj_seek
 .text.utee_cryp_obj_generate_key
                0x0000000000002f7c        0xc /home/thesis/Desktop/optee_rpi3bplus/optee_os/out/arm/export-ta_arm64/lib/libutee.a(utee_syscalls_a64.o)
                0x0000000000002f7c                utee_cryp_obj_generate_key
 .text.utee_cache_operation
                0x0000000000002f88        0xc /home/thesis/Desktop/optee_rpi3bplus/optee_os/out/arm/export-ta_arm64/lib/libutee.a(utee_syscalls_a64.o)
                0x0000000000002f88                utee_cache_operation
 .text          0x0000000000002f94     0x1944 /home/thesis/Desktop/optee_rpi3bplus/optee_os/out/arm/export-ta_arm64/lib/libutee.a(tee_api_arith_mpi.o)
                0x000000000000379c                _TEE_MathAPI_Init
                0x00000000000037ec                TEE_BigIntInit
                0x000000000000385c                TEE_BigIntConvertFromOctetString
                0x00000000000038e8                TEE_BigIntConvertToOctetString
                0x000000000000397c                TEE_BigIntConvertFromS32
                0x0000000000003a00                TEE_BigIntConvertToS32
                0x0000000000003a88                TEE_BigIntCmp
                0x0000000000003af0                TEE_BigIntCmpS32
                0x0000000000003ccc                TEE_BigIntShiftRight
                0x0000000000003e38                TEE_BigIntGetBit
                0x0000000000003e84                TEE_BigIntGetBitCount
                0x0000000000003ec4                TEE_BigIntAdd
                0x0000000000003ed0                TEE_BigIntSub
                0x0000000000003edc                TEE_BigIntNeg
                0x0000000000003f8c                TEE_BigIntMul
                0x0000000000004074                TEE_BigIntSquare
                0x000000000000407c                TEE_BigIntDiv
                0x00000000000041f4                TEE_BigIntMod
                0x0000000000004258                TEE_BigIntAddMod
                0x0000000000004264                TEE_BigIntSubMod
                0x0000000000004270                TEE_BigIntMulMod
                0x000000000000427c                TEE_BigIntSquareMod
                0x0000000000004288                TEE_BigIntInvMod
                0x00000000000043a4                TEE_BigIntRelativePrime
                0x0000000000004478                TEE_BigIntComputeExtendedGcd
                0x00000000000046b0                TEE_BigIntIsProbablePrime
                0x0000000000004700                TEE_BigIntInitFMM
                0x0000000000004704                TEE_BigIntInitFMMContext
                0x0000000000004708                TEE_BigIntFMMSizeInU32
                0x0000000000004718                TEE_BigIntFMMContextSizeInU32
                0x0000000000004720                TEE_BigIntConvertToFMM
                0x0000000000004724                TEE_BigIntConvertFromFMM
                0x00000000000047c0                TEE_BigIntComputeFMM
 .text          0x00000000000048d8     0x3bc8 /home/thesis/Desktop/optee_rpi3bplus/optee_os/out/arm/export-ta_arm64/lib/libmbedtls.a(bignum.o)
                0x0000000000004e70                mbedtls_mpi_init
                0x0000000000004e80                mbedtls_mpi_init_mempool
                0x0000000000004ea8                mbedtls_mpi_free
                0x0000000000004f14                mbedtls_mpi_grow
                0x000000000000500c                mbedtls_mpi_shrink
                0x000000000000512c                mbedtls_mpi_copy
                0x00000000000051e0                mbedtls_mpi_swap
                0x0000000000005240                mbedtls_mpi_safe_cond_assign
                0x0000000000005300                mbedtls_mpi_safe_cond_swap
                0x00000000000053e4                mbedtls_mpi_lset
                0x000000000000544c                mbedtls_mpi_get_bit
                0x0000000000005478                mbedtls_mpi_set_bit
                0x0000000000005504                mbedtls_mpi_lsb
                0x0000000000005558                mbedtls_mpi_bitlen
                0x00000000000055b4                mbedtls_mpi_size
                0x00000000000055d0                mbedtls_mpi_read_binary
                0x0000000000005688                mbedtls_mpi_write_binary
                0x000000000000574c                mbedtls_mpi_shift_l
                0x000000000000584c                mbedtls_mpi_shift_r
                0x0000000000005914                mbedtls_mpi_cmp_abs
                0x00000000000059b0                mbedtls_mpi_cmp_mpi
                0x0000000000005a88                mbedtls_mpi_cmp_int
                0x0000000000005ac8                mbedtls_mpi_add_abs
                0x0000000000005bf4                mbedtls_mpi_sub_abs
                0x0000000000005cc8                mbedtls_mpi_add_mpi
                0x0000000000005d50                mbedtls_mpi_sub_mpi
                0x0000000000005ddc                mbedtls_mpi_add_int
                0x0000000000005e1c                mbedtls_mpi_sub_int
                0x0000000000005e5c                mbedtls_mpi_mul_mpi
                0x0000000000005fac                mbedtls_mpi_mul_int
                0x0000000000005fe0                mbedtls_mpi_read_string
                0x00000000000061c4                mbedtls_mpi_div_mpi
                0x00000000000066f0                mbedtls_mpi_div_int
                0x0000000000006730                mbedtls_mpi_mod_mpi
                0x00000000000067e4                mbedtls_mpi_mod_int
                0x0000000000006958                mbedtls_mpi_write_string
                0x0000000000006bc4                mbedtls_mpi_montg_init
                0x0000000000006c00                mbedtls_mpi_montmul
                0x0000000000006d34                mbedtls_mpi_montred
                0x0000000000006d74                mbedtls_mpi_exp_mod
                0x0000000000007400                mbedtls_mpi_gcd
                0x00000000000075bc                mbedtls_mpi_fill_random
                0x00000000000078c8                mbedtls_mpi_inv_mod
                0x0000000000007d00                mbedtls_mpi_is_prime_ext
                0x0000000000007da8                mbedtls_mpi_is_prime
                0x0000000000007db8                mbedtls_mpi_gen_prime
                0x00000000000080c4                mbedtls_mpi_self_test
 .text          0x00000000000084a0       0x14 /home/thesis/Desktop/optee_rpi3bplus/optee_os/out/arm/export-ta_arm64/lib/libmbedtls.a(platform_util.o)
                0x00000000000084a0                mbedtls_platform_zeroize
 .text          0x00000000000084b4       0x5c /home/thesis/Desktop/optee_rpi3bplus/optee_os/out/arm/export-ta_arm64/lib/libutils.a(memmove.o)
                0x00000000000084b4                memmove
 .text          0x0000000000008510      0x268 /home/thesis/Desktop/optee_rpi3bplus/optee_os/out/arm/export-ta_arm64/lib/libutils.a(trace.o)
                0x0000000000008510                trace_set_level
                0x000000000000852c                trace_get_level
                0x000000000000853c                trace_printf
                0x0000000000008774                dhex_dump
 .text          0x0000000000008778      0x1a8 /home/thesis/Desktop/optee_rpi3bplus/optee_os/out/arm/export-ta_arm64/lib/libutils.a(mempool.o)
                0x0000000000008778                mempool_alloc_pool
                0x00000000000087e0                mempool_alloc
                0x000000000000888c                mempool_calloc
                0x00000000000088dc                mempool_free
 .text          0x0000000000008920       0x70 /home/thesis/Desktop/optee_rpi3bplus/optee_os/out/arm/export-ta_arm64/lib/libutils.a(consttime_memcmp.o)
                0x0000000000008920                consttime_memcmp
 .text          0x0000000000008990        0x0 /home/thesis/Desktop/optee_rpi3bplus/optee_os/out/arm/export-ta_arm64/lib/libutee.a(utee_syscalls_a64.o)
 *(SORT_BY_ALIGNMENT(.stub))
 *(SORT_BY_ALIGNMENT(.glue_7))
 *(SORT_BY_ALIGNMENT(.glue_7t))
 *(SORT_BY_ALIGNMENT(.gnu.linkonce.t.*))
 *(SORT_BY_ALIGNMENT(.vfp11_veneer))
                0x0000000000008990                __text_end = .

.plt            0x0000000000008990        0x0
 *(SORT_BY_ALIGNMENT(.plt))
 .plt           0x0000000000008990        0x0 ./../../../../../../home/thesis/Desktop/trusted_data_store/ta/tds_ta_to_ta_entry.o

.eh_frame       0x0000000000008990     0x1b4c
 *(SORT_BY_ALIGNMENT(.eh_frame))
 .eh_frame      0x0000000000008990      0x108 ./../../../../../../home/thesis/Desktop/trusted_data_store/ta/tds_ta_to_ta_entry.o
 .eh_frame      0x0000000000008a98       0x80 ./../../../../../../home/thesis/Desktop/secure_nfc/ta/snfc_ta_to_ta_entry.o
                                         0x90 (size before relaxing)
 .eh_frame      0x0000000000008b18       0x68 ./../common/hce.o
                                         0x78 (size before relaxing)
 .eh_frame      0x0000000000008b80       0x68 ./trusted_hce.o
                                         0x78 (size before relaxing)
 .eh_frame      0x0000000000008be8       0xa0 ./trusted_hce_ta.o
                                         0xb0 (size before relaxing)
 .eh_frame      0x0000000000008c88       0x30 ./user_ta_header.o
                                         0x40 (size before relaxing)
 .eh_frame      0x0000000000008cb8      0x228 /home/thesis/Desktop/optee_rpi3bplus/optee_os/out/arm/export-ta_arm64/lib/libutils.a(bget_malloc.o)
                                        0x238 (size before relaxing)
 .eh_frame      0x0000000000008ee0       0x48 /home/thesis/Desktop/optee_rpi3bplus/optee_os/out/arm/export-ta_arm64/lib/libutils.a(snprintf.o)
                                         0x60 (size before relaxing)
 .eh_frame      0x0000000000008f28       0x18 /home/thesis/Desktop/optee_rpi3bplus/optee_os/out/arm/export-ta_arm64/lib/libutils.a(memcpy.o)
                                         0x28 (size before relaxing)
 .eh_frame      0x0000000000008f40       0x18 /home/thesis/Desktop/optee_rpi3bplus/optee_os/out/arm/export-ta_arm64/lib/libutils.a(memset.o)
                                         0x28 (size before relaxing)
 .eh_frame      0x0000000000008f58       0x18 /home/thesis/Desktop/optee_rpi3bplus/optee_os/out/arm/export-ta_arm64/lib/libutils.a(strlen.o)
                                         0x28 (size before relaxing)
 .eh_frame      0x0000000000008f70       0x90 /home/thesis/Desktop/optee_rpi3bplus/optee_os/out/arm/export-ta_arm64/lib/libutils.a(snprintk.o)
                                         0xa8 (size before relaxing)
 .eh_frame      0x0000000000009000       0x18 /home/thesis/Desktop/optee_rpi3bplus/optee_os/out/arm/export-ta_arm64/lib/libutils.a(memchr.o)
                                         0x28 (size before relaxing)
 .eh_frame      0x0000000000009018       0xb0 /home/thesis/Desktop/optee_rpi3bplus/optee_os/out/arm/export-ta_arm64/lib/libutee.a(trace_ext.o)
                                         0xc0 (size before relaxing)
 .eh_frame      0x00000000000090c8       0x38 /home/thesis/Desktop/optee_rpi3bplus/optee_os/out/arm/export-ta_arm64/lib/libutee.a(assert.o)
                                         0x50 (size before relaxing)
 .eh_frame      0x0000000000009100      0x2d0 /home/thesis/Desktop/optee_rpi3bplus/optee_os/out/arm/export-ta_arm64/lib/libutee.a(tee_api.o)
                                        0x2e0 (size before relaxing)
 .eh_frame      0x00000000000093d0       0x18 /home/thesis/Desktop/optee_rpi3bplus/optee_os/out/arm/export-ta_arm64/lib/libutee.a(tee_api_panic.o)
                                         0x28 (size before relaxing)
 .eh_frame      0x00000000000093e8       0x90 /home/thesis/Desktop/optee_rpi3bplus/optee_os/out/arm/export-ta_arm64/lib/libutee.a(user_ta_entry.o)
                                         0xa8 (size before relaxing)
 .eh_frame      0x0000000000009478      0x630 /home/thesis/Desktop/optee_rpi3bplus/optee_os/out/arm/export-ta_arm64/lib/libutee.a(tee_api_arith_mpi.o)
                                        0x640 (size before relaxing)
 .eh_frame      0x0000000000009aa8      0x8e8 /home/thesis/Desktop/optee_rpi3bplus/optee_os/out/arm/export-ta_arm64/lib/libmbedtls.a(bignum.o)
                                        0x8f8 (size before relaxing)
 .eh_frame      0x000000000000a390       0x18 /home/thesis/Desktop/optee_rpi3bplus/optee_os/out/arm/export-ta_arm64/lib/libmbedtls.a(platform_util.o)
                                         0x28 (size before relaxing)
 .eh_frame      0x000000000000a3a8       0x18 /home/thesis/Desktop/optee_rpi3bplus/optee_os/out/arm/export-ta_arm64/lib/libutils.a(memmove.o)
                                         0x28 (size before relaxing)
 .eh_frame      0x000000000000a3c0       0x80 /home/thesis/Desktop/optee_rpi3bplus/optee_os/out/arm/export-ta_arm64/lib/libutils.a(trace.o)
                                         0x90 (size before relaxing)
 .eh_frame      0x000000000000a440       0x80 /home/thesis/Desktop/optee_rpi3bplus/optee_os/out/arm/export-ta_arm64/lib/libutils.a(mempool.o)
                                         0x98 (size before relaxing)
 .eh_frame      0x000000000000a4c0       0x1c /home/thesis/Desktop/optee_rpi3bplus/optee_os/out/arm/export-ta_arm64/lib/libutils.a(consttime_memcmp.o)
                                         0x30 (size before relaxing)

.rodata         0x000000000000a4e0      0xec6
 *(SORT_BY_ALIGNMENT(.gnu.linkonce.r.*))
 *(SORT_BY_ALIGNMENT(.rodata) SORT_BY_ALIGNMENT(.rodata.*))
 .rodata.user_ta_header.c
                0x000000000000a4e0       0x23 ./user_ta_header.o
                0x000000000000a4e0                ta_num_props
                0x000000000000a4f8                ta_heap_size
                0x000000000000a500                trace_ext_prefix
 *fill*         0x000000000000a503        0x1 
 .rodata.../../../../../../home/thesis/Desktop/trusted_data_store/ta/tds_ta_to_ta_entry.c
                0x000000000000a504       0x10 ./../../../../../../home/thesis/Desktop/trusted_data_store/ta/tds_ta_to_ta_entry.o
 .rodata.../../../../../../home/thesis/Desktop/secure_nfc/ta/snfc_ta_to_ta_entry.c
                0x000000000000a514       0x10 ./../../../../../../home/thesis/Desktop/secure_nfc/ta/snfc_ta_to_ta_entry.o
 .rodata.trusted_hce.c
                0x000000000000a524       0x10 ./trusted_hce.o
 .rodata.lib/libutee/tee_api.c
                0x000000000000a534       0x1a /home/thesis/Desktop/optee_rpi3bplus/optee_os/out/arm/export-ta_arm64/lib/libutee.a(tee_api.o)
 *fill*         0x000000000000a54e        0x2 
 .rodata.lib/libmbedtls/mbedtls/library/bignum.c
                0x000000000000a550      0x2c4 /home/thesis/Desktop/optee_rpi3bplus/optee_os/out/arm/export-ta_arm64/lib/libmbedtls.a(bignum.o)
 .rodata.str1.1.../common/hce.c
                0x000000000000a814       0x37 ./../common/hce.o
 .rodata.str1.1.trusted_hce.c
                0x000000000000a84b       0x1c ./trusted_hce.o
 .rodata.str1.1.user_ta_header.c
                0x000000000000a867       0xa6 ./user_ta_header.o
 .rodata.lib/libutils/isoc/bget_malloc.c
                0x000000000000a90d       0x58 /home/thesis/Desktop/optee_rpi3bplus/optee_os/out/arm/export-ta_arm64/lib/libutils.a(bget_malloc.o)
 .rodata.str1.1.lib/libutils/isoc/bget_malloc.c
                0x000000000000a965      0x2a4 /home/thesis/Desktop/optee_rpi3bplus/optee_os/out/arm/export-ta_arm64/lib/libutils.a(bget_malloc.o)
                                        0x2ad (size before relaxing)
 .rodata.lib/libutils/ext/snprintk.c
                0x000000000000ac09       0x22 /home/thesis/Desktop/optee_rpi3bplus/optee_os/out/arm/export-ta_arm64/lib/libutils.a(snprintk.o)
 .rodata.str1.1.lib/libutils/ext/snprintk.c
                0x000000000000ac2b       0x38 /home/thesis/Desktop/optee_rpi3bplus/optee_os/out/arm/export-ta_arm64/lib/libutils.a(snprintk.o)
 .rodata.str1.1.lib/libutee/trace_ext.c
                0x000000000000ac63       0x38 /home/thesis/Desktop/optee_rpi3bplus/optee_os/out/arm/export-ta_arm64/lib/libutee.a(trace_ext.o)
                                          0x2 (size before relaxing)
 .rodata.str1.1.lib/libutee/assert.c
                0x000000000000ac63       0x27 /home/thesis/Desktop/optee_rpi3bplus/optee_os/out/arm/export-ta_arm64/lib/libutee.a(assert.o)
 .rodata.str1.1.lib/libutee/tee_api.c
                0x000000000000ac8a       0x11 /home/thesis/Desktop/optee_rpi3bplus/optee_os/out/arm/export-ta_arm64/lib/libutee.a(tee_api.o)
 .rodata.lib/libutee/tee_api_arith_mpi.c
                0x000000000000ac9b      0x13d /home/thesis/Desktop/optee_rpi3bplus/optee_os/out/arm/export-ta_arm64/lib/libutee.a(tee_api_arith_mpi.o)
 .rodata.str1.1.lib/libutee/tee_api_arith_mpi.c
                0x000000000000add8       0xb7 /home/thesis/Desktop/optee_rpi3bplus/optee_os/out/arm/export-ta_arm64/lib/libutee.a(tee_api_arith_mpi.o)
 .rodata.str1.1.lib/libmbedtls/mbedtls/library/bignum.c
                0x000000000000ae8f      0x45d /home/thesis/Desktop/optee_rpi3bplus/optee_os/out/arm/export-ta_arm64/lib/libmbedtls.a(bignum.o)
 .rodata.lib/libutils/ext/trace.c
                0x000000000000b2ec        0x5 /home/thesis/Desktop/optee_rpi3bplus/optee_os/out/arm/export-ta_arm64/lib/libutils.a(trace.o)
 .rodata.str1.1.lib/libutils/ext/trace.c
                0x000000000000b2f1       0x1a /home/thesis/Desktop/optee_rpi3bplus/optee_os/out/arm/export-ta_arm64/lib/libutils.a(trace.o)
                                         0x1b (size before relaxing)
 .rodata.lib/libutils/ext/mempool.c
                0x000000000000b30b       0x21 /home/thesis/Desktop/optee_rpi3bplus/optee_os/out/arm/export-ta_arm64/lib/libutils.a(mempool.o)
 .rodata.str1.1.lib/libutils/ext/mempool.c
                0x000000000000b32c       0x7a /home/thesis/Desktop/optee_rpi3bplus/optee_os/out/arm/export-ta_arm64/lib/libutils.a(mempool.o)

.gnu.version_d  0x000000000000b3a8        0x0
 .gnu.version_d
                0x000000000000b3a8        0x0 ./../../../../../../home/thesis/Desktop/trusted_data_store/ta/tds_ta_to_ta_entry.o

.gnu.version    0x000000000000b3a6        0x0
 .gnu.version   0x000000000000b3a6        0x0 ./../../../../../../home/thesis/Desktop/trusted_data_store/ta/tds_ta_to_ta_entry.o

.gnu.version_r  0x000000000000b3a8        0x0
 .gnu.version_r
                0x000000000000b3a8        0x0 ./../../../../../../home/thesis/Desktop/trusted_data_store/ta/tds_ta_to_ta_entry.o

.gnu.hash       0x000000000000b3a8       0x1c
 .gnu.hash      0x000000000000b3a8       0x1c ./../../../../../../home/thesis/Desktop/trusted_data_store/ta/tds_ta_to_ta_entry.o

.ARM.exidx
 *(SORT_BY_ALIGNMENT(.ARM.exidx*) SORT_BY_ALIGNMENT(.gnu.linkonce.armexidx.*))

.ctors
 *(SORT_BY_ALIGNMENT(.ctors))

.dtors
 *(SORT_BY_ALIGNMENT(.dtors))

.dynsym         0x000000000000b3c8       0x48
 *(SORT_BY_ALIGNMENT(.dynsym))
 .dynsym        0x000000000000b3c8       0x48 ./../../../../../../home/thesis/Desktop/trusted_data_store/ta/tds_ta_to_ta_entry.o

.dynstr         0x000000000000b410        0x1
 *(SORT_BY_ALIGNMENT(.dynstr))
 .dynstr        0x000000000000b410        0x1 ./../../../../../../home/thesis/Desktop/trusted_data_store/ta/tds_ta_to_ta_entry.o

.hash           0x000000000000b418       0x18
 *(SORT_BY_ALIGNMENT(.hash))
 .hash          0x000000000000b418       0x18 ./../../../../../../home/thesis/Desktop/trusted_data_store/ta/tds_ta_to_ta_entry.o

.rela.dyn       0x000000000000b430      0x1b0
 .rela.data.rel.ro
                0x000000000000b430        0x0 ./../../../../../../home/thesis/Desktop/trusted_data_store/ta/tds_ta_to_ta_entry.o
 .rela.ifunc    0x000000000000b430        0x0 ./../../../../../../home/thesis/Desktop/trusted_data_store/ta/tds_ta_to_ta_entry.o
 .rela.data.rel.ro.local
                0x000000000000b430      0x150 ./../../../../../../home/thesis/Desktop/trusted_data_store/ta/tds_ta_to_ta_entry.o
 .rela.data.rel.local
                0x000000000000b580       0x48 ./../../../../../../home/thesis/Desktop/trusted_data_store/ta/tds_ta_to_ta_entry.o
 .rela.data.rel
                0x000000000000b5c8       0x18 ./../../../../../../home/thesis/Desktop/trusted_data_store/ta/tds_ta_to_ta_entry.o
                0x000000000000c000                . = ALIGN (0x1000)

.got            0x000000000000c000       0x88
 *(SORT_BY_ALIGNMENT(.got.plt))
 .got.plt       0x000000000000c000       0x18 ./../../../../../../home/thesis/Desktop/trusted_data_store/ta/tds_ta_to_ta_entry.o
 *(SORT_BY_ALIGNMENT(.got))
 .got           0x000000000000c018       0x70 ./../../../../../../home/thesis/Desktop/trusted_data_store/ta/tds_ta_to_ta_entry.o
                0x000000000000c018                _GLOBAL_OFFSET_TABLE_

.rel.text
 *(SORT_BY_ALIGNMENT(.rel.text))
 *(SORT_BY_ALIGNMENT(.rel.gnu.linkonce.t*))

.rela.text
 *(SORT_BY_ALIGNMENT(.rela.text))
 *(SORT_BY_ALIGNMENT(.rela.gnu.linkonce.t*))

.rel.data
 *(SORT_BY_ALIGNMENT(.rel.data))
 *(SORT_BY_ALIGNMENT(.rel.gnu.linkonce.d*))

.rela.data
 *(SORT_BY_ALIGNMENT(.rela.data))
 *(SORT_BY_ALIGNMENT(.rela.gnu.linkonce.d*))

.rel.rodata
 *(SORT_BY_ALIGNMENT(.rel.rodata))
 *(SORT_BY_ALIGNMENT(.rel.gnu.linkonce.r*))

.rela.rodata
 *(SORT_BY_ALIGNMENT(.rela.rodata))
 *(SORT_BY_ALIGNMENT(.rela.gnu.linkonce.r*))

.rel.dyn
 *(SORT_BY_ALIGNMENT(.rel.dyn))

.rel.got
 *(SORT_BY_ALIGNMENT(.rel.got))

.rela.got       0x000000000000c088      0x138
 *(SORT_BY_ALIGNMENT(.rela.got))
 .rela.got      0x000000000000c088      0x138 ./../../../../../../home/thesis/Desktop/trusted_data_store/ta/tds_ta_to_ta_entry.o

.rel.ctors
 *(SORT_BY_ALIGNMENT(.rel.ctors))

.rela.ctors
 *(SORT_BY_ALIGNMENT(.rela.ctors))

.rel.dtors
 *(SORT_BY_ALIGNMENT(.rel.dtors))

.rela.dtors
 *(SORT_BY_ALIGNMENT(.rela.dtors))

.rel.init
 *(SORT_BY_ALIGNMENT(.rel.init))

.rela.init
 *(SORT_BY_ALIGNMENT(.rela.init))

.rel.fini
 *(SORT_BY_ALIGNMENT(.rel.fini))

.rela.fini
 *(SORT_BY_ALIGNMENT(.rela.fini))

.rel.bss
 *(SORT_BY_ALIGNMENT(.rel.bss))

.rela.bss       0x000000000000c1c0        0x0
 *(SORT_BY_ALIGNMENT(.rela.bss))
 .rela.bss      0x000000000000c1c0        0x0 ./../../../../../../home/thesis/Desktop/trusted_data_store/ta/tds_ta_to_ta_entry.o

.rel.plt
 *(SORT_BY_ALIGNMENT(.rel.plt))

.rela.plt       0x000000000000c1c0        0x0
 *(SORT_BY_ALIGNMENT(.rela.plt))
 .rela.plt      0x000000000000c1c0        0x0 ./../../../../../../home/thesis/Desktop/trusted_data_store/ta/tds_ta_to_ta_entry.o

.dynamic        0x000000000000c1c0      0x110
 *(SORT_BY_ALIGNMENT(.dynamic))
 .dynamic       0x000000000000c1c0      0x110 ./../../../../../../home/thesis/Desktop/trusted_data_store/ta/tds_ta_to_ta_entry.o
                0x000000000000c1c0                _DYNAMIC

.data           0x000000000000c2d0      0x144
 *(SORT_BY_ALIGNMENT(.data) SORT_BY_ALIGNMENT(.data.*) SORT_BY_ALIGNMENT(.gnu.linkonce.d.*))
 .data.rel.ro.local
                0x000000000000c2d0       0xa8 ./user_ta_header.o
                0x000000000000c2d0                ta_props
 .data.rel.local
                0x000000000000c378       0x80 /home/thesis/Desktop/optee_rpi3bplus/optee_os/out/arm/export-ta_arm64/lib/libutils.a(bget_malloc.o)
 .data.rel.local
                0x000000000000c3f8       0x10 /home/thesis/Desktop/optee_rpi3bplus/optee_os/out/arm/export-ta_arm64/lib/libutee.a(user_ta_entry.o)
 .data.rel      0x000000000000c408        0x8 /home/thesis/Desktop/optee_rpi3bplus/optee_os/out/arm/export-ta_arm64/lib/libmbedtls.a(platform_util.o)
 .data          0x000000000000c410        0x4 ./user_ta_header.o
                0x000000000000c410                trace_level
 .data          0x000000000000c414        0x0 ./../../../../../../home/thesis/Desktop/trusted_data_store/ta/tds_ta_to_ta_entry.o
 .data.rel.ro   0x000000000000c414        0x0 ./../../../../../../home/thesis/Desktop/trusted_data_store/ta/tds_ta_to_ta_entry.o
 .data          0x000000000000c414        0x0 ./../../../../../../home/thesis/Desktop/secure_nfc/ta/snfc_ta_to_ta_entry.o
 .data          0x000000000000c414        0x0 ./../common/hce.o
 .data          0x000000000000c414        0x0 ./trusted_hce.o
 .data          0x000000000000c414        0x0 ./trusted_hce_ta.o
 .data          0x000000000000c414        0x0 /home/thesis/Desktop/optee_rpi3bplus/optee_os/out/arm/export-ta_arm64/lib/libutils.a(bget_malloc.o)
 .data          0x000000000000c414        0x0 /home/thesis/Desktop/optee_rpi3bplus/optee_os/out/arm/export-ta_arm64/lib/libutils.a(snprintf.o)
 .data          0x000000000000c414        0x0 /home/thesis/Desktop/optee_rpi3bplus/optee_os/out/arm/export-ta_arm64/lib/libutils.a(memcpy.o)
 .data          0x000000000000c414        0x0 /home/thesis/Desktop/optee_rpi3bplus/optee_os/out/arm/export-ta_arm64/lib/libutils.a(memset.o)
 .data          0x000000000000c414        0x0 /home/thesis/Desktop/optee_rpi3bplus/optee_os/out/arm/export-ta_arm64/lib/libutils.a(strlen.o)
 .data          0x000000000000c414        0x0 /home/thesis/Desktop/optee_rpi3bplus/optee_os/out/arm/export-ta_arm64/lib/libutils.a(snprintk.o)
 .data          0x000000000000c414        0x0 /home/thesis/Desktop/optee_rpi3bplus/optee_os/out/arm/export-ta_arm64/lib/libutils.a(memchr.o)
 .data          0x000000000000c414        0x0 /home/thesis/Desktop/optee_rpi3bplus/optee_os/out/arm/export-ta_arm64/lib/libutee.a(trace_ext.o)
 .data          0x000000000000c414        0x0 /home/thesis/Desktop/optee_rpi3bplus/optee_os/out/arm/export-ta_arm64/lib/libutee.a(assert.o)
 .data          0x000000000000c414        0x0 /home/thesis/Desktop/optee_rpi3bplus/optee_os/out/arm/export-ta_arm64/lib/libutee.a(tee_api.o)
 .data          0x000000000000c414        0x0 /home/thesis/Desktop/optee_rpi3bplus/optee_os/out/arm/export-ta_arm64/lib/libutee.a(tee_api_panic.o)
 .data          0x000000000000c414        0x0 /home/thesis/Desktop/optee_rpi3bplus/optee_os/out/arm/export-ta_arm64/lib/libutee.a(user_ta_entry.o)
 .data          0x000000000000c414        0x0 /home/thesis/Desktop/optee_rpi3bplus/optee_os/out/arm/export-ta_arm64/lib/libutee.a(utee_syscalls_a64.o)
 .data          0x000000000000c414        0x0 /home/thesis/Desktop/optee_rpi3bplus/optee_os/out/arm/export-ta_arm64/lib/libutee.a(tee_api_arith_mpi.o)
 .data          0x000000000000c414        0x0 /home/thesis/Desktop/optee_rpi3bplus/optee_os/out/arm/export-ta_arm64/lib/libmbedtls.a(bignum.o)
 .data          0x000000000000c414        0x0 /home/thesis/Desktop/optee_rpi3bplus/optee_os/out/arm/export-ta_arm64/lib/libmbedtls.a(platform_util.o)
 .data          0x000000000000c414        0x0 /home/thesis/Desktop/optee_rpi3bplus/optee_os/out/arm/export-ta_arm64/lib/libutils.a(memmove.o)
 .data          0x000000000000c414        0x0 /home/thesis/Desktop/optee_rpi3bplus/optee_os/out/arm/export-ta_arm64/lib/libutils.a(trace.o)
 .data          0x000000000000c414        0x0 /home/thesis/Desktop/optee_rpi3bplus/optee_os/out/arm/export-ta_arm64/lib/libutils.a(mempool.o)
 .data          0x000000000000c414        0x0 /home/thesis/Desktop/optee_rpi3bplus/optee_os/out/arm/export-ta_arm64/lib/libutils.a(consttime_memcmp.o)

.bss            0x000000000000c418     0xb078
 *(SORT_BY_ALIGNMENT(.bss) SORT_BY_ALIGNMENT(.bss.*) SORT_BY_ALIGNMENT(.gnu.linkonce.b.*) SORT_BY_ALIGNMENT(COMMON))
 .bss           0x000000000000c418        0x8 ./../../../../../../home/thesis/Desktop/trusted_data_store/ta/tds_ta_to_ta_entry.o
 .bss           0x000000000000c420        0x8 ./../../../../../../home/thesis/Desktop/secure_nfc/ta/snfc_ta_to_ta_entry.o
 COMMON         0x000000000000c428        0x8 ./trusted_hce_ta.o
                0x000000000000c428                elapsed
 .bss           0x000000000000c430        0x8 /home/thesis/Desktop/optee_rpi3bplus/optee_os/out/arm/export-ta_arm64/lib/libutee.a(tee_api.o)
 COMMON         0x000000000000c438       0x48 /home/thesis/Desktop/optee_rpi3bplus/optee_os/out/arm/export-ta_arm64/lib/libutee.a(user_ta_entry.o)
                0x000000000000c438                ta_param_types
                0x000000000000c440                ta_params
 .bss           0x000000000000c480     0x3000 /home/thesis/Desktop/optee_rpi3bplus/optee_os/out/arm/export-ta_arm64/lib/libutee.a(tee_api_arith_mpi.o)
 COMMON         0x000000000000f480        0x8 /home/thesis/Desktop/optee_rpi3bplus/optee_os/out/arm/export-ta_arm64/lib/libmbedtls.a(bignum.o)
                0x000000000000f480                mbedtls_mpi_mempool
 .bss           0x000000000000f488        0x0 ./../common/hce.o
 .bss           0x000000000000f488        0x0 ./trusted_hce.o
 .bss           0x000000000000f488        0x0 ./trusted_hce_ta.o
 .bss           0x000000000000f488        0x0 ./user_ta_header.o
 COMMON         0x000000000000f488     0x8000 ./user_ta_header.o
                0x000000000000f488                ta_heap
 .bss           0x0000000000017488        0x0 /home/thesis/Desktop/optee_rpi3bplus/optee_os/out/arm/export-ta_arm64/lib/libutils.a(bget_malloc.o)
 .bss           0x0000000000017488        0x0 /home/thesis/Desktop/optee_rpi3bplus/optee_os/out/arm/export-ta_arm64/lib/libutils.a(snprintf.o)
 .bss           0x0000000000017488        0x0 /home/thesis/Desktop/optee_rpi3bplus/optee_os/out/arm/export-ta_arm64/lib/libutils.a(memcpy.o)
 .bss           0x0000000000017488        0x0 /home/thesis/Desktop/optee_rpi3bplus/optee_os/out/arm/export-ta_arm64/lib/libutils.a(memset.o)
 .bss           0x0000000000017488        0x0 /home/thesis/Desktop/optee_rpi3bplus/optee_os/out/arm/export-ta_arm64/lib/libutils.a(strlen.o)
 .bss           0x0000000000017488        0x0 /home/thesis/Desktop/optee_rpi3bplus/optee_os/out/arm/export-ta_arm64/lib/libutils.a(snprintk.o)
 .bss           0x0000000000017488        0x0 /home/thesis/Desktop/optee_rpi3bplus/optee_os/out/arm/export-ta_arm64/lib/libutils.a(memchr.o)
 .bss           0x0000000000017488        0x0 /home/thesis/Desktop/optee_rpi3bplus/optee_os/out/arm/export-ta_arm64/lib/libutee.a(trace_ext.o)
 .bss           0x0000000000017488        0x0 /home/thesis/Desktop/optee_rpi3bplus/optee_os/out/arm/export-ta_arm64/lib/libutee.a(assert.o)
 .bss           0x0000000000017488        0x0 /home/thesis/Desktop/optee_rpi3bplus/optee_os/out/arm/export-ta_arm64/lib/libutee.a(tee_api_panic.o)
 .bss           0x0000000000017488        0x1 /home/thesis/Desktop/optee_rpi3bplus/optee_os/out/arm/export-ta_arm64/lib/libutee.a(user_ta_entry.o)
 .bss           0x0000000000017489        0x0 /home/thesis/Desktop/optee_rpi3bplus/optee_os/out/arm/export-ta_arm64/lib/libutee.a(utee_syscalls_a64.o)
 .bss           0x0000000000017489        0x0 /home/thesis/Desktop/optee_rpi3bplus/optee_os/out/arm/export-ta_arm64/lib/libmbedtls.a(bignum.o)
 .bss           0x0000000000017489        0x0 /home/thesis/Desktop/optee_rpi3bplus/optee_os/out/arm/export-ta_arm64/lib/libmbedtls.a(platform_util.o)
 .bss           0x0000000000017489        0x0 /home/thesis/Desktop/optee_rpi3bplus/optee_os/out/arm/export-ta_arm64/lib/libutils.a(memmove.o)
 .bss           0x0000000000017489        0x0 /home/thesis/Desktop/optee_rpi3bplus/optee_os/out/arm/export-ta_arm64/lib/libutils.a(trace.o)
 .bss           0x0000000000017489        0x0 /home/thesis/Desktop/optee_rpi3bplus/optee_os/out/arm/export-ta_arm64/lib/libutils.a(mempool.o)
 .bss           0x0000000000017489        0x0 /home/thesis/Desktop/optee_rpi3bplus/optee_os/out/arm/export-ta_arm64/lib/libutils.a(consttime_memcmp.o)
                0x0000000000017490                . = ALIGN (0x8)
 *fill*         0x0000000000017489        0x7 
                0x0000000000017490                __gprof_buf_start = .
                0x0000000000017490                . = (. + DEFINED (_mcount)?(((__text_end - __text_start) * 0xb1) / 0x64):0x0)
                0x0000000000017490                __gprof_buf_end = .

.dynbss         0x0000000000017490        0x0
 .dynbss        0x0000000000017490        0x0 ./../../../../../../home/thesis/Desktop/trusted_data_store/ta/tds_ta_to_ta_entry.o

/DISCARD/
 *(SORT_BY_ALIGNMENT(.interp))
LOAD ./../../../../../../home/thesis/Desktop/trusted_data_store/ta/tds_ta_to_ta_entry.o
LOAD ./../../../../../../home/thesis/Desktop/secure_nfc/ta/snfc_ta_to_ta_entry.o
LOAD ./../common/hce.o
LOAD ./trusted_hce.o
LOAD ./trusted_hce_ta.o
LOAD ./user_ta_header.o
START GROUP
LOAD /home/thesis/Desktop/optee_rpi3bplus/optee_os/out/arm/export-ta_arm64/lib/libutils.a
LOAD /home/thesis/Desktop/optee_rpi3bplus/optee_os/out/arm/export-ta_arm64/lib/libutee.a
LOAD /home/thesis/Desktop/optee_rpi3bplus/optee_os/out/arm/export-ta_arm64/lib/libmbedtls.a
END GROUP
OUTPUT(8ffd8245-f85a-4320-82ff-7095f28fd714.elf elf64-littleaarch64)

.debug_info     0x0000000000000000    0x11bcd
 .debug_info    0x0000000000000000      0x7e1 ./../../../../../../home/thesis/Desktop/trusted_data_store/ta/tds_ta_to_ta_entry.o
 .debug_info    0x00000000000007e1      0x4eb ./../../../../../../home/thesis/Desktop/secure_nfc/ta/snfc_ta_to_ta_entry.o
 .debug_info    0x0000000000000ccc      0x279 ./../common/hce.o
 .debug_info    0x0000000000000f45      0x7fb ./trusted_hce.o
 .debug_info    0x0000000000001740      0x4c5 ./trusted_hce_ta.o
 .debug_info    0x0000000000001c05      0x49d ./user_ta_header.o
 .debug_info    0x00000000000020a2     0x20f5 /home/thesis/Desktop/optee_rpi3bplus/optee_os/out/arm/export-ta_arm64/lib/libutils.a(bget_malloc.o)
 .debug_info    0x0000000000004197      0x242 /home/thesis/Desktop/optee_rpi3bplus/optee_os/out/arm/export-ta_arm64/lib/libutils.a(snprintf.o)
 .debug_info    0x00000000000043d9       0xf8 /home/thesis/Desktop/optee_rpi3bplus/optee_os/out/arm/export-ta_arm64/lib/libutils.a(memcpy.o)
 .debug_info    0x00000000000044d1       0xc8 /home/thesis/Desktop/optee_rpi3bplus/optee_os/out/arm/export-ta_arm64/lib/libutils.a(memset.o)
 .debug_info    0x0000000000004599       0xb0 /home/thesis/Desktop/optee_rpi3bplus/optee_os/out/arm/export-ta_arm64/lib/libutils.a(strlen.o)
 .debug_info    0x0000000000004649      0x83e /home/thesis/Desktop/optee_rpi3bplus/optee_os/out/arm/export-ta_arm64/lib/libutils.a(snprintk.o)
 .debug_info    0x0000000000004e87       0xf8 /home/thesis/Desktop/optee_rpi3bplus/optee_os/out/arm/export-ta_arm64/lib/libutils.a(memchr.o)
 .debug_info    0x0000000000004f7f      0x364 /home/thesis/Desktop/optee_rpi3bplus/optee_os/out/arm/export-ta_arm64/lib/libutee.a(trace_ext.o)
 .debug_info    0x00000000000052e3      0x1b9 /home/thesis/Desktop/optee_rpi3bplus/optee_os/out/arm/export-ta_arm64/lib/libutee.a(assert.o)
 .debug_info    0x000000000000549c     0x11e6 /home/thesis/Desktop/optee_rpi3bplus/optee_os/out/arm/export-ta_arm64/lib/libutee.a(tee_api.o)
 .debug_info    0x0000000000006682      0x117 /home/thesis/Desktop/optee_rpi3bplus/optee_os/out/arm/export-ta_arm64/lib/libutee.a(tee_api_panic.o)
 .debug_info    0x0000000000006799      0xc52 /home/thesis/Desktop/optee_rpi3bplus/optee_os/out/arm/export-ta_arm64/lib/libutee.a(user_ta_entry.o)
 .debug_info    0x00000000000073eb       0x22 /home/thesis/Desktop/optee_rpi3bplus/optee_os/out/arm/export-ta_arm64/lib/libutee.a(utee_syscalls_a64.o)
 .debug_info    0x000000000000740d     0x4639 /home/thesis/Desktop/optee_rpi3bplus/optee_os/out/arm/export-ta_arm64/lib/libutee.a(tee_api_arith_mpi.o)
 .debug_info    0x000000000000ba46     0x5392 /home/thesis/Desktop/optee_rpi3bplus/optee_os/out/arm/export-ta_arm64/lib/libmbedtls.a(bignum.o)
 .debug_info    0x0000000000010dd8      0x11e /home/thesis/Desktop/optee_rpi3bplus/optee_os/out/arm/export-ta_arm64/lib/libmbedtls.a(platform_util.o)
 .debug_info    0x0000000000010ef6       0xf5 /home/thesis/Desktop/optee_rpi3bplus/optee_os/out/arm/export-ta_arm64/lib/libutils.a(memmove.o)
 .debug_info    0x0000000000010feb      0x59f /home/thesis/Desktop/optee_rpi3bplus/optee_os/out/arm/export-ta_arm64/lib/libutils.a(trace.o)
 .debug_info    0x000000000001158a      0x516 /home/thesis/Desktop/optee_rpi3bplus/optee_os/out/arm/export-ta_arm64/lib/libutils.a(mempool.o)
 .debug_info    0x0000000000011aa0      0x12d /home/thesis/Desktop/optee_rpi3bplus/optee_os/out/arm/export-ta_arm64/lib/libutils.a(consttime_memcmp.o)

.debug_abbrev   0x0000000000000000     0x3027
 .debug_abbrev  0x0000000000000000      0x1ee ./../../../../../../home/thesis/Desktop/trusted_data_store/ta/tds_ta_to_ta_entry.o
 .debug_abbrev  0x00000000000001ee      0x1dd ./../../../../../../home/thesis/Desktop/secure_nfc/ta/snfc_ta_to_ta_entry.o
 .debug_abbrev  0x00000000000003cb      0x144 ./../common/hce.o
 .debug_abbrev  0x000000000000050f      0x200 ./trusted_hce.o
 .debug_abbrev  0x000000000000070f      0x29b ./trusted_hce_ta.o
 .debug_abbrev  0x00000000000009aa      0x1d9 ./user_ta_header.o
 .debug_abbrev  0x0000000000000b83      0x43e /home/thesis/Desktop/optee_rpi3bplus/optee_os/out/arm/export-ta_arm64/lib/libutils.a(bget_malloc.o)
 .debug_abbrev  0x0000000000000fc1      0x138 /home/thesis/Desktop/optee_rpi3bplus/optee_os/out/arm/export-ta_arm64/lib/libutils.a(snprintf.o)
 .debug_abbrev  0x00000000000010f9       0xb1 /home/thesis/Desktop/optee_rpi3bplus/optee_os/out/arm/export-ta_arm64/lib/libutils.a(memcpy.o)
 .debug_abbrev  0x00000000000011aa       0xa3 /home/thesis/Desktop/optee_rpi3bplus/optee_os/out/arm/export-ta_arm64/lib/libutils.a(memset.o)
 .debug_abbrev  0x000000000000124d       0x87 /home/thesis/Desktop/optee_rpi3bplus/optee_os/out/arm/export-ta_arm64/lib/libutils.a(strlen.o)
 .debug_abbrev  0x00000000000012d4      0x2d0 /home/thesis/Desktop/optee_rpi3bplus/optee_os/out/arm/export-ta_arm64/lib/libutils.a(snprintk.o)
 .debug_abbrev  0x00000000000015a4       0xb2 /home/thesis/Desktop/optee_rpi3bplus/optee_os/out/arm/export-ta_arm64/lib/libutils.a(memchr.o)
 .debug_abbrev  0x0000000000001656      0x18e /home/thesis/Desktop/optee_rpi3bplus/optee_os/out/arm/export-ta_arm64/lib/libutee.a(trace_ext.o)
 .debug_abbrev  0x00000000000017e4       0xd7 /home/thesis/Desktop/optee_rpi3bplus/optee_os/out/arm/export-ta_arm64/lib/libutee.a(assert.o)
 .debug_abbrev  0x00000000000018bb      0x309 /home/thesis/Desktop/optee_rpi3bplus/optee_os/out/arm/export-ta_arm64/lib/libutee.a(tee_api.o)
 .debug_abbrev  0x0000000000001bc4       0xc1 /home/thesis/Desktop/optee_rpi3bplus/optee_os/out/arm/export-ta_arm64/lib/libutee.a(tee_api_panic.o)
 .debug_abbrev  0x0000000000001c85      0x324 /home/thesis/Desktop/optee_rpi3bplus/optee_os/out/arm/export-ta_arm64/lib/libutee.a(user_ta_entry.o)
 .debug_abbrev  0x0000000000001fa9       0x12 /home/thesis/Desktop/optee_rpi3bplus/optee_os/out/arm/export-ta_arm64/lib/libutee.a(utee_syscalls_a64.o)
 .debug_abbrev  0x0000000000001fbb      0x4c1 /home/thesis/Desktop/optee_rpi3bplus/optee_os/out/arm/export-ta_arm64/lib/libutee.a(tee_api_arith_mpi.o)
 .debug_abbrev  0x000000000000247c      0x547 /home/thesis/Desktop/optee_rpi3bplus/optee_os/out/arm/export-ta_arm64/lib/libmbedtls.a(bignum.o)
 .debug_abbrev  0x00000000000029c3       0xc3 /home/thesis/Desktop/optee_rpi3bplus/optee_os/out/arm/export-ta_arm64/lib/libmbedtls.a(platform_util.o)
 .debug_abbrev  0x0000000000002a86       0xa4 /home/thesis/Desktop/optee_rpi3bplus/optee_os/out/arm/export-ta_arm64/lib/libutils.a(memmove.o)
 .debug_abbrev  0x0000000000002b2a      0x253 /home/thesis/Desktop/optee_rpi3bplus/optee_os/out/arm/export-ta_arm64/lib/libutils.a(trace.o)
 .debug_abbrev  0x0000000000002d7d      0x1ea /home/thesis/Desktop/optee_rpi3bplus/optee_os/out/arm/export-ta_arm64/lib/libutils.a(mempool.o)
 .debug_abbrev  0x0000000000002f67       0xc0 /home/thesis/Desktop/optee_rpi3bplus/optee_os/out/arm/export-ta_arm64/lib/libutils.a(consttime_memcmp.o)

.debug_loc      0x0000000000000000    0x1940b
 .debug_loc     0x0000000000000000      0x53b ./../../../../../../home/thesis/Desktop/trusted_data_store/ta/tds_ta_to_ta_entry.o
 .debug_loc     0x000000000000053b      0x324 ./../../../../../../home/thesis/Desktop/secure_nfc/ta/snfc_ta_to_ta_entry.o
 .debug_loc     0x000000000000085f      0x296 ./../common/hce.o
 .debug_loc     0x0000000000000af5      0xbea ./trusted_hce.o
 .debug_loc     0x00000000000016df      0x365 ./trusted_hce_ta.o
 .debug_loc     0x0000000000001a44      0x12f ./user_ta_header.o
 .debug_loc     0x0000000000001b73     0x3a2e /home/thesis/Desktop/optee_rpi3bplus/optee_os/out/arm/export-ta_arm64/lib/libutils.a(bget_malloc.o)
 .debug_loc     0x00000000000055a1      0x1d2 /home/thesis/Desktop/optee_rpi3bplus/optee_os/out/arm/export-ta_arm64/lib/libutils.a(snprintf.o)
 .debug_loc     0x0000000000005773      0x169 /home/thesis/Desktop/optee_rpi3bplus/optee_os/out/arm/export-ta_arm64/lib/libutils.a(memcpy.o)
 .debug_loc     0x00000000000058dc       0xcf /home/thesis/Desktop/optee_rpi3bplus/optee_os/out/arm/export-ta_arm64/lib/libutils.a(memset.o)
 .debug_loc     0x00000000000059ab       0x8c /home/thesis/Desktop/optee_rpi3bplus/optee_os/out/arm/export-ta_arm64/lib/libutils.a(strlen.o)
 .debug_loc     0x0000000000005a37     0x2734 /home/thesis/Desktop/optee_rpi3bplus/optee_os/out/arm/export-ta_arm64/lib/libutils.a(snprintk.o)
 .debug_loc     0x000000000000816b      0x118 /home/thesis/Desktop/optee_rpi3bplus/optee_os/out/arm/export-ta_arm64/lib/libutils.a(memchr.o)
 .debug_loc     0x0000000000008283      0x1c4 /home/thesis/Desktop/optee_rpi3bplus/optee_os/out/arm/export-ta_arm64/lib/libutee.a(trace_ext.o)
 .debug_loc     0x0000000000008447      0x149 /home/thesis/Desktop/optee_rpi3bplus/optee_os/out/arm/export-ta_arm64/lib/libutee.a(assert.o)
 .debug_loc     0x0000000000008590     0x105f /home/thesis/Desktop/optee_rpi3bplus/optee_os/out/arm/export-ta_arm64/lib/libutee.a(tee_api.o)
 .debug_loc     0x00000000000095ef       0x3d /home/thesis/Desktop/optee_rpi3bplus/optee_os/out/arm/export-ta_arm64/lib/libutee.a(tee_api_panic.o)
 .debug_loc     0x000000000000962c      0x9ed /home/thesis/Desktop/optee_rpi3bplus/optee_os/out/arm/export-ta_arm64/lib/libutee.a(user_ta_entry.o)
 .debug_loc     0x000000000000a019     0x437c /home/thesis/Desktop/optee_rpi3bplus/optee_os/out/arm/export-ta_arm64/lib/libutee.a(tee_api_arith_mpi.o)
 .debug_loc     0x000000000000e395     0x9ef7 /home/thesis/Desktop/optee_rpi3bplus/optee_os/out/arm/export-ta_arm64/lib/libmbedtls.a(bignum.o)
 .debug_loc     0x000000000001828c       0x8f /home/thesis/Desktop/optee_rpi3bplus/optee_os/out/arm/export-ta_arm64/lib/libmbedtls.a(platform_util.o)
 .debug_loc     0x000000000001831b      0x327 /home/thesis/Desktop/optee_rpi3bplus/optee_os/out/arm/export-ta_arm64/lib/libutils.a(memmove.o)
 .debug_loc     0x0000000000018642      0x5bc /home/thesis/Desktop/optee_rpi3bplus/optee_os/out/arm/export-ta_arm64/lib/libutils.a(trace.o)
 .debug_loc     0x0000000000018bfe      0x5ea /home/thesis/Desktop/optee_rpi3bplus/optee_os/out/arm/export-ta_arm64/lib/libutils.a(mempool.o)
 .debug_loc     0x00000000000191e8      0x223 /home/thesis/Desktop/optee_rpi3bplus/optee_os/out/arm/export-ta_arm64/lib/libutils.a(consttime_memcmp.o)

.debug_aranges  0x0000000000000000      0x860
 .debug_aranges
                0x0000000000000000       0x30 ./../../../../../../home/thesis/Desktop/trusted_data_store/ta/tds_ta_to_ta_entry.o
 .debug_aranges
                0x0000000000000030       0x30 ./../../../../../../home/thesis/Desktop/secure_nfc/ta/snfc_ta_to_ta_entry.o
 .debug_aranges
                0x0000000000000060       0x30 ./../common/hce.o
 .debug_aranges
                0x0000000000000090       0x30 ./trusted_hce.o
 .debug_aranges
                0x00000000000000c0       0x30 ./trusted_hce_ta.o
 .debug_aranges
                0x00000000000000f0       0x30 ./user_ta_header.o
 .debug_aranges
                0x0000000000000120       0x30 /home/thesis/Desktop/optee_rpi3bplus/optee_os/out/arm/export-ta_arm64/lib/libutils.a(bget_malloc.o)
 .debug_aranges
                0x0000000000000150       0x30 /home/thesis/Desktop/optee_rpi3bplus/optee_os/out/arm/export-ta_arm64/lib/libutils.a(snprintf.o)
 .debug_aranges
                0x0000000000000180       0x30 /home/thesis/Desktop/optee_rpi3bplus/optee_os/out/arm/export-ta_arm64/lib/libutils.a(memcpy.o)
 .debug_aranges
                0x00000000000001b0       0x30 /home/thesis/Desktop/optee_rpi3bplus/optee_os/out/arm/export-ta_arm64/lib/libutils.a(memset.o)
 .debug_aranges
                0x00000000000001e0       0x30 /home/thesis/Desktop/optee_rpi3bplus/optee_os/out/arm/export-ta_arm64/lib/libutils.a(strlen.o)
 .debug_aranges
                0x0000000000000210       0x30 /home/thesis/Desktop/optee_rpi3bplus/optee_os/out/arm/export-ta_arm64/lib/libutils.a(snprintk.o)
 .debug_aranges
                0x0000000000000240       0x30 /home/thesis/Desktop/optee_rpi3bplus/optee_os/out/arm/export-ta_arm64/lib/libutils.a(memchr.o)
 .debug_aranges
                0x0000000000000270       0x30 /home/thesis/Desktop/optee_rpi3bplus/optee_os/out/arm/export-ta_arm64/lib/libutee.a(trace_ext.o)
 .debug_aranges
                0x00000000000002a0       0x30 /home/thesis/Desktop/optee_rpi3bplus/optee_os/out/arm/export-ta_arm64/lib/libutee.a(assert.o)
 .debug_aranges
                0x00000000000002d0       0x30 /home/thesis/Desktop/optee_rpi3bplus/optee_os/out/arm/export-ta_arm64/lib/libutee.a(tee_api.o)
 .debug_aranges
                0x0000000000000300       0x30 /home/thesis/Desktop/optee_rpi3bplus/optee_os/out/arm/export-ta_arm64/lib/libutee.a(tee_api_panic.o)
 .debug_aranges
                0x0000000000000330       0x30 /home/thesis/Desktop/optee_rpi3bplus/optee_os/out/arm/export-ta_arm64/lib/libutee.a(user_ta_entry.o)
 .debug_aranges
                0x0000000000000360      0x3b0 /home/thesis/Desktop/optee_rpi3bplus/optee_os/out/arm/export-ta_arm64/lib/libutee.a(utee_syscalls_a64.o)
 .debug_aranges
                0x0000000000000710       0x30 /home/thesis/Desktop/optee_rpi3bplus/optee_os/out/arm/export-ta_arm64/lib/libutee.a(tee_api_arith_mpi.o)
 .debug_aranges
                0x0000000000000740       0x30 /home/thesis/Desktop/optee_rpi3bplus/optee_os/out/arm/export-ta_arm64/lib/libmbedtls.a(bignum.o)
 .debug_aranges
                0x0000000000000770       0x30 /home/thesis/Desktop/optee_rpi3bplus/optee_os/out/arm/export-ta_arm64/lib/libmbedtls.a(platform_util.o)
 .debug_aranges
                0x00000000000007a0       0x30 /home/thesis/Desktop/optee_rpi3bplus/optee_os/out/arm/export-ta_arm64/lib/libutils.a(memmove.o)
 .debug_aranges
                0x00000000000007d0       0x30 /home/thesis/Desktop/optee_rpi3bplus/optee_os/out/arm/export-ta_arm64/lib/libutils.a(trace.o)
 .debug_aranges
                0x0000000000000800       0x30 /home/thesis/Desktop/optee_rpi3bplus/optee_os/out/arm/export-ta_arm64/lib/libutils.a(mempool.o)
 .debug_aranges
                0x0000000000000830       0x30 /home/thesis/Desktop/optee_rpi3bplus/optee_os/out/arm/export-ta_arm64/lib/libutils.a(consttime_memcmp.o)

.debug_macro    0x0000000000000000    0x11f54
 .debug_macro   0x0000000000000000       0xf6 ./../../../../../../home/thesis/Desktop/trusted_data_store/ta/tds_ta_to_ta_entry.o
 .debug_macro   0x00000000000000f6      0x97c ./../../../../../../home/thesis/Desktop/trusted_data_store/ta/tds_ta_to_ta_entry.o
 .debug_macro   0x0000000000000a72      0x16d ./../../../../../../home/thesis/Desktop/trusted_data_store/ta/tds_ta_to_ta_entry.o
 .debug_macro   0x0000000000000bdf       0xd9 ./../../../../../../home/thesis/Desktop/trusted_data_store/ta/tds_ta_to_ta_entry.o
 .debug_macro   0x0000000000000cb8      0x8ef ./../../../../../../home/thesis/Desktop/trusted_data_store/ta/tds_ta_to_ta_entry.o
 .debug_macro   0x00000000000015a7       0x7c ./../../../../../../home/thesis/Desktop/trusted_data_store/ta/tds_ta_to_ta_entry.o
 .debug_macro   0x0000000000001623      0x184 ./../../../../../../home/thesis/Desktop/trusted_data_store/ta/tds_ta_to_ta_entry.o
 .debug_macro   0x00000000000017a7       0xc4 ./../../../../../../home/thesis/Desktop/trusted_data_store/ta/tds_ta_to_ta_entry.o
 .debug_macro   0x000000000000186b       0x22 ./../../../../../../home/thesis/Desktop/trusted_data_store/ta/tds_ta_to_ta_entry.o
 .debug_macro   0x000000000000188d       0x35 ./../../../../../../home/thesis/Desktop/trusted_data_store/ta/tds_ta_to_ta_entry.o
 .debug_macro   0x00000000000018c2       0x34 ./../../../../../../home/thesis/Desktop/trusted_data_store/ta/tds_ta_to_ta_entry.o
 .debug_macro   0x00000000000018f6       0x94 ./../../../../../../home/thesis/Desktop/trusted_data_store/ta/tds_ta_to_ta_entry.o
 .debug_macro   0x000000000000198a       0x10 ./../../../../../../home/thesis/Desktop/trusted_data_store/ta/tds_ta_to_ta_entry.o
 .debug_macro   0x000000000000199a       0x58 ./../../../../../../home/thesis/Desktop/trusted_data_store/ta/tds_ta_to_ta_entry.o
 .debug_macro   0x00000000000019f2       0xca ./../../../../../../home/thesis/Desktop/trusted_data_store/ta/tds_ta_to_ta_entry.o
 .debug_macro   0x0000000000001abc       0x34 ./../../../../../../home/thesis/Desktop/trusted_data_store/ta/tds_ta_to_ta_entry.o
 .debug_macro   0x0000000000001af0       0x16 ./../../../../../../home/thesis/Desktop/trusted_data_store/ta/tds_ta_to_ta_entry.o
 .debug_macro   0x0000000000001b06      0x106 ./../../../../../../home/thesis/Desktop/secure_nfc/ta/snfc_ta_to_ta_entry.o
 .debug_macro   0x0000000000001c0c      0x97c ./../../../../../../home/thesis/Desktop/secure_nfc/ta/snfc_ta_to_ta_entry.o
 .debug_macro   0x0000000000002588       0x3a ./../../../../../../home/thesis/Desktop/secure_nfc/ta/snfc_ta_to_ta_entry.o
 .debug_macro   0x00000000000025c2       0x63 ./../common/hce.o
 .debug_macro   0x0000000000002625      0x97c ./../common/hce.o
 .debug_macro   0x0000000000002fa1       0x34 ./../common/hce.o
 .debug_macro   0x0000000000002fd5      0x160 ./trusted_hce.o
 .debug_macro   0x0000000000003135      0x97c ./trusted_hce.o
 .debug_macro   0x0000000000003ab1       0x2e ./trusted_hce.o
 .debug_macro   0x0000000000003adf       0x22 ./trusted_hce.o
 .debug_macro   0x0000000000003b01       0xef ./trusted_hce_ta.o
 .debug_macro   0x0000000000003bf0      0x97c ./trusted_hce_ta.o
 .debug_macro   0x000000000000456c       0x16 ./trusted_hce_ta.o
 .debug_macro   0x0000000000004582      0x113 ./user_ta_header.o
 .debug_macro   0x0000000000004695      0x97c ./user_ta_header.o
 .debug_macro   0x0000000000005011       0xd0 ./user_ta_header.o
 .debug_macro   0x00000000000050e1       0x82 ./user_ta_header.o
 .debug_macro   0x0000000000005163       0x28 ./user_ta_header.o
 .debug_macro   0x000000000000518b      0x154 /home/thesis/Desktop/optee_rpi3bplus/optee_os/out/arm/export-ta_arm64/lib/libutils.a(bget_malloc.o)
 .debug_macro   0x00000000000052df      0x946 /home/thesis/Desktop/optee_rpi3bplus/optee_os/out/arm/export-ta_arm64/lib/libutils.a(bget_malloc.o)
 .debug_macro   0x0000000000005c25      0x3bd /home/thesis/Desktop/optee_rpi3bplus/optee_os/out/arm/export-ta_arm64/lib/libutils.a(bget_malloc.o)
 .debug_macro   0x0000000000005fe2       0x28 /home/thesis/Desktop/optee_rpi3bplus/optee_os/out/arm/export-ta_arm64/lib/libutils.a(bget_malloc.o)
 .debug_macro   0x000000000000600a       0x16 /home/thesis/Desktop/optee_rpi3bplus/optee_os/out/arm/export-ta_arm64/lib/libutils.a(bget_malloc.o)
 .debug_macro   0x0000000000006020       0x3c /home/thesis/Desktop/optee_rpi3bplus/optee_os/out/arm/export-ta_arm64/lib/libutils.a(bget_malloc.o)
 .debug_macro   0x000000000000605c       0x4d /home/thesis/Desktop/optee_rpi3bplus/optee_os/out/arm/export-ta_arm64/lib/libutils.a(snprintf.o)
 .debug_macro   0x00000000000060a9      0x946 /home/thesis/Desktop/optee_rpi3bplus/optee_os/out/arm/export-ta_arm64/lib/libutils.a(snprintf.o)
 .debug_macro   0x00000000000069ef       0x57 /home/thesis/Desktop/optee_rpi3bplus/optee_os/out/arm/export-ta_arm64/lib/libutils.a(memcpy.o)
 .debug_macro   0x0000000000006a46      0x946 /home/thesis/Desktop/optee_rpi3bplus/optee_os/out/arm/export-ta_arm64/lib/libutils.a(memcpy.o)
 .debug_macro   0x000000000000738c       0x7c /home/thesis/Desktop/optee_rpi3bplus/optee_os/out/arm/export-ta_arm64/lib/libutils.a(memcpy.o)
 .debug_macro   0x0000000000007408       0x51 /home/thesis/Desktop/optee_rpi3bplus/optee_os/out/arm/export-ta_arm64/lib/libutils.a(memset.o)
 .debug_macro   0x0000000000007459      0x946 /home/thesis/Desktop/optee_rpi3bplus/optee_os/out/arm/export-ta_arm64/lib/libutils.a(memset.o)
 .debug_macro   0x0000000000007d9f       0x5a /home/thesis/Desktop/optee_rpi3bplus/optee_os/out/arm/export-ta_arm64/lib/libutils.a(strlen.o)
 .debug_macro   0x0000000000007df9      0x946 /home/thesis/Desktop/optee_rpi3bplus/optee_os/out/arm/export-ta_arm64/lib/libutils.a(strlen.o)
 .debug_macro   0x000000000000873f      0x134 /home/thesis/Desktop/optee_rpi3bplus/optee_os/out/arm/export-ta_arm64/lib/libutils.a(snprintk.o)
 .debug_macro   0x0000000000008873      0x946 /home/thesis/Desktop/optee_rpi3bplus/optee_os/out/arm/export-ta_arm64/lib/libutils.a(snprintk.o)
 .debug_macro   0x00000000000091b9       0x66 /home/thesis/Desktop/optee_rpi3bplus/optee_os/out/arm/export-ta_arm64/lib/libutils.a(memchr.o)
 .debug_macro   0x000000000000921f      0x946 /home/thesis/Desktop/optee_rpi3bplus/optee_os/out/arm/export-ta_arm64/lib/libutils.a(memchr.o)
 .debug_macro   0x0000000000009b65       0xf1 /home/thesis/Desktop/optee_rpi3bplus/optee_os/out/arm/export-ta_arm64/lib/libutee.a(trace_ext.o)
 .debug_macro   0x0000000000009c56      0x946 /home/thesis/Desktop/optee_rpi3bplus/optee_os/out/arm/export-ta_arm64/lib/libutee.a(trace_ext.o)
 .debug_macro   0x000000000000a59c       0xca /home/thesis/Desktop/optee_rpi3bplus/optee_os/out/arm/export-ta_arm64/lib/libutee.a(trace_ext.o)
 .debug_macro   0x000000000000a666      0x106 /home/thesis/Desktop/optee_rpi3bplus/optee_os/out/arm/export-ta_arm64/lib/libutee.a(assert.o)
 .debug_macro   0x000000000000a76c      0x946 /home/thesis/Desktop/optee_rpi3bplus/optee_os/out/arm/export-ta_arm64/lib/libutee.a(assert.o)
 .debug_macro   0x000000000000b0b2       0x10 /home/thesis/Desktop/optee_rpi3bplus/optee_os/out/arm/export-ta_arm64/lib/libutee.a(assert.o)
 .debug_macro   0x000000000000b0c2      0x17d /home/thesis/Desktop/optee_rpi3bplus/optee_os/out/arm/export-ta_arm64/lib/libutee.a(tee_api.o)
 .debug_macro   0x000000000000b23f      0x946 /home/thesis/Desktop/optee_rpi3bplus/optee_os/out/arm/export-ta_arm64/lib/libutee.a(tee_api.o)
 .debug_macro   0x000000000000bb85       0xb4 /home/thesis/Desktop/optee_rpi3bplus/optee_os/out/arm/export-ta_arm64/lib/libutee.a(tee_api_panic.o)
 .debug_macro   0x000000000000bc39      0x946 /home/thesis/Desktop/optee_rpi3bplus/optee_os/out/arm/export-ta_arm64/lib/libutee.a(tee_api_panic.o)
 .debug_macro   0x000000000000c57f      0x18e /home/thesis/Desktop/optee_rpi3bplus/optee_os/out/arm/export-ta_arm64/lib/libutee.a(user_ta_entry.o)
 .debug_macro   0x000000000000c70d      0x946 /home/thesis/Desktop/optee_rpi3bplus/optee_os/out/arm/export-ta_arm64/lib/libutee.a(user_ta_entry.o)
 .debug_macro   0x000000000000d053      0x2d4 /home/thesis/Desktop/optee_rpi3bplus/optee_os/out/arm/export-ta_arm64/lib/libutee.a(user_ta_entry.o)
 .debug_macro   0x000000000000d327       0x34 /home/thesis/Desktop/optee_rpi3bplus/optee_os/out/arm/export-ta_arm64/lib/libutee.a(user_ta_entry.o)
 .debug_macro   0x000000000000d35b      0x1a2 /home/thesis/Desktop/optee_rpi3bplus/optee_os/out/arm/export-ta_arm64/lib/libutee.a(tee_api_arith_mpi.o)
 .debug_macro   0x000000000000d4fd      0x946 /home/thesis/Desktop/optee_rpi3bplus/optee_os/out/arm/export-ta_arm64/lib/libutee.a(tee_api_arith_mpi.o)
 .debug_macro   0x000000000000de43      0x11e /home/thesis/Desktop/optee_rpi3bplus/optee_os/out/arm/export-ta_arm64/lib/libutee.a(tee_api_arith_mpi.o)
 .debug_macro   0x000000000000df61       0x79 /home/thesis/Desktop/optee_rpi3bplus/optee_os/out/arm/export-ta_arm64/lib/libutee.a(tee_api_arith_mpi.o)
 .debug_macro   0x000000000000dfda      0x1b0 /home/thesis/Desktop/optee_rpi3bplus/optee_os/out/arm/export-ta_arm64/lib/libutee.a(tee_api_arith_mpi.o)
 .debug_macro   0x000000000000e18a      0x19e /home/thesis/Desktop/optee_rpi3bplus/optee_os/out/arm/export-ta_arm64/lib/libmbedtls.a(bignum.o)
 .debug_macro   0x000000000000e328      0x946 /home/thesis/Desktop/optee_rpi3bplus/optee_os/out/arm/export-ta_arm64/lib/libmbedtls.a(bignum.o)
 .debug_macro   0x000000000000ec6e       0x19 /home/thesis/Desktop/optee_rpi3bplus/optee_os/out/arm/export-ta_arm64/lib/libmbedtls.a(bignum.o)
 .debug_macro   0x000000000000ec87       0x1c /home/thesis/Desktop/optee_rpi3bplus/optee_os/out/arm/export-ta_arm64/lib/libmbedtls.a(bignum.o)
 .debug_macro   0x000000000000eca3       0x10 /home/thesis/Desktop/optee_rpi3bplus/optee_os/out/arm/export-ta_arm64/lib/libmbedtls.a(bignum.o)
 .debug_macro   0x000000000000ecb3      0x14e /home/thesis/Desktop/optee_rpi3bplus/optee_os/out/arm/export-ta_arm64/lib/libmbedtls.a(platform_util.o)
 .debug_macro   0x000000000000ee01      0x946 /home/thesis/Desktop/optee_rpi3bplus/optee_os/out/arm/export-ta_arm64/lib/libmbedtls.a(platform_util.o)
 .debug_macro   0x000000000000f747       0x10 /home/thesis/Desktop/optee_rpi3bplus/optee_os/out/arm/export-ta_arm64/lib/libmbedtls.a(platform_util.o)
 .debug_macro   0x000000000000f757       0x72 /home/thesis/Desktop/optee_rpi3bplus/optee_os/out/arm/export-ta_arm64/lib/libmbedtls.a(platform_util.o)
 .debug_macro   0x000000000000f7c9       0x16 /home/thesis/Desktop/optee_rpi3bplus/optee_os/out/arm/export-ta_arm64/lib/libmbedtls.a(platform_util.o)
 .debug_macro   0x000000000000f7df       0x64 /home/thesis/Desktop/optee_rpi3bplus/optee_os/out/arm/export-ta_arm64/lib/libutils.a(memmove.o)
 .debug_macro   0x000000000000f843      0x946 /home/thesis/Desktop/optee_rpi3bplus/optee_os/out/arm/export-ta_arm64/lib/libutils.a(memmove.o)
 .debug_macro   0x0000000000010189       0xd6 /home/thesis/Desktop/optee_rpi3bplus/optee_os/out/arm/export-ta_arm64/lib/libutils.a(trace.o)
 .debug_macro   0x000000000001025f      0x946 /home/thesis/Desktop/optee_rpi3bplus/optee_os/out/arm/export-ta_arm64/lib/libutils.a(trace.o)
 .debug_macro   0x0000000000010ba5       0xe4 /home/thesis/Desktop/optee_rpi3bplus/optee_os/out/arm/export-ta_arm64/lib/libutils.a(mempool.o)
 .debug_macro   0x0000000000010c89      0x946 /home/thesis/Desktop/optee_rpi3bplus/optee_os/out/arm/export-ta_arm64/lib/libutils.a(mempool.o)
 .debug_macro   0x00000000000115cf       0x3f /home/thesis/Desktop/optee_rpi3bplus/optee_os/out/arm/export-ta_arm64/lib/libutils.a(consttime_memcmp.o)
 .debug_macro   0x000000000001160e      0x946 /home/thesis/Desktop/optee_rpi3bplus/optee_os/out/arm/export-ta_arm64/lib/libutils.a(consttime_memcmp.o)

.debug_line     0x0000000000000000     0xa3af
 .debug_line    0x0000000000000000      0x54b ./../../../../../../home/thesis/Desktop/trusted_data_store/ta/tds_ta_to_ta_entry.o
 .debug_line    0x000000000000054b      0x413 ./../../../../../../home/thesis/Desktop/secure_nfc/ta/snfc_ta_to_ta_entry.o
 .debug_line    0x000000000000095e      0x22d ./../common/hce.o
 .debug_line    0x0000000000000b8b      0x5e2 ./trusted_hce.o
 .debug_line    0x000000000000116d      0x3c2 ./trusted_hce_ta.o
 .debug_line    0x000000000000152f      0x2e0 ./user_ta_header.o
 .debug_line    0x000000000000180f      0xe78 /home/thesis/Desktop/optee_rpi3bplus/optee_os/out/arm/export-ta_arm64/lib/libutils.a(bget_malloc.o)
 .debug_line    0x0000000000002687      0x19d /home/thesis/Desktop/optee_rpi3bplus/optee_os/out/arm/export-ta_arm64/lib/libutils.a(snprintf.o)
 .debug_line    0x0000000000002824      0x162 /home/thesis/Desktop/optee_rpi3bplus/optee_os/out/arm/export-ta_arm64/lib/libutils.a(memcpy.o)
 .debug_line    0x0000000000002986      0x15b /home/thesis/Desktop/optee_rpi3bplus/optee_os/out/arm/export-ta_arm64/lib/libutils.a(memset.o)
 .debug_line    0x0000000000002ae1      0x16d /home/thesis/Desktop/optee_rpi3bplus/optee_os/out/arm/export-ta_arm64/lib/libutils.a(strlen.o)
 .debug_line    0x0000000000002c4e      0x8c3 /home/thesis/Desktop/optee_rpi3bplus/optee_os/out/arm/export-ta_arm64/lib/libutils.a(snprintk.o)
 .debug_line    0x0000000000003511      0x17b /home/thesis/Desktop/optee_rpi3bplus/optee_os/out/arm/export-ta_arm64/lib/libutils.a(memchr.o)
 .debug_line    0x000000000000368c      0x2ec /home/thesis/Desktop/optee_rpi3bplus/optee_os/out/arm/export-ta_arm64/lib/libutee.a(trace_ext.o)
 .debug_line    0x0000000000003978      0x29d /home/thesis/Desktop/optee_rpi3bplus/optee_os/out/arm/export-ta_arm64/lib/libutee.a(assert.o)
 .debug_line    0x0000000000003c15      0x733 /home/thesis/Desktop/optee_rpi3bplus/optee_os/out/arm/export-ta_arm64/lib/libutee.a(tee_api.o)
 .debug_line    0x0000000000004348      0x1e6 /home/thesis/Desktop/optee_rpi3bplus/optee_os/out/arm/export-ta_arm64/lib/libutee.a(tee_api_panic.o)
 .debug_line    0x000000000000452e      0x5ed /home/thesis/Desktop/optee_rpi3bplus/optee_os/out/arm/export-ta_arm64/lib/libutee.a(user_ta_entry.o)
 .debug_line    0x0000000000004b1b      0x528 /home/thesis/Desktop/optee_rpi3bplus/optee_os/out/arm/export-ta_arm64/lib/libutee.a(utee_syscalls_a64.o)
 .debug_line    0x0000000000005043     0x1467 /home/thesis/Desktop/optee_rpi3bplus/optee_os/out/arm/export-ta_arm64/lib/libutee.a(tee_api_arith_mpi.o)
 .debug_line    0x00000000000064aa     0x3180 /home/thesis/Desktop/optee_rpi3bplus/optee_os/out/arm/export-ta_arm64/lib/libmbedtls.a(bignum.o)
 .debug_line    0x000000000000962a      0x29e /home/thesis/Desktop/optee_rpi3bplus/optee_os/out/arm/export-ta_arm64/lib/libmbedtls.a(platform_util.o)
 .debug_line    0x00000000000098c8      0x19c /home/thesis/Desktop/optee_rpi3bplus/optee_os/out/arm/export-ta_arm64/lib/libutils.a(memmove.o)
 .debug_line    0x0000000000009a64      0x397 /home/thesis/Desktop/optee_rpi3bplus/optee_os/out/arm/export-ta_arm64/lib/libutils.a(trace.o)
 .debug_line    0x0000000000009dfb      0x3af /home/thesis/Desktop/optee_rpi3bplus/optee_os/out/arm/export-ta_arm64/lib/libutils.a(mempool.o)
 .debug_line    0x000000000000a1aa      0x205 /home/thesis/Desktop/optee_rpi3bplus/optee_os/out/arm/export-ta_arm64/lib/libutils.a(consttime_memcmp.o)

.debug_str      0x0000000000000000    0x119bb
 .debug_str     0x0000000000000000     0x7fee ./../../../../../../home/thesis/Desktop/trusted_data_store/ta/tds_ta_to_ta_entry.o
                                       0x8184 (size before relaxing)
 .debug_str     0x0000000000007fee      0x293 ./../../../../../../home/thesis/Desktop/secure_nfc/ta/snfc_ta_to_ta_entry.o
                                       0x81e7 (size before relaxing)
 .debug_str     0x0000000000008281      0x107 ./../common/hce.o
                                       0x3926 (size before relaxing)
 .debug_str     0x0000000000008388      0x2bc ./trusted_hce.o
                                       0x827d (size before relaxing)
 .debug_str     0x0000000000008644      0x1c1 ./trusted_hce_ta.o
                                       0x8016 (size before relaxing)
 .debug_str     0x0000000000008805      0xd24 ./user_ta_header.o
                                       0x8c14 (size before relaxing)
 .debug_str     0x0000000000009529     0x14d0 /home/thesis/Desktop/optee_rpi3bplus/optee_os/out/arm/export-ta_arm64/lib/libutils.a(bget_malloc.o)
                                       0x6375 (size before relaxing)
 .debug_str     0x000000000000a9f9       0xa0 /home/thesis/Desktop/optee_rpi3bplus/optee_os/out/arm/export-ta_arm64/lib/libutils.a(snprintf.o)
                                       0x3eaf (size before relaxing)
 .debug_str     0x000000000000aa99      0x31d /home/thesis/Desktop/optee_rpi3bplus/optee_os/out/arm/export-ta_arm64/lib/libutils.a(memcpy.o)
                                       0x3f71 (size before relaxing)
 .debug_str     0x000000000000adb6       0xb8 /home/thesis/Desktop/optee_rpi3bplus/optee_os/out/arm/export-ta_arm64/lib/libutils.a(memset.o)
                                       0x3f0e (size before relaxing)
 .debug_str     0x000000000000ae6e       0x9a /home/thesis/Desktop/optee_rpi3bplus/optee_os/out/arm/export-ta_arm64/lib/libutils.a(strlen.o)
                                       0x4119 (size before relaxing)
 .debug_str     0x000000000000af08      0x5a4 /home/thesis/Desktop/optee_rpi3bplus/optee_os/out/arm/export-ta_arm64/lib/libutils.a(snprintk.o)
                                       0x4be4 (size before relaxing)
 .debug_str     0x000000000000b4ac       0xb6 /home/thesis/Desktop/optee_rpi3bplus/optee_os/out/arm/export-ta_arm64/lib/libutils.a(memchr.o)
                                       0x417c (size before relaxing)
 .debug_str     0x000000000000b562       0x94 /home/thesis/Desktop/optee_rpi3bplus/optee_os/out/arm/export-ta_arm64/lib/libutee.a(trace_ext.o)
                                       0x8e0b (size before relaxing)
 .debug_str     0x000000000000b5f6       0x58 /home/thesis/Desktop/optee_rpi3bplus/optee_os/out/arm/export-ta_arm64/lib/libutee.a(assert.o)
                                       0x8c62 (size before relaxing)
 .debug_str     0x000000000000b64e      0x3e8 /home/thesis/Desktop/optee_rpi3bplus/optee_os/out/arm/export-ta_arm64/lib/libutee.a(tee_api.o)
                                       0x9dcb (size before relaxing)
 .debug_str     0x000000000000ba36       0x4e /home/thesis/Desktop/optee_rpi3bplus/optee_os/out/arm/export-ta_arm64/lib/libutee.a(tee_api_panic.o)
                                       0x84d2 (size before relaxing)
 .debug_str     0x000000000000ba84     0x3579 /home/thesis/Desktop/optee_rpi3bplus/optee_os/out/arm/export-ta_arm64/lib/libutee.a(user_ta_entry.o)
                                       0xd01f (size before relaxing)
 .debug_str     0x000000000000effd       0x37 /home/thesis/Desktop/optee_rpi3bplus/optee_os/out/arm/export-ta_arm64/lib/libutee.a(utee_syscalls_a64.o)
                                         0x65 (size before relaxing)
 .debug_str     0x000000000000f034     0x1b3a /home/thesis/Desktop/optee_rpi3bplus/optee_os/out/arm/export-ta_arm64/lib/libutee.a(tee_api_arith_mpi.o)
                                       0xab7f (size before relaxing)
 .debug_str     0x0000000000010b6e      0x83a /home/thesis/Desktop/optee_rpi3bplus/optee_os/out/arm/export-ta_arm64/lib/libmbedtls.a(bignum.o)
                                       0x6991 (size before relaxing)
 .debug_str     0x00000000000113a8      0x3ba /home/thesis/Desktop/optee_rpi3bplus/optee_os/out/arm/export-ta_arm64/lib/libmbedtls.a(platform_util.o)
                                       0x58ed (size before relaxing)
 .debug_str     0x0000000000011762       0x5b /home/thesis/Desktop/optee_rpi3bplus/optee_os/out/arm/export-ta_arm64/lib/libutils.a(memmove.o)
                                       0x4158 (size before relaxing)
 .debug_str     0x00000000000117bd       0xaf /home/thesis/Desktop/optee_rpi3bplus/optee_os/out/arm/export-ta_arm64/lib/libutils.a(trace.o)
                                       0x5b9a (size before relaxing)
 .debug_str     0x000000000001186c       0xe7 /home/thesis/Desktop/optee_rpi3bplus/optee_os/out/arm/export-ta_arm64/lib/libutils.a(mempool.o)
                                       0x5c5d (size before relaxing)
 .debug_str     0x0000000000011953       0x68 /home/thesis/Desktop/optee_rpi3bplus/optee_os/out/arm/export-ta_arm64/lib/libutils.a(consttime_memcmp.o)
                                       0x3f1a (size before relaxing)

.comment        0x0000000000000000       0x55
 .comment       0x0000000000000000       0x55 ./../../../../../../home/thesis/Desktop/trusted_data_store/ta/tds_ta_to_ta_entry.o
                                         0x56 (size before relaxing)
 .comment       0x0000000000000055       0x56 ./../../../../../../home/thesis/Desktop/secure_nfc/ta/snfc_ta_to_ta_entry.o
 .comment       0x0000000000000055       0x56 ./../common/hce.o
 .comment       0x0000000000000055       0x56 ./trusted_hce.o
 .comment       0x0000000000000055       0x56 ./trusted_hce_ta.o
 .comment       0x0000000000000055       0x56 ./user_ta_header.o
 .comment       0x0000000000000055       0x56 /home/thesis/Desktop/optee_rpi3bplus/optee_os/out/arm/export-ta_arm64/lib/libutils.a(bget_malloc.o)
 .comment       0x0000000000000055       0x56 /home/thesis/Desktop/optee_rpi3bplus/optee_os/out/arm/export-ta_arm64/lib/libutils.a(snprintf.o)
 .comment       0x0000000000000055       0x56 /home/thesis/Desktop/optee_rpi3bplus/optee_os/out/arm/export-ta_arm64/lib/libutils.a(memcpy.o)
 .comment       0x0000000000000055       0x56 /home/thesis/Desktop/optee_rpi3bplus/optee_os/out/arm/export-ta_arm64/lib/libutils.a(memset.o)
 .comment       0x0000000000000055       0x56 /home/thesis/Desktop/optee_rpi3bplus/optee_os/out/arm/export-ta_arm64/lib/libutils.a(strlen.o)
 .comment       0x0000000000000055       0x56 /home/thesis/Desktop/optee_rpi3bplus/optee_os/out/arm/export-ta_arm64/lib/libutils.a(snprintk.o)
 .comment       0x0000000000000055       0x56 /home/thesis/Desktop/optee_rpi3bplus/optee_os/out/arm/export-ta_arm64/lib/libutils.a(memchr.o)
 .comment       0x0000000000000055       0x56 /home/thesis/Desktop/optee_rpi3bplus/optee_os/out/arm/export-ta_arm64/lib/libutee.a(trace_ext.o)
 .comment       0x0000000000000055       0x56 /home/thesis/Desktop/optee_rpi3bplus/optee_os/out/arm/export-ta_arm64/lib/libutee.a(assert.o)
 .comment       0x0000000000000055       0x56 /home/thesis/Desktop/optee_rpi3bplus/optee_os/out/arm/export-ta_arm64/lib/libutee.a(tee_api.o)
 .comment       0x0000000000000055       0x56 /home/thesis/Desktop/optee_rpi3bplus/optee_os/out/arm/export-ta_arm64/lib/libutee.a(tee_api_panic.o)
 .comment       0x0000000000000055       0x56 /home/thesis/Desktop/optee_rpi3bplus/optee_os/out/arm/export-ta_arm64/lib/libutee.a(user_ta_entry.o)
 .comment       0x0000000000000055       0x56 /home/thesis/Desktop/optee_rpi3bplus/optee_os/out/arm/export-ta_arm64/lib/libutee.a(tee_api_arith_mpi.o)
 .comment       0x0000000000000055       0x56 /home/thesis/Desktop/optee_rpi3bplus/optee_os/out/arm/export-ta_arm64/lib/libmbedtls.a(bignum.o)
 .comment       0x0000000000000055       0x56 /home/thesis/Desktop/optee_rpi3bplus/optee_os/out/arm/export-ta_arm64/lib/libmbedtls.a(platform_util.o)
 .comment       0x0000000000000055       0x56 /home/thesis/Desktop/optee_rpi3bplus/optee_os/out/arm/export-ta_arm64/lib/libutils.a(memmove.o)
 .comment       0x0000000000000055       0x56 /home/thesis/Desktop/optee_rpi3bplus/optee_os/out/arm/export-ta_arm64/lib/libutils.a(trace.o)
 .comment       0x0000000000000055       0x56 /home/thesis/Desktop/optee_rpi3bplus/optee_os/out/arm/export-ta_arm64/lib/libutils.a(mempool.o)
 .comment       0x0000000000000055       0x56 /home/thesis/Desktop/optee_rpi3bplus/optee_os/out/arm/export-ta_arm64/lib/libutils.a(consttime_memcmp.o)

.note.GNU-stack
                0x0000000000000000        0x0
 .note.GNU-stack
                0x0000000000000000        0x0 ./../../../../../../home/thesis/Desktop/trusted_data_store/ta/tds_ta_to_ta_entry.o
 .note.GNU-stack
                0x0000000000000000        0x0 ./../../../../../../home/thesis/Desktop/secure_nfc/ta/snfc_ta_to_ta_entry.o
 .note.GNU-stack
                0x0000000000000000        0x0 ./../common/hce.o
 .note.GNU-stack
                0x0000000000000000        0x0 ./trusted_hce.o
 .note.GNU-stack
                0x0000000000000000        0x0 ./trusted_hce_ta.o
 .note.GNU-stack
                0x0000000000000000        0x0 ./user_ta_header.o
 .note.GNU-stack
                0x0000000000000000        0x0 /home/thesis/Desktop/optee_rpi3bplus/optee_os/out/arm/export-ta_arm64/lib/libutils.a(bget_malloc.o)
 .note.GNU-stack
                0x0000000000000000        0x0 /home/thesis/Desktop/optee_rpi3bplus/optee_os/out/arm/export-ta_arm64/lib/libutils.a(snprintf.o)
 .note.GNU-stack
                0x0000000000000000        0x0 /home/thesis/Desktop/optee_rpi3bplus/optee_os/out/arm/export-ta_arm64/lib/libutils.a(memcpy.o)
 .note.GNU-stack
                0x0000000000000000        0x0 /home/thesis/Desktop/optee_rpi3bplus/optee_os/out/arm/export-ta_arm64/lib/libutils.a(memset.o)
 .note.GNU-stack
                0x0000000000000000        0x0 /home/thesis/Desktop/optee_rpi3bplus/optee_os/out/arm/export-ta_arm64/lib/libutils.a(strlen.o)
 .note.GNU-stack
                0x0000000000000000        0x0 /home/thesis/Desktop/optee_rpi3bplus/optee_os/out/arm/export-ta_arm64/lib/libutils.a(snprintk.o)
 .note.GNU-stack
                0x0000000000000000        0x0 /home/thesis/Desktop/optee_rpi3bplus/optee_os/out/arm/export-ta_arm64/lib/libutils.a(memchr.o)
 .note.GNU-stack
                0x0000000000000000        0x0 /home/thesis/Desktop/optee_rpi3bplus/optee_os/out/arm/export-ta_arm64/lib/libutee.a(trace_ext.o)
 .note.GNU-stack
                0x0000000000000000        0x0 /home/thesis/Desktop/optee_rpi3bplus/optee_os/out/arm/export-ta_arm64/lib/libutee.a(assert.o)
 .note.GNU-stack
                0x0000000000000000        0x0 /home/thesis/Desktop/optee_rpi3bplus/optee_os/out/arm/export-ta_arm64/lib/libutee.a(tee_api.o)
 .note.GNU-stack
                0x0000000000000000        0x0 /home/thesis/Desktop/optee_rpi3bplus/optee_os/out/arm/export-ta_arm64/lib/libutee.a(tee_api_panic.o)
 .note.GNU-stack
                0x0000000000000000        0x0 /home/thesis/Desktop/optee_rpi3bplus/optee_os/out/arm/export-ta_arm64/lib/libutee.a(user_ta_entry.o)
 .note.GNU-stack
                0x0000000000000000        0x0 /home/thesis/Desktop/optee_rpi3bplus/optee_os/out/arm/export-ta_arm64/lib/libutee.a(tee_api_arith_mpi.o)
 .note.GNU-stack